203.0.113.55 - - [27/Feb/2026:09:00:30 -0800] "GET /images/banner.jpg HTTP/1.1" 200 3511 "https://intranet.example.local/" "Mozilla/5.0 (iPhone; CPU iPhone OS 18_2 like Mac OS X) AppleWebKit/605.1.15 (KHTML, like Gecko) Version/18.0 Mobile/15E148 Safari/604.1"
198.51.100.19 - - [27/Feb/2026:09:00:39 -0800] "POST /contact HTTP/1.1" 304 1007 "https://app.example.com/login" "Mozilla/5.0 (iPhone; CPU iPhone OS 18_2 like Mac OS X) AppleWebKit/605.1.15 (KHTML, like Gecko) Version/18.0 Mobile/15E148 Safari/604.1"
203.0.113.10 - - [27/Feb/2026:09:00:40 -0800] "GET /home HTTP/1.1" 200 846 "https://app.example.com/login" "Mozilla/5.0 (X11; Linux x86_64) AppleWebKit/537.36 (KHTML, like Gecko) Chrome/144.0.0.0 Safari/537.36"
192.0.2.17 - - [27/Feb/2026:09:00:44 -0800] "GET / HTTP/1.1" 404 3187 "https://app.example.com/login" "Mozilla/5.0 (Windows NT 10.0; Win64; x64; rv:136.0) Gecko/20100101 Firefox/136.0"
203.0.113.57 - - [27/Feb/2026:09:00:46 -0800] "GET /images/logo.png HTTP/1.1" 301 661 "https://www.google.com/" "Mozilla/5.0 (iPhone; CPU iPhone OS 18_2 like Mac OS X) AppleWebKit/605.1.15 (KHTML, like Gecko) Version/18.0 Mobile/15E148 Safari/604.1"
203.0.113.14 - - [27/Feb/2026:09:01:06 -0800] "POST /home HTTP/1.1" 301 1330 "https://intranet.example.local/" "Mozilla/5.0 (X11; Linux x86_64) AppleWebKit/537.36 (KHTML, like Gecko) Chrome/144.0.0.0 Safari/537.36"
198.51.100.20 - - [27/Feb/2026:09:01:11 -0800] "GET /about HTTP/1.1" 200 2850 "https://intranet.example.local/" "Mozilla/5.0 (Macintosh; Intel Mac OS X 10_15_7) AppleWebKit/605.1.15 (KHTML, like Gecko) Version/18.0 Safari/605.1.15"
198.51.100.19 - - [27/Feb/2026:09:01:20 -0800] "GET /dashboard HTTP/1.1" 200 2381 "https://www.google.com/" "Mozilla/5.0 (Macintosh; Intel Mac OS X 10_15_7) AppleWebKit/605.1.15 (KHTML, like Gecko) Version/18.0 Safari/605.1.15"
192.0.2.16 - - [27/Feb/2026:09:01:55 -0800] "GET /images/logo.png HTTP/1.1" 302 589 "https://app.example.com/dashboard" "Mozilla/5.0 (Macintosh; Intel Mac OS X 10_15_7) AppleWebKit/605.1.15 (KHTML, like Gecko) Version/18.0 Safari/605.1.15"
203.0.113.13 - - [27/Feb/2026:09:02:30 -0800] "GET /health HTTP/1.1" 200 4487 "https://www.google.com/" "Mozilla/5.0 (Windows NT 10.0; Win64; x64; rv:136.0) Gecko/20100101 Firefox/136.0"
198.51.100.20 - - [27/Feb/2026:09:02:31 -0800] "GET /contact HTTP/1.1" 304 373 "https://app.example.com/home" "Mozilla/5.0 (Windows NT 10.0; Win64; x64) AppleWebKit/537.36 (KHTML, like Gecko) Chrome/145.0.0.0 Safari/537.36"
198.51.100.19 - - [27/Feb/2026:09:02:49 -0800] "GET / HTTP/1.1" 304 537 "https://app.example.com/dashboard" "Mozilla/5.0 (iPhone; CPU iPhone OS 18_2 like Mac OS X) AppleWebKit/605.1.15 (KHTML, like Gecko) Version/18.0 Mobile/15E148 Safari/604.1"
203.0.113.199 - - [27/Feb/2026:09:03:01 -0800] "GET /backup.zip HTTP/1.1" 403 370 "-" "Mozilla/5.0 (compatible; Nmap Scripting Engine; https://nmap.org/book/nse.html)"
203.0.113.13 - - [27/Feb/2026:09:03:05 -0800] "GET /products HTTP/1.1" 200 1739 "https://app.example.com/login" "Mozilla/5.0 (X11; Linux x86_64) AppleWebKit/537.36 (KHTML, like Gecko) Chrome/144.0.0.0 Safari/537.36"
192.0.2.15 - - [27/Feb/2026:09:03:10 -0800] "GET /images/logo.png HTTP/1.1" 200 600 "https://intranet.example.local/" "Mozilla/5.0 (iPhone; CPU iPhone OS 18_2 like Mac OS X) AppleWebKit/605.1.15 (KHTML, like Gecko) Version/18.0 Mobile/15E148 Safari/604.1"
192.0.2.17 - - [27/Feb/2026:09:03:34 -0800] "GET / HTTP/1.1" 304 811 "https://app.example.com/dashboard" "Mozilla/5.0 (Windows NT 10.0; Win64; x64; rv:136.0) Gecko/20100101 Firefox/136.0"
203.0.113.199 - - [27/Feb/2026:09:03:40 -0800] "GET /backup.zip HTTP/1.1" 403 147 "-" "Mozilla/5.0 (compatible; Nmap Scripting Engine; https://nmap.org/book/nse.html)"
203.0.113.55 - - [27/Feb/2026:09:04:11 -0800] "GET / HTTP/1.1" 200 1295 "https://app.example.com/home" "Mozilla/5.0 (Macintosh; Intel Mac OS X 10_15_7) AppleWebKit/605.1.15 (KHTML, like Gecko) Version/18.0 Safari/605.1.15"
192.0.2.16 - - [27/Feb/2026:09:04:12 -0800] "GET /docs HTTP/1.1" 200 1469 "https://app.example.com/login" "Mozilla/5.0 (Windows NT 10.0; Win64; x64) AppleWebKit/537.36 (KHTML, like Gecko) Chrome/145.0.0.0 Safari/537.36"
192.0.2.16 - - [27/Feb/2026:09:04:31 -0800] "GET /contact HTTP/1.1" 200 4251 "https://app.example.com/login" "Mozilla/5.0 (X11; Linux x86_64) AppleWebKit/537.36 (KHTML, like Gecko) Chrome/144.0.0.0 Safari/537.36"
203.0.113.11 - - [27/Feb/2026:09:04:34 -0800] "GET /api/v1/export HTTP/1.1" 200 72638327 "https://app.example.com/dashboard" "Mozilla/5.0 (iPhone; CPU iPhone OS 18_2 like Mac OS X) AppleWebKit/605.1.15 (KHTML, like Gecko) Version/18.0 Mobile/15E148 Safari/604.1"
203.0.113.12 - - [27/Feb/2026:09:04:45 -0800] "POST /dashboard HTTP/1.1" 200 942 "https://app.example.com/dashboard" "Mozilla/5.0 (Macintosh; Intel Mac OS X 10_15_7) AppleWebKit/605.1.15 (KHTML, like Gecko) Version/18.0 Safari/605.1.15"
203.0.113.12 - - [27/Feb/2026:09:05:10 -0800] "GET /js/app.js HTTP/1.1" 302 3743 "-" "Mozilla/5.0 (X11; Linux x86_64) AppleWebKit/537.36 (KHTML, like Gecko) Chrome/144.0.0.0 Safari/537.36"
192.0.2.16 - - [27/Feb/2026:09:05:26 -0800] "GET /contact HTTP/1.1" 302 952 "-" "Mozilla/5.0 (Windows NT 10.0; Win64; x64; rv:136.0) Gecko/20100101 Firefox/136.0"
198.51.100.21 - - [27/Feb/2026:09:05:45 -0800] "POST /search?q=agentic+soc HTTP/1.1" 200 1258 "https://app.example.com/home" "Mozilla/5.0 (Windows NT 10.0; Win64; x64; rv:136.0) Gecko/20100101 Firefox/136.0"
203.0.113.56 - - [27/Feb/2026:09:05:47 -0800] "GET /docs HTTP/1.1" 200 2171 "https://app.example.com/home" "Mozilla/5.0 (iPhone; CPU iPhone OS 18_2 like Mac OS X) AppleWebKit/605.1.15 (KHTML, like Gecko) Version/18.0 Mobile/15E148 Safari/604.1"
203.0.113.13 - - [27/Feb/2026:09:06:10 -0800] "POST /home HTTP/1.1" 200 2883 "-" "Mozilla/5.0 (Windows NT 10.0; Win64; x64; rv:136.0) Gecko/20100101 Firefox/136.0"
198.51.100.21 - - [27/Feb/2026:09:06:12 -0800] "GET /dashboard HTTP/1.1" 301 393 "https://intranet.example.local/" "Mozilla/5.0 (Windows NT 10.0; Win64; x64; rv:136.0) Gecko/20100101 Firefox/136.0"
198.51.100.19 - - [27/Feb/2026:09:06:18 -0800] "GET /search?q=agentic+soc HTTP/1.1" 200 1486 "https://intranet.example.local/" "Mozilla/5.0 (Windows NT 10.0; Win64; x64; rv:136.0) Gecko/20100101 Firefox/136.0"
203.0.113.11 - - [27/Feb/2026:09:06:22 -0800] "GET /favicon.ico HTTP/1.1" 200 626 "https://www.google.com/" "Mozilla/5.0 (iPhone; CPU iPhone OS 18_2 like Mac OS X) AppleWebKit/605.1.15 (KHTML, like Gecko) Version/18.0 Mobile/15E148 Safari/604.1"
203.0.113.13 - - [27/Feb/2026:09:06:50 -0800] "POST /home HTTP/1.1" 301 431 "https://www.google.com/" "Mozilla/5.0 (Windows NT 10.0; Win64; x64) AppleWebKit/537.36 (KHTML, like Gecko) Chrome/145.0.0.0 Safari/537.36"
203.0.113.55 - - [27/Feb/2026:09:06:59 -0800] "GET /status HTTP/1.1" 200 691 "https://app.example.com/home" "Mozilla/5.0 (X11; Linux x86_64) AppleWebKit/537.36 (KHTML, like Gecko) Chrome/144.0.0.0 Safari/537.36"
198.18.0.23 - - [27/Feb/2026:09:07:03 -0800] "GET /images/banner.jpg HTTP/1.1" 200 1757 "https://app.example.com/dashboard" "Mozilla/5.0 (X11; Linux x86_64) AppleWebKit/537.36 (KHTML, like Gecko) Chrome/144.0.0.0 Safari/537.36"
203.0.113.14 - - [27/Feb/2026:09:07:18 -0800] "GET /products HTTP/1.1" 304 955 "-" "Mozilla/5.0 (Macintosh; Intel Mac OS X 10_15_7) AppleWebKit/605.1.15 (KHTML, like Gecko) Version/18.0 Safari/605.1.15"
203.0.113.55 - - [27/Feb/2026:09:07:55 -0800] "GET /css/app.css HTTP/1.1" 200 2425 "https://intranet.example.local/" "Mozilla/5.0 (Windows NT 10.0; Win64; x64; rv:136.0) Gecko/20100101 Firefox/136.0"
203.0.113.11 - - [27/Feb/2026:09:08:00 -0800] "GET /images/logo.png HTTP/1.1" 304 1880 "https://app.example.com/" "Mozilla/5.0 (X11; Linux x86_64) AppleWebKit/537.36 (KHTML, like Gecko) Chrome/144.0.0.0 Safari/537.36"
198.51.100.42 - - [27/Feb/2026:09:08:07 -0800] "GET /dashboard HTTP/1.1" 200 4821 "-" "curl/8.7.1"
203.0.113.11 - - [27/Feb/2026:09:08:19 -0800] "GET /images/banner.jpg HTTP/1.1" 301 14 "https://app.example.com/login" "Mozilla/5.0 (X11; Linux x86_64) AppleWebKit/537.36 (KHTML, like Gecko) Chrome/144.0.0.0 Safari/537.36"
192.0.2.78 - - [27/Feb/2026:09:08:30 -0800] "GET /admin/backup.sql HTTP/1.1" 404 257 "-" "Mozilla/5.0 (compatible; Nmap Scripting Engine; https://nmap.org/book/nse.html)"
192.0.2.15 - - [27/Feb/2026:09:08:37 -0800] "POST /contact HTTP/1.1" 200 4287 "https://intranet.example.local/" "Mozilla/5.0 (Windows NT 10.0; Win64; x64; rv:136.0) Gecko/20100101 Firefox/136.0"
203.0.113.10 - - [27/Feb/2026:09:08:38 -0800] "POST /contact HTTP/1.1" 200 2858 "https://app.example.com/home" "Mozilla/5.0 (Macintosh; Intel Mac OS X 10_15_7) AppleWebKit/605.1.15 (KHTML, like Gecko) Version/18.0 Safari/605.1.15"
198.51.100.42 - - [27/Feb/2026:09:08:43 -0800] "GET /about HTTP/1.1" 200 1671 "-" "python-requests/2.32.3"
203.0.113.11 - - [27/Feb/2026:09:08:50 -0800] "POST /contact HTTP/1.1" 200 1729 "-" "Mozilla/5.0 (X11; Linux x86_64) AppleWebKit/537.36 (KHTML, like Gecko) Chrome/144.0.0.0 Safari/537.36"
192.0.2.17 - - [27/Feb/2026:09:08:52 -0800] "GET /docs HTTP/1.1" 200 1284 "https://app.example.com/" "Mozilla/5.0 (Windows NT 10.0; Win64; x64) AppleWebKit/537.36 (KHTML, like Gecko) Chrome/145.0.0.0 Safari/537.36"
203.0.113.56 - - [27/Feb/2026:09:09:00 -0800] "GET /images/logo.png HTTP/1.1" 404 2423 "https://www.google.com/" "Mozilla/5.0 (X11; Linux x86_64) AppleWebKit/537.36 (KHTML, like Gecko) Chrome/144.0.0.0 Safari/537.36"
198.51.100.21 - - [27/Feb/2026:09:09:23 -0800] "POST /contact HTTP/1.1" 200 1963 "https://intranet.example.local/" "Mozilla/5.0 (X11; Linux x86_64) AppleWebKit/537.36 (KHTML, like Gecko) Chrome/144.0.0.0 Safari/537.36"
192.0.2.15 - - [27/Feb/2026:09:09:26 -0800] "GET /images/banner.jpg HTTP/1.1" 200 1710 "https://app.example.com/dashboard" "Mozilla/5.0 (Windows NT 10.0; Win64; x64) AppleWebKit/537.36 (KHTML, like Gecko) Chrome/145.0.0.0 Safari/537.36"
203.0.113.199 - - [27/Feb/2026:09:09:37 -0800] "GET /.git/config HTTP/1.1" 404 136 "-" "Mozilla/5.0 (compatible; Nmap Scripting Engine; https://nmap.org/book/nse.html)"
203.0.113.13 - - [27/Feb/2026:09:09:47 -0800] "GET /health HTTP/1.1" 200 3905 "https://www.google.com/" "Mozilla/5.0 (Macintosh; Intel Mac OS X 10_15_7) AppleWebKit/605.1.15 (KHTML, like Gecko) Version/18.0 Safari/605.1.15"
203.0.113.56 - - [27/Feb/2026:09:09:55 -0800] "GET /about HTTP/1.1" 302 34 "https://app.example.com/" "Mozilla/5.0 (iPhone; CPU iPhone OS 18_2 like Mac OS X) AppleWebKit/605.1.15 (KHTML, like Gecko) Version/18.0 Mobile/15E148 Safari/604.1"
198.18.0.21 - - [27/Feb/2026:09:09:57 -0800] "GET /favicon.ico HTTP/1.1" 201 1897 "https://app.example.com/" "Mozilla/5.0 (Windows NT 10.0; Win64; x64) AppleWebKit/537.36 (KHTML, like Gecko) Chrome/145.0.0.0 Safari/537.36"
203.0.113.11 - - [27/Feb/2026:09:10:02 -0800] "GET /api/v1/export HTTP/1.1" 200 54358400 "https://app.example.com/dashboard" "Mozilla/5.0 (Macintosh; Intel Mac OS X 10_15_7) AppleWebKit/605.1.15 (KHTML, like Gecko) Version/18.0 Safari/605.1.15"
198.51.100.20 - - [27/Feb/2026:09:10:36 -0800] "GET /about HTTP/1.1" 200 2368 "https://app.example.com/home" "Mozilla/5.0 (Windows NT 10.0; Win64; x64; rv:136.0) Gecko/20100101 Firefox/136.0"
203.0.113.88 - - [27/Feb/2026:09:10:43 -0800] "GET /images/logo.png HTTP/1.1" 200 1759 "-" "Mozilla/5.0 (compatible; ThreatIntelFeed/1.0)"
203.0.113.88 - - [27/Feb/2026:09:10:44 -0800] "GET /docs HTTP/1.1" 200 3386 "-" "curl/8.7.1"
203.0.113.199 - - [27/Feb/2026:09:10:48 -0800] "GET /.git/config HTTP/1.1" 404 333 "-" "Mozilla/5.0 (compatible; Nmap Scripting Engine; https://nmap.org/book/nse.html)"
203.0.113.10 - - [27/Feb/2026:09:10:59 -0800] "GET /contact HTTP/1.1" 404 2558 "https://app.example.com/home" "Mozilla/5.0 (Macintosh; Intel Mac OS X 10_15_7) AppleWebKit/605.1.15 (KHTML, like Gecko) Version/18.0 Safari/605.1.15"
203.0.113.55 - - [27/Feb/2026:09:11:25 -0800] "GET /docs HTTP/1.1" 200 4050 "https://app.example.com/dashboard" "Mozilla/5.0 (Macintosh; Intel Mac OS X 10_15_7) AppleWebKit/605.1.15 (KHTML, like Gecko) Version/18.0 Safari/605.1.15"
198.18.0.21 - - [27/Feb/2026:09:11:31 -0800] "GET /js/app.js HTTP/1.1" 200 1023 "https://intranet.example.local/" "Mozilla/5.0 (X11; Linux x86_64) AppleWebKit/537.36 (KHTML, like Gecko) Chrome/144.0.0.0 Safari/537.36"
198.18.0.23 - - [27/Feb/2026:09:12:18 -0800] "GET /favicon.ico HTTP/1.1" 302 1290 "https://app.example.com/" "Mozilla/5.0 (Macintosh; Intel Mac OS X 10_15_7) AppleWebKit/605.1.15 (KHTML, like Gecko) Version/18.0 Safari/605.1.15"
203.0.113.57 - - [27/Feb/2026:09:12:18 -0800] "GET /health HTTP/1.1" 200 2665 "https://app.example.com/home" "Mozilla/5.0 (X11; Linux x86_64) AppleWebKit/537.36 (KHTML, like Gecko) Chrome/144.0.0.0 Safari/537.36"
203.0.113.12 - - [27/Feb/2026:09:12:29 -0800] "GET /pricing HTTP/1.1" 200 2260 "https://app.example.com/login" "Mozilla/5.0 (Windows NT 10.0; Win64; x64) AppleWebKit/537.36 (KHTML, like Gecko) Chrome/145.0.0.0 Safari/537.36"
203.0.113.56 - - [27/Feb/2026:09:12:30 -0800] "GET /health HTTP/1.1" 204 557 "https://app.example.com/" "Mozilla/5.0 (Windows NT 10.0; Win64; x64; rv:136.0) Gecko/20100101 Firefox/136.0"
198.18.0.22 - - [27/Feb/2026:09:12:34 -0800] "GET /docs HTTP/1.1" 204 1197 "https://app.example.com/" "Mozilla/5.0 (X11; Linux x86_64) AppleWebKit/537.36 (KHTML, like Gecko) Chrome/144.0.0.0 Safari/537.36"
203.0.113.14 - - [27/Feb/2026:09:12:41 -0800] "GET /search?q=agentic+soc HTTP/1.1" 200 2915 "https://app.example.com/dashboard" "Mozilla/5.0 (Macintosh; Intel Mac OS X 10_15_7) AppleWebKit/605.1.15 (KHTML, like Gecko) Version/18.0 Safari/605.1.15"
192.0.2.15 - - [27/Feb/2026:09:12:49 -0800] "GET /search?q=agentic+soc HTTP/1.1" 200 1080 "https://app.example.com/" "Mozilla/5.0 (X11; Linux x86_64) AppleWebKit/537.36 (KHTML, like Gecko) Chrome/144.0.0.0 Safari/537.36"
203.0.113.13 - - [27/Feb/2026:09:12:51 -0800] "GET /health HTTP/1.1" 200 3871 "https://intranet.example.local/" "Mozilla/5.0 (Windows NT 10.0; Win64; x64) AppleWebKit/537.36 (KHTML, like Gecko) Chrome/145.0.0.0 Safari/537.36"
203.0.113.55 - - [27/Feb/2026:09:13:18 -0800] "POST /dashboard HTTP/1.1" 200 1870 "-" "Mozilla/5.0 (iPhone; CPU iPhone OS 18_2 like Mac OS X) AppleWebKit/605.1.15 (KHTML, like Gecko) Version/18.0 Mobile/15E148 Safari/604.1"
203.0.113.56 - - [27/Feb/2026:09:13:40 -0800] "GET /pricing HTTP/1.1" 200 3249 "https://app.example.com/" "Mozilla/5.0 (iPhone; CPU iPhone OS 18_2 like Mac OS X) AppleWebKit/605.1.15 (KHTML, like Gecko) Version/18.0 Mobile/15E148 Safari/604.1"
192.0.2.17 - - [27/Feb/2026:09:13:43 -0800] "POST /contact HTTP/1.1" 201 4255 "https://app.example.com/login" "Mozilla/5.0 (Windows NT 10.0; Win64; x64) AppleWebKit/537.36 (KHTML, like Gecko) Chrome/145.0.0.0 Safari/537.36"
198.51.100.21 - - [27/Feb/2026:09:13:43 -0800] "GET /search?q=agentic+soc HTTP/1.1" 302 400 "https://www.google.com/" "Mozilla/5.0 (Windows NT 10.0; Win64; x64) AppleWebKit/537.36 (KHTML, like Gecko) Chrome/145.0.0.0 Safari/537.36"
203.0.113.55 - - [27/Feb/2026:09:14:01 -0800] "GET /contact HTTP/1.1" 200 4046 "-" "Mozilla/5.0 (Windows NT 10.0; Win64; x64) AppleWebKit/537.36 (KHTML, like Gecko) Chrome/145.0.0.0 Safari/537.36"
192.0.2.15 - - [27/Feb/2026:09:15:02 -0800] "GET /images/logo.png HTTP/1.1" 200 2056 "https://app.example.com/home" "Mozilla/5.0 (X11; Linux x86_64) AppleWebKit/537.36 (KHTML, like Gecko) Chrome/144.0.0.0 Safari/537.36"
192.0.2.15 - - [27/Feb/2026:09:15:08 -0800] "GET /images/banner.jpg HTTP/1.1" 200 2330 "https://app.example.com/" "Mozilla/5.0 (Windows NT 10.0; Win64; x64; rv:136.0) Gecko/20100101 Firefox/136.0"
198.18.0.21 - - [27/Feb/2026:09:15:21 -0800] "GET / HTTP/1.1" 301 416 "https://www.google.com/" "Mozilla/5.0 (Macintosh; Intel Mac OS X 10_15_7) AppleWebKit/605.1.15 (KHTML, like Gecko) Version/18.0 Safari/605.1.15"
203.0.113.57 - - [27/Feb/2026:09:15:38 -0800] "POST /home HTTP/1.1" 301 565 "https://app.example.com/home" "Mozilla/5.0 (iPhone; CPU iPhone OS 18_2 like Mac OS X) AppleWebKit/605.1.15 (KHTML, like Gecko) Version/18.0 Mobile/15E148 Safari/604.1"
203.0.113.10 - - [27/Feb/2026:09:15:58 -0800] "GET /js/app.js HTTP/1.1" 304 3223 "https://intranet.example.local/" "Mozilla/5.0 (Macintosh; Intel Mac OS X 10_15_7) AppleWebKit/605.1.15 (KHTML, like Gecko) Version/18.0 Safari/605.1.15"
198.51.100.20 - - [27/Feb/2026:09:15:59 -0800] "GET /home HTTP/1.1" 200 4675 "https://app.example.com/" "Mozilla/5.0 (Windows NT 10.0; Win64; x64; rv:136.0) Gecko/20100101 Firefox/136.0"
203.0.113.13 - - [27/Feb/2026:09:16:05 -0800] "POST /dashboard HTTP/1.1" 201 1829 "https://app.example.com/dashboard" "Mozilla/5.0 (Macintosh; Intel Mac OS X 10_15_7) AppleWebKit/605.1.15 (KHTML, like Gecko) Version/18.0 Safari/605.1.15"
198.51.100.42 - - [27/Feb/2026:09:16:08 -0800] "GET /home HTTP/1.1" 200 1805 "-" "python-requests/2.32.3"
192.0.2.17 - - [27/Feb/2026:09:16:34 -0800] "POST /dashboard HTTP/1.1" 200 1070 "https://app.example.com/" "Mozilla/5.0 (iPhone; CPU iPhone OS 18_2 like Mac OS X) AppleWebKit/605.1.15 (KHTML, like Gecko) Version/18.0 Mobile/15E148 Safari/604.1"
192.0.2.77 - - [27/Feb/2026:09:16:58 -0800] "GET /wp-config.php HTTP/1.1" 403 221 "-" "Mozilla/5.0 (compatible; Nmap Scripting Engine; https://nmap.org/book/nse.html)"
198.51.100.20 - - [27/Feb/2026:09:17:11 -0800] "GET /pricing HTTP/1.1" 200 2719 "https://intranet.example.local/" "Mozilla/5.0 (Macintosh; Intel Mac OS X 10_15_7) AppleWebKit/605.1.15 (KHTML, like Gecko) Version/18.0 Safari/605.1.15"
198.51.100.19 - - [27/Feb/2026:09:17:13 -0800] "GET /search?q=agentic+soc HTTP/1.1" 200 1186 "https://app.example.com/" "Mozilla/5.0 (Windows NT 10.0; Win64; x64) AppleWebKit/537.36 (KHTML, like Gecko) Chrome/145.0.0.0 Safari/537.36"
203.0.113.88 - - [27/Feb/2026:09:17:25 -0800] "GET /images/logo.png HTTP/1.1" 200 1346 "-" "Mozilla/5.0 (compatible; ThreatIntelFeed/1.0)"
192.0.2.17 - - [27/Feb/2026:09:17:41 -0800] "GET /status HTTP/1.1" 200 2942 "https://app.example.com/home" "Mozilla/5.0 (Windows NT 10.0; Win64; x64) AppleWebKit/537.36 (KHTML, like Gecko) Chrome/145.0.0.0 Safari/537.36"
203.0.113.13 - - [27/Feb/2026:09:18:22 -0800] "GET /health HTTP/1.1" 200 632 "https://app.example.com/" "Mozilla/5.0 (X11; Linux x86_64) AppleWebKit/537.36 (KHTML, like Gecko) Chrome/144.0.0.0 Safari/537.36"
192.0.2.16 - - [27/Feb/2026:09:18:46 -0800] "GET /pricing HTTP/1.1" 301 954 "https://www.google.com/" "Mozilla/5.0 (Windows NT 10.0; Win64; x64; rv:136.0) Gecko/20100101 Firefox/136.0"
203.0.113.57 - - [27/Feb/2026:09:18:48 -0800] "GET /contact HTTP/1.1" 200 1319 "https://app.example.com/login" "Mozilla/5.0 (Macintosh; Intel Mac OS X 10_15_7) AppleWebKit/605.1.15 (KHTML, like Gecko) Version/18.0 Safari/605.1.15"
203.0.113.11 - - [27/Feb/2026:09:18:59 -0800] "GET /products HTTP/1.1" 200 3912 "https://www.google.com/" "Mozilla/5.0 (Macintosh; Intel Mac OS X 10_15_7) AppleWebKit/605.1.15 (KHTML, like Gecko) Version/18.0 Safari/605.1.15"
203.0.113.88 - - [27/Feb/2026:09:19:06 -0800] "GET / HTTP/1.1" 200 1366 "-" "python-requests/2.32.3"
198.51.100.19 - - [27/Feb/2026:09:19:26 -0800] "GET /images/logo.png HTTP/1.1" 302 2325 "https://app.example.com/home" "Mozilla/5.0 (Macintosh; Intel Mac OS X 10_15_7) AppleWebKit/605.1.15 (KHTML, like Gecko) Version/18.0 Safari/605.1.15"
198.51.100.19 - - [27/Feb/2026:09:19:33 -0800] "GET /docs HTTP/1.1" 200 1521 "https://www.google.com/" "Mozilla/5.0 (Macintosh; Intel Mac OS X 10_15_7) AppleWebKit/605.1.15 (KHTML, like Gecko) Version/18.0 Safari/605.1.15"
198.51.100.19 - - [27/Feb/2026:09:20:00 -0800] "GET /about HTTP/1.1" 200 3013 "https://intranet.example.local/" "Mozilla/5.0 (X11; Linux x86_64) AppleWebKit/537.36 (KHTML, like Gecko) Chrome/144.0.0.0 Safari/537.36"
198.51.100.19 - - [27/Feb/2026:09:20:03 -0800] "GET /js/app.js HTTP/1.1" 200 1975 "https://app.example.com/" "Mozilla/5.0 (X11; Linux x86_64) AppleWebKit/537.36 (KHTML, like Gecko) Chrome/144.0.0.0 Safari/537.36"
198.51.100.21 - - [27/Feb/2026:09:20:15 -0800] "GET /contact HTTP/1.1" 200 2610 "https://app.example.com/dashboard" "Mozilla/5.0 (iPhone; CPU iPhone OS 18_2 like Mac OS X) AppleWebKit/605.1.15 (KHTML, like Gecko) Version/18.0 Mobile/15E148 Safari/604.1"
198.18.0.21 - - [27/Feb/2026:09:20:17 -0800] "POST /home HTTP/1.1" 200 1313 "https://app.example.com/home" "Mozilla/5.0 (Macintosh; Intel Mac OS X 10_15_7) AppleWebKit/605.1.15 (KHTML, like Gecko) Version/18.0 Safari/605.1.15"
203.0.113.11 - - [27/Feb/2026:09:20:30 -0800] "POST /contact HTTP/1.1" 200 4837 "-" "Mozilla/5.0 (X11; Linux x86_64) AppleWebKit/537.36 (KHTML, like Gecko) Chrome/144.0.0.0 Safari/537.36"
198.51.100.19 - - [27/Feb/2026:09:21:17 -0800] "GET /pricing HTTP/1.1" 200 916 "https://app.example.com/login" "Mozilla/5.0 (iPhone; CPU iPhone OS 18_2 like Mac OS X) AppleWebKit/605.1.15 (KHTML, like Gecko) Version/18.0 Mobile/15E148 Safari/604.1"
203.0.113.56 - - [27/Feb/2026:09:21:23 -0800] "GET /products HTTP/1.1" 304 611 "https://www.google.com/" "Mozilla/5.0 (Windows NT 10.0; Win64; x64) AppleWebKit/537.36 (KHTML, like Gecko) Chrome/145.0.0.0 Safari/537.36"
192.0.2.15 - - [27/Feb/2026:09:21:24 -0800] "GET /images/logo.png HTTP/1.1" 301 530 "https://www.google.com/" "Mozilla/5.0 (X11; Linux x86_64) AppleWebKit/537.36 (KHTML, like Gecko) Chrome/144.0.0.0 Safari/537.36"
203.0.113.10 - - [27/Feb/2026:09:21:31 -0800] "POST /dashboard HTTP/1.1" 200 3437 "-" "Mozilla/5.0 (Macintosh; Intel Mac OS X 10_15_7) AppleWebKit/605.1.15 (KHTML, like Gecko) Version/18.0 Safari/605.1.15"
203.0.113.56 - - [27/Feb/2026:09:21:57 -0800] "POST /dashboard HTTP/1.1" 200 2578 "https://intranet.example.local/" "Mozilla/5.0 (iPhone; CPU iPhone OS 18_2 like Mac OS X) AppleWebKit/605.1.15 (KHTML, like Gecko) Version/18.0 Mobile/15E148 Safari/604.1"
192.0.2.15 - - [27/Feb/2026:09:22:02 -0800] "GET /images/logo.png HTTP/1.1" 200 603 "-" "Mozilla/5.0 (Windows NT 10.0; Win64; x64) AppleWebKit/537.36 (KHTML, like Gecko) Chrome/145.0.0.0 Safari/537.36"
192.0.2.15 - - [27/Feb/2026:09:22:07 -0800] "GET /health HTTP/1.1" 200 1029 "https://intranet.example.local/" "Mozilla/5.0 (Windows NT 10.0; Win64; x64; rv:136.0) Gecko/20100101 Firefox/136.0"
203.0.113.56 - - [27/Feb/2026:09:22:21 -0800] "GET /favicon.ico HTTP/1.1" 200 2361 "https://www.google.com/" "Mozilla/5.0 (Windows NT 10.0; Win64; x64) AppleWebKit/537.36 (KHTML, like Gecko) Chrome/145.0.0.0 Safari/537.36"
203.0.113.12 - - [27/Feb/2026:09:22:37 -0800] "POST /home HTTP/1.1" 200 3030 "https://app.example.com/login" "Mozilla/5.0 (Macintosh; Intel Mac OS X 10_15_7) AppleWebKit/605.1.15 (KHTML, like Gecko) Version/18.0 Safari/605.1.15"
203.0.113.14 - - [27/Feb/2026:09:22:49 -0800] "GET /status HTTP/1.1" 302 90 "https://app.example.com/home" "Mozilla/5.0 (Macintosh; Intel Mac OS X 10_15_7) AppleWebKit/605.1.15 (KHTML, like Gecko) Version/18.0 Safari/605.1.15"
203.0.113.12 - - [27/Feb/2026:09:23:01 -0800] "GET /pricing HTTP/1.1" 200 912 "https://app.example.com/home" "Mozilla/5.0 (Macintosh; Intel Mac OS X 10_15_7) AppleWebKit/605.1.15 (KHTML, like Gecko) Version/18.0 Safari/605.1.15"
203.0.113.56 - - [27/Feb/2026:09:23:14 -0800] "GET /css/app.css HTTP/1.1" 200 2378 "https://www.google.com/" "Mozilla/5.0 (Windows NT 10.0; Win64; x64) AppleWebKit/537.36 (KHTML, like Gecko) Chrome/145.0.0.0 Safari/537.36"
192.0.2.16 - - [27/Feb/2026:09:23:30 -0800] "GET /images/banner.jpg HTTP/1.1" 200 1088 "https://www.google.com/" "Mozilla/5.0 (Windows NT 10.0; Win64; x64; rv:136.0) Gecko/20100101 Firefox/136.0"
203.0.113.10 - - [27/Feb/2026:09:23:41 -0800] "GET /dashboard HTTP/1.1" 200 3647 "https://app.example.com/dashboard" "Mozilla/5.0 (Windows NT 10.0; Win64; x64) AppleWebKit/537.36 (KHTML, like Gecko) Chrome/145.0.0.0 Safari/537.36"
198.18.0.23 - - [27/Feb/2026:09:24:26 -0800] "GET /images/banner.jpg HTTP/1.1" 201 2075 "https://app.example.com/login" "Mozilla/5.0 (Windows NT 10.0; Win64; x64) AppleWebKit/537.36 (KHTML, like Gecko) Chrome/145.0.0.0 Safari/537.36"
192.0.2.15 - - [27/Feb/2026:09:24:33 -0800] "GET /health HTTP/1.1" 201 3581 "https://app.example.com/" "Mozilla/5.0 (Macintosh; Intel Mac OS X 10_15_7) AppleWebKit/605.1.15 (KHTML, like Gecko) Version/18.0 Safari/605.1.15"
198.51.100.19 - - [27/Feb/2026:09:24:59 -0800] "GET / HTTP/1.1" 304 743 "https://app.example.com/home" "Mozilla/5.0 (iPhone; CPU iPhone OS 18_2 like Mac OS X) AppleWebKit/605.1.15 (KHTML, like Gecko) Version/18.0 Mobile/15E148 Safari/604.1"
192.0.2.78 - - [27/Feb/2026:09:25:00 -0800] "GET /.env HTTP/1.1" 403 233 "-" "Mozilla/5.0 (compatible; Nmap Scripting Engine; https://nmap.org/book/nse.html)"
203.0.113.10 - - [27/Feb/2026:09:25:15 -0800] "GET /css/app.css HTTP/1.1" 302 1379 "https://www.google.com/" "Mozilla/5.0 (Windows NT 10.0; Win64; x64; rv:136.0) Gecko/20100101 Firefox/136.0"
203.0.113.55 - - [27/Feb/2026:09:25:22 -0800] "GET /css/app.css HTTP/1.1" 200 3764 "https://app.example.com/login" "Mozilla/5.0 (iPhone; CPU iPhone OS 18_2 like Mac OS X) AppleWebKit/605.1.15 (KHTML, like Gecko) Version/18.0 Mobile/15E148 Safari/604.1"
203.0.113.12 - - [27/Feb/2026:09:25:37 -0800] "GET /dashboard HTTP/1.1" 404 2077 "https://app.example.com/home" "Mozilla/5.0 (Macintosh; Intel Mac OS X 10_15_7) AppleWebKit/605.1.15 (KHTML, like Gecko) Version/18.0 Safari/605.1.15"
203.0.113.12 - - [27/Feb/2026:09:25:41 -0800] "POST /dashboard HTTP/1.1" 200 855 "-" "Mozilla/5.0 (Windows NT 10.0; Win64; x64) AppleWebKit/537.36 (KHTML, like Gecko) Chrome/145.0.0.0 Safari/537.36"
198.51.100.21 - - [27/Feb/2026:09:26:01 -0800] "GET /images/banner.jpg HTTP/1.1" 200 1624 "https://app.example.com/" "Mozilla/5.0 (Windows NT 10.0; Win64; x64; rv:136.0) Gecko/20100101 Firefox/136.0"
203.0.113.10 - - [27/Feb/2026:09:26:08 -0800] "GET /home HTTP/1.1" 200 1309 "https://www.google.com/" "Mozilla/5.0 (iPhone; CPU iPhone OS 18_2 like Mac OS X) AppleWebKit/605.1.15 (KHTML, like Gecko) Version/18.0 Mobile/15E148 Safari/604.1"
192.0.2.17 - - [27/Feb/2026:09:26:12 -0800] "GET /status HTTP/1.1" 200 1995 "https://intranet.example.local/" "Mozilla/5.0 (Macintosh; Intel Mac OS X 10_15_7) AppleWebKit/605.1.15 (KHTML, like Gecko) Version/18.0 Safari/605.1.15"
203.0.113.11 - - [27/Feb/2026:09:26:19 -0800] "GET /images/banner.jpg HTTP/1.1" 200 2481 "https://app.example.com/dashboard" "Mozilla/5.0 (X11; Linux x86_64) AppleWebKit/537.36 (KHTML, like Gecko) Chrome/144.0.0.0 Safari/537.36"
192.0.2.15 - - [27/Feb/2026:09:26:20 -0800] "POST /home HTTP/1.1" 200 2033 "https://app.example.com/" "Mozilla/5.0 (Windows NT 10.0; Win64; x64; rv:136.0) Gecko/20100101 Firefox/136.0"
203.0.113.10 - - [27/Feb/2026:09:26:25 -0800] "GET /images/banner.jpg HTTP/1.1" 200 3066 "-" "Mozilla/5.0 (X11; Linux x86_64) AppleWebKit/537.36 (KHTML, like Gecko) Chrome/144.0.0.0 Safari/537.36"
203.0.113.56 - - [27/Feb/2026:09:26:26 -0800] "POST /dashboard HTTP/1.1" 200 2706 "https://app.example.com/login" "Mozilla/5.0 (X11; Linux x86_64) AppleWebKit/537.36 (KHTML, like Gecko) Chrome/144.0.0.0 Safari/537.36"
198.51.100.19 - - [27/Feb/2026:09:26:36 -0800] "GET /products HTTP/1.1" 200 1981 "https://app.example.com/dashboard" "Mozilla/5.0 (Windows NT 10.0; Win64; x64; rv:136.0) Gecko/20100101 Firefox/136.0"
203.0.113.55 - - [27/Feb/2026:09:26:58 -0800] "GET /status HTTP/1.1" 200 1013 "https://intranet.example.local/" "Mozilla/5.0 (Windows NT 10.0; Win64; x64; rv:136.0) Gecko/20100101 Firefox/136.0"
198.51.100.21 - - [27/Feb/2026:09:27:09 -0800] "GET /search?q=agentic+soc HTTP/1.1" 200 887 "-" "Mozilla/5.0 (X11; Linux x86_64) AppleWebKit/537.36 (KHTML, like Gecko) Chrome/144.0.0.0 Safari/537.36"
203.0.113.88 - - [27/Feb/2026:09:27:42 -0800] "GET /about HTTP/1.1" 200 1515 "-" "python-requests/2.32.3"
198.18.0.21 - - [27/Feb/2026:09:27:47 -0800] "POST /home HTTP/1.1" 302 841 "https://app.example.com/home" "Mozilla/5.0 (X11; Linux x86_64) AppleWebKit/537.36 (KHTML, like Gecko) Chrome/144.0.0.0 Safari/537.36"
203.0.113.12 - - [27/Feb/2026:09:27:53 -0800] "GET /about HTTP/1.1" 200 3744 "https://app.example.com/" "Mozilla/5.0 (Macintosh; Intel Mac OS X 10_15_7) AppleWebKit/605.1.15 (KHTML, like Gecko) Version/18.0 Safari/605.1.15"
203.0.113.57 - - [27/Feb/2026:09:28:08 -0800] "POST /contact HTTP/1.1" 200 2025 "https://app.example.com/" "Mozilla/5.0 (Windows NT 10.0; Win64; x64) AppleWebKit/537.36 (KHTML, like Gecko) Chrome/145.0.0.0 Safari/537.36"
203.0.113.13 - - [27/Feb/2026:09:28:19 -0800] "POST /dashboard HTTP/1.1" 200 4677 "https://www.google.com/" "Mozilla/5.0 (Windows NT 10.0; Win64; x64) AppleWebKit/537.36 (KHTML, like Gecko) Chrome/145.0.0.0 Safari/537.36"
198.18.0.21 - - [27/Feb/2026:09:28:25 -0800] "GET /pricing HTTP/1.1" 200 1225 "-" "Mozilla/5.0 (Windows NT 10.0; Win64; x64; rv:136.0) Gecko/20100101 Firefox/136.0"
203.0.113.56 - - [27/Feb/2026:09:28:27 -0800] "GET /status HTTP/1.1" 200 2937 "-" "Mozilla/5.0 (Windows NT 10.0; Win64; x64) AppleWebKit/537.36 (KHTML, like Gecko) Chrome/145.0.0.0 Safari/537.36"
203.0.113.88 - - [27/Feb/2026:09:28:34 -0800] "GET /images/logo.png HTTP/1.1" 200 1691 "-" "Mozilla/5.0 (compatible; ThreatIntelFeed/1.0)"
203.0.113.55 - - [27/Feb/2026:09:28:38 -0800] "POST /dashboard HTTP/1.1" 200 1078 "https://app.example.com/" "Mozilla/5.0 (X11; Linux x86_64) AppleWebKit/537.36 (KHTML, like Gecko) Chrome/144.0.0.0 Safari/537.36"
198.51.100.19 - - [27/Feb/2026:09:28:43 -0800] "POST /home HTTP/1.1" 200 1602 "-" "Mozilla/5.0 (Windows NT 10.0; Win64; x64) AppleWebKit/537.36 (KHTML, like Gecko) Chrome/145.0.0.0 Safari/537.36"
203.0.113.12 - - [27/Feb/2026:09:28:44 -0800] "GET /dashboard HTTP/1.1" 200 2356 "https://intranet.example.local/" "Mozilla/5.0 (X11; Linux x86_64) AppleWebKit/537.36 (KHTML, like Gecko) Chrome/144.0.0.0 Safari/537.36"
203.0.113.13 - - [27/Feb/2026:09:28:52 -0800] "GET /health HTTP/1.1" 200 1326 "https://app.example.com/login" "Mozilla/5.0 (Windows NT 10.0; Win64; x64) AppleWebKit/537.36 (KHTML, like Gecko) Chrome/145.0.0.0 Safari/537.36"
203.0.113.57 - - [27/Feb/2026:09:29:00 -0800] "GET /health HTTP/1.1" 200 2984 "https://app.example.com/" "Mozilla/5.0 (Windows NT 10.0; Win64; x64) AppleWebKit/537.36 (KHTML, like Gecko) Chrome/145.0.0.0 Safari/537.36"
203.0.113.12 - - [27/Feb/2026:09:29:07 -0800] "GET /js/app.js HTTP/1.1" 200 1618 "https://www.google.com/" "Mozilla/5.0 (Macintosh; Intel Mac OS X 10_15_7) AppleWebKit/605.1.15 (KHTML, like Gecko) Version/18.0 Safari/605.1.15"
192.0.2.77 - - [27/Feb/2026:09:29:34 -0800] "GET /admin/config HTTP/1.1" 403 318 "-" "Mozilla/5.0 (compatible; Nmap Scripting Engine; https://nmap.org/book/nse.html)"
203.0.113.10 - - [27/Feb/2026:09:29:35 -0800] "GET /images/logo.png HTTP/1.1" 302 1812 "https://app.example.com/dashboard" "Mozilla/5.0 (iPhone; CPU iPhone OS 18_2 like Mac OS X) AppleWebKit/605.1.15 (KHTML, like Gecko) Version/18.0 Mobile/15E148 Safari/604.1"
203.0.113.56 - - [27/Feb/2026:09:29:58 -0800] "POST /contact HTTP/1.1" 200 3818 "https://www.google.com/" "Mozilla/5.0 (Windows NT 10.0; Win64; x64) AppleWebKit/537.36 (KHTML, like Gecko) Chrome/145.0.0.0 Safari/537.36"
198.51.100.21 - - [27/Feb/2026:09:30:06 -0800] "GET /health HTTP/1.1" 304 596 "https://app.example.com/home" "Mozilla/5.0 (iPhone; CPU iPhone OS 18_2 like Mac OS X) AppleWebKit/605.1.15 (KHTML, like Gecko) Version/18.0 Mobile/15E148 Safari/604.1"
203.0.113.57 - - [27/Feb/2026:09:30:16 -0800] "GET /health HTTP/1.1" 302 23 "-" "Mozilla/5.0 (Macintosh; Intel Mac OS X 10_15_7) AppleWebKit/605.1.15 (KHTML, like Gecko) Version/18.0 Safari/605.1.15"
203.0.113.56 - - [27/Feb/2026:09:30:32 -0800] "POST /contact HTTP/1.1" 304 179 "https://app.example.com/dashboard" "Mozilla/5.0 (Windows NT 10.0; Win64; x64; rv:136.0) Gecko/20100101 Firefox/136.0"
203.0.113.55 - - [27/Feb/2026:09:30:37 -0800] "GET /images/logo.png HTTP/1.1" 302 2275 "https://app.example.com/home" "Mozilla/5.0 (Macintosh; Intel Mac OS X 10_15_7) AppleWebKit/605.1.15 (KHTML, like Gecko) Version/18.0 Safari/605.1.15"
192.0.2.15 - - [27/Feb/2026:09:30:45 -0800] "POST /home HTTP/1.1" 200 2939 "https://app.example.com/login" "Mozilla/5.0 (Macintosh; Intel Mac OS X 10_15_7) AppleWebKit/605.1.15 (KHTML, like Gecko) Version/18.0 Safari/605.1.15"
203.0.113.13 - - [27/Feb/2026:09:30:50 -0800] "GET / HTTP/1.1" 204 1105 "-" "Mozilla/5.0 (iPhone; CPU iPhone OS 18_2 like Mac OS X) AppleWebKit/605.1.15 (KHTML, like Gecko) Version/18.0 Mobile/15E148 Safari/604.1"
198.51.100.20 - - [27/Feb/2026:09:30:51 -0800] "POST /home HTTP/1.1" 200 2726 "-" "Mozilla/5.0 (Macintosh; Intel Mac OS X 10_15_7) AppleWebKit/605.1.15 (KHTML, like Gecko) Version/18.0 Safari/605.1.15"
198.18.0.21 - - [27/Feb/2026:09:30:53 -0800] "POST /home HTTP/1.1" 200 1724 "https://app.example.com/" "Mozilla/5.0 (iPhone; CPU iPhone OS 18_2 like Mac OS X) AppleWebKit/605.1.15 (KHTML, like Gecko) Version/18.0 Mobile/15E148 Safari/604.1"
203.0.113.11 - - [27/Feb/2026:09:31:29 -0800] "POST /dashboard HTTP/1.1" 200 2540 "https://app.example.com/login" "Mozilla/5.0 (iPhone; CPU iPhone OS 18_2 like Mac OS X) AppleWebKit/605.1.15 (KHTML, like Gecko) Version/18.0 Mobile/15E148 Safari/604.1"
203.0.113.14 - - [27/Feb/2026:09:31:36 -0800] "GET /health HTTP/1.1" 204 555 "https://intranet.example.local/" "Mozilla/5.0 (Windows NT 10.0; Win64; x64) AppleWebKit/537.36 (KHTML, like Gecko) Chrome/145.0.0.0 Safari/537.36"
198.51.100.19 - - [27/Feb/2026:09:31:38 -0800] "GET /status HTTP/1.1" 200 3308 "https://app.example.com/login" "Mozilla/5.0 (iPhone; CPU iPhone OS 18_2 like Mac OS X) AppleWebKit/605.1.15 (KHTML, like Gecko) Version/18.0 Mobile/15E148 Safari/604.1"
198.51.100.21 - - [27/Feb/2026:09:31:45 -0800] "GET /docs HTTP/1.1" 200 4842 "https://app.example.com/login" "Mozilla/5.0 (Macintosh; Intel Mac OS X 10_15_7) AppleWebKit/605.1.15 (KHTML, like Gecko) Version/18.0 Safari/605.1.15"
203.0.113.11 - - [27/Feb/2026:09:31:46 -0800] "GET /home HTTP/1.1" 200 1768 "https://app.example.com/" "Mozilla/5.0 (Macintosh; Intel Mac OS X 10_15_7) AppleWebKit/605.1.15 (KHTML, like Gecko) Version/18.0 Safari/605.1.15"
203.0.113.10 - - [27/Feb/2026:09:32:25 -0800] "GET /js/app.js HTTP/1.1" 302 3080 "-" "Mozilla/5.0 (Windows NT 10.0; Win64; x64) AppleWebKit/537.36 (KHTML, like Gecko) Chrome/145.0.0.0 Safari/537.36"
203.0.113.13 - - [27/Feb/2026:09:32:26 -0800] "GET /pricing HTTP/1.1" 204 674 "https://app.example.com/login" "Mozilla/5.0 (X11; Linux x86_64) AppleWebKit/537.36 (KHTML, like Gecko) Chrome/144.0.0.0 Safari/537.36"
192.0.2.16 - - [27/Feb/2026:09:32:49 -0800] "GET /docs HTTP/1.1" 200 2628 "https://app.example.com/login" "Mozilla/5.0 (Macintosh; Intel Mac OS X 10_15_7) AppleWebKit/605.1.15 (KHTML, like Gecko) Version/18.0 Safari/605.1.15"
198.51.100.19 - - [27/Feb/2026:09:33:23 -0800] "GET /home HTTP/1.1" 200 4138 "https://app.example.com/dashboard" "Mozilla/5.0 (Windows NT 10.0; Win64; x64) AppleWebKit/537.36 (KHTML, like Gecko) Chrome/145.0.0.0 Safari/537.36"
203.0.113.55 - - [27/Feb/2026:09:33:33 -0800] "GET /about HTTP/1.1" 200 3785 "https://intranet.example.local/" "Mozilla/5.0 (X11; Linux x86_64) AppleWebKit/537.36 (KHTML, like Gecko) Chrome/144.0.0.0 Safari/537.36"
192.0.2.17 - - [27/Feb/2026:09:33:40 -0800] "GET /products HTTP/1.1" 200 4575 "https://app.example.com/login" "Mozilla/5.0 (Macintosh; Intel Mac OS X 10_15_7) AppleWebKit/605.1.15 (KHTML, like Gecko) Version/18.0 Safari/605.1.15"
203.0.113.57 - - [27/Feb/2026:09:33:45 -0800] "GET /css/app.css HTTP/1.1" 301 2989 "https://app.example.com/" "Mozilla/5.0 (Windows NT 10.0; Win64; x64; rv:136.0) Gecko/20100101 Firefox/136.0"
203.0.113.57 - - [27/Feb/2026:09:33:54 -0800] "GET /docs HTTP/1.1" 302 339 "https://app.example.com/home" "Mozilla/5.0 (Macintosh; Intel Mac OS X 10_15_7) AppleWebKit/605.1.15 (KHTML, like Gecko) Version/18.0 Safari/605.1.15"
203.0.113.14 - - [27/Feb/2026:09:34:17 -0800] "GET /contact HTTP/1.1" 200 1050 "https://intranet.example.local/" "Mozilla/5.0 (Macintosh; Intel Mac OS X 10_15_7) AppleWebKit/605.1.15 (KHTML, like Gecko) Version/18.0 Safari/605.1.15"
198.18.0.21 - - [27/Feb/2026:09:34:33 -0800] "GET /home HTTP/1.1" 200 1469 "https://intranet.example.local/" "Mozilla/5.0 (Windows NT 10.0; Win64; x64; rv:136.0) Gecko/20100101 Firefox/136.0"
198.18.0.23 - - [27/Feb/2026:09:34:35 -0800] "GET /favicon.ico HTTP/1.1" 304 1756 "-" "Mozilla/5.0 (Macintosh; Intel Mac OS X 10_15_7) AppleWebKit/605.1.15 (KHTML, like Gecko) Version/18.0 Safari/605.1.15"
203.0.113.55 - - [27/Feb/2026:09:34:43 -0800] "GET / HTTP/1.1" 200 1328 "https://intranet.example.local/" "Mozilla/5.0 (Macintosh; Intel Mac OS X 10_15_7) AppleWebKit/605.1.15 (KHTML, like Gecko) Version/18.0 Safari/605.1.15"
203.0.113.55 - - [27/Feb/2026:09:35:09 -0800] "GET /about HTTP/1.1" 301 82 "https://app.example.com/" "Mozilla/5.0 (iPhone; CPU iPhone OS 18_2 like Mac OS X) AppleWebKit/605.1.15 (KHTML, like Gecko) Version/18.0 Mobile/15E148 Safari/604.1"
203.0.113.13 - - [27/Feb/2026:09:35:17 -0800] "GET /status HTTP/1.1" 200 4312 "https://app.example.com/dashboard" "Mozilla/5.0 (Macintosh; Intel Mac OS X 10_15_7) AppleWebKit/605.1.15 (KHTML, like Gecko) Version/18.0 Safari/605.1.15"
198.18.0.21 - - [27/Feb/2026:09:35:26 -0800] "POST /contact HTTP/1.1" 304 3189 "https://intranet.example.local/" "Mozilla/5.0 (Macintosh; Intel Mac OS X 10_15_7) AppleWebKit/605.1.15 (KHTML, like Gecko) Version/18.0 Safari/605.1.15"
203.0.113.13 - - [27/Feb/2026:09:35:49 -0800] "GET /images/logo.png HTTP/1.1" 200 2392 "https://app.example.com/" "Mozilla/5.0 (X11; Linux x86_64) AppleWebKit/537.36 (KHTML, like Gecko) Chrome/144.0.0.0 Safari/537.36"
198.18.0.23 - - [27/Feb/2026:09:35:53 -0800] "POST /dashboard HTTP/1.1" 204 3778 "https://app.example.com/" "Mozilla/5.0 (Macintosh; Intel Mac OS X 10_15_7) AppleWebKit/605.1.15 (KHTML, like Gecko) Version/18.0 Safari/605.1.15"
203.0.113.12 - - [27/Feb/2026:09:36:01 -0800] "POST /dashboard HTTP/1.1" 200 3191 "https://app.example.com/home" "Mozilla/5.0 (X11; Linux x86_64) AppleWebKit/537.36 (KHTML, like Gecko) Chrome/144.0.0.0 Safari/537.36"
203.0.113.57 - - [27/Feb/2026:09:36:08 -0800] "GET /about HTTP/1.1" 200 2628 "https://app.example.com/" "Mozilla/5.0 (iPhone; CPU iPhone OS 18_2 like Mac OS X) AppleWebKit/605.1.15 (KHTML, like Gecko) Version/18.0 Mobile/15E148 Safari/604.1"
198.51.100.21 - - [27/Feb/2026:09:36:08 -0800] "GET /products HTTP/1.1" 200 3703 "https://app.example.com/home" "Mozilla/5.0 (iPhone; CPU iPhone OS 18_2 like Mac OS X) AppleWebKit/605.1.15 (KHTML, like Gecko) Version/18.0 Mobile/15E148 Safari/604.1"
203.0.113.57 - - [27/Feb/2026:09:36:22 -0800] "GET /home HTTP/1.1" 200 4470 "https://app.example.com/home" "Mozilla/5.0 (Windows NT 10.0; Win64; x64; rv:136.0) Gecko/20100101 Firefox/136.0"
192.0.2.15 - - [27/Feb/2026:09:36:59 -0800] "GET /favicon.ico HTTP/1.1" 200 993 "-" "Mozilla/5.0 (iPhone; CPU iPhone OS 18_2 like Mac OS X) AppleWebKit/605.1.15 (KHTML, like Gecko) Version/18.0 Mobile/15E148 Safari/604.1"
203.0.113.13 - - [27/Feb/2026:09:37:15 -0800] "POST /contact HTTP/1.1" 301 746 "https://app.example.com/login" "Mozilla/5.0 (X11; Linux x86_64) AppleWebKit/537.36 (KHTML, like Gecko) Chrome/144.0.0.0 Safari/537.36"
198.18.0.22 - - [27/Feb/2026:09:37:25 -0800] "GET /about HTTP/1.1" 301 93 "https://app.example.com/" "Mozilla/5.0 (Windows NT 10.0; Win64; x64) AppleWebKit/537.36 (KHTML, like Gecko) Chrome/145.0.0.0 Safari/537.36"
192.0.2.80 - - [27/Feb/2026:09:37:37 -0800] "GET /backup.zip HTTP/1.1" 403 200 "-" "Mozilla/5.0 (compatible; Nmap Scripting Engine; https://nmap.org/book/nse.html)"
192.0.2.77 - - [27/Feb/2026:09:37:48 -0800] "GET /.env HTTP/1.1" 404 239 "-" "Mozilla/5.0 (compatible; Nmap Scripting Engine; https://nmap.org/book/nse.html)"
203.0.113.10 - - [27/Feb/2026:09:37:59 -0800] "GET /status HTTP/1.1" 200 4076 "https://app.example.com/login" "Mozilla/5.0 (Macintosh; Intel Mac OS X 10_15_7) AppleWebKit/605.1.15 (KHTML, like Gecko) Version/18.0 Safari/605.1.15"
198.18.0.22 - - [27/Feb/2026:09:38:15 -0800] "GET /search?q=agentic+soc HTTP/1.1" 200 3606 "https://app.example.com/login" "Mozilla/5.0 (Windows NT 10.0; Win64; x64) AppleWebKit/537.36 (KHTML, like Gecko) Chrome/145.0.0.0 Safari/537.36"
203.0.113.11 - - [27/Feb/2026:09:38:23 -0800] "GET /api/v1/export HTTP/1.1" 200 53923461 "https://app.example.com/dashboard" "Mozilla/5.0 (Macintosh; Intel Mac OS X 10_15_7) AppleWebKit/605.1.15 (KHTML, like Gecko) Version/18.0 Safari/605.1.15"
203.0.113.88 - - [27/Feb/2026:09:39:03 -0800] "GET /docs HTTP/1.1" 200 4994 "-" "Mozilla/5.0 (compatible; ThreatIntelFeed/1.0)"
198.51.100.20 - - [27/Feb/2026:09:39:16 -0800] "GET /docs HTTP/1.1" 304 892 "-" "Mozilla/5.0 (Windows NT 10.0; Win64; x64) AppleWebKit/537.36 (KHTML, like Gecko) Chrome/145.0.0.0 Safari/537.36"
203.0.113.14 - - [27/Feb/2026:09:39:19 -0800] "GET /css/app.css HTTP/1.1" 302 2773 "https://app.example.com/dashboard" "Mozilla/5.0 (X11; Linux x86_64) AppleWebKit/537.36 (KHTML, like Gecko) Chrome/144.0.0.0 Safari/537.36"
203.0.113.57 - - [27/Feb/2026:09:39:23 -0800] "GET / HTTP/1.1" 302 496 "https://app.example.com/home" "Mozilla/5.0 (Windows NT 10.0; Win64; x64; rv:136.0) Gecko/20100101 Firefox/136.0"
203.0.113.12 - - [27/Feb/2026:09:39:35 -0800] "GET /about HTTP/1.1" 200 3152 "https://app.example.com/" "Mozilla/5.0 (X11; Linux x86_64) AppleWebKit/537.36 (KHTML, like Gecko) Chrome/144.0.0.0 Safari/537.36"
192.0.2.77 - - [27/Feb/2026:09:39:39 -0800] "GET /.git/config HTTP/1.1" 404 313 "-" "Mozilla/5.0 (compatible; Nmap Scripting Engine; https://nmap.org/book/nse.html)"
192.0.2.17 - - [27/Feb/2026:09:40:11 -0800] "GET /dashboard HTTP/1.1" 200 4306 "-" "Mozilla/5.0 (Windows NT 10.0; Win64; x64; rv:136.0) Gecko/20100101 Firefox/136.0"
198.51.100.19 - - [27/Feb/2026:09:40:15 -0800] "GET /status HTTP/1.1" 304 353 "https://app.example.com/login" "Mozilla/5.0 (iPhone; CPU iPhone OS 18_2 like Mac OS X) AppleWebKit/605.1.15 (KHTML, like Gecko) Version/18.0 Mobile/15E148 Safari/604.1"
203.0.113.11 - - [27/Feb/2026:09:40:20 -0800] "GET /home HTTP/1.1" 200 1484 "https://app.example.com/login" "Mozilla/5.0 (Windows NT 10.0; Win64; x64; rv:136.0) Gecko/20100101 Firefox/136.0"
192.0.2.17 - - [27/Feb/2026:09:40:56 -0800] "GET /favicon.ico HTTP/1.1" 200 1551 "-" "Mozilla/5.0 (Macintosh; Intel Mac OS X 10_15_7) AppleWebKit/605.1.15 (KHTML, like Gecko) Version/18.0 Safari/605.1.15"
198.18.0.22 - - [27/Feb/2026:09:41:08 -0800] "POST /home HTTP/1.1" 304 1042 "https://app.example.com/login" "Mozilla/5.0 (iPhone; CPU iPhone OS 18_2 like Mac OS X) AppleWebKit/605.1.15 (KHTML, like Gecko) Version/18.0 Mobile/15E148 Safari/604.1"
203.0.113.56 - - [27/Feb/2026:09:41:21 -0800] "POST /home HTTP/1.1" 301 2360 "https://app.example.com/home" "Mozilla/5.0 (Macintosh; Intel Mac OS X 10_15_7) AppleWebKit/605.1.15 (KHTML, like Gecko) Version/18.0 Safari/605.1.15"
192.0.2.15 - - [27/Feb/2026:09:41:22 -0800] "GET /health HTTP/1.1" 200 3845 "https://www.google.com/" "Mozilla/5.0 (X11; Linux x86_64) AppleWebKit/537.36 (KHTML, like Gecko) Chrome/144.0.0.0 Safari/537.36"
198.18.0.21 - - [27/Feb/2026:09:41:33 -0800] "GET /docs HTTP/1.1" 200 761 "https://app.example.com/home" "Mozilla/5.0 (Macintosh; Intel Mac OS X 10_15_7) AppleWebKit/605.1.15 (KHTML, like Gecko) Version/18.0 Safari/605.1.15"
198.18.0.21 - - [27/Feb/2026:09:41:37 -0800] "GET /js/app.js HTTP/1.1" 200 2865 "https://app.example.com/dashboard" "Mozilla/5.0 (X11; Linux x86_64) AppleWebKit/537.36 (KHTML, like Gecko) Chrome/144.0.0.0 Safari/537.36"
203.0.113.14 - - [27/Feb/2026:09:41:40 -0800] "GET /js/app.js HTTP/1.1" 200 904 "https://app.example.com/login" "Mozilla/5.0 (iPhone; CPU iPhone OS 18_2 like Mac OS X) AppleWebKit/605.1.15 (KHTML, like Gecko) Version/18.0 Mobile/15E148 Safari/604.1"
198.51.100.21 - - [27/Feb/2026:09:42:03 -0800] "GET /images/logo.png HTTP/1.1" 200 1830 "https://intranet.example.local/" "Mozilla/5.0 (iPhone; CPU iPhone OS 18_2 like Mac OS X) AppleWebKit/605.1.15 (KHTML, like Gecko) Version/18.0 Mobile/15E148 Safari/604.1"
198.51.100.21 - - [27/Feb/2026:09:42:04 -0800] "GET /search?q=agentic+soc HTTP/1.1" 200 776 "-" "Mozilla/5.0 (iPhone; CPU iPhone OS 18_2 like Mac OS X) AppleWebKit/605.1.15 (KHTML, like Gecko) Version/18.0 Mobile/15E148 Safari/604.1"
198.51.100.20 - - [27/Feb/2026:09:42:20 -0800] "POST /dashboard HTTP/1.1" 302 110 "https://app.example.com/" "Mozilla/5.0 (X11; Linux x86_64) AppleWebKit/537.36 (KHTML, like Gecko) Chrome/144.0.0.0 Safari/537.36"
203.0.113.55 - - [27/Feb/2026:09:42:21 -0800] "GET /favicon.ico HTTP/1.1" 200 1130 "https://intranet.example.local/" "Mozilla/5.0 (Macintosh; Intel Mac OS X 10_15_7) AppleWebKit/605.1.15 (KHTML, like Gecko) Version/18.0 Safari/605.1.15"
203.0.113.11 - - [27/Feb/2026:09:43:20 -0800] "GET /api/v1/export HTTP/1.1" 200 60280986 "https://app.example.com/dashboard" "Mozilla/5.0 (iPhone; CPU iPhone OS 18_2 like Mac OS X) AppleWebKit/605.1.15 (KHTML, like Gecko) Version/18.0 Mobile/15E148 Safari/604.1"
203.0.113.14 - - [27/Feb/2026:09:43:28 -0800] "GET /docs HTTP/1.1" 200 4155 "https://app.example.com/" "Mozilla/5.0 (Windows NT 10.0; Win64; x64; rv:136.0) Gecko/20100101 Firefox/136.0"
192.0.2.15 - - [27/Feb/2026:09:43:47 -0800] "GET /images/logo.png HTTP/1.1" 200 1193 "https://app.example.com/dashboard" "Mozilla/5.0 (Windows NT 10.0; Win64; x64) AppleWebKit/537.36 (KHTML, like Gecko) Chrome/145.0.0.0 Safari/537.36"
203.0.113.11 - - [27/Feb/2026:09:43:52 -0800] "GET /images/logo.png HTTP/1.1" 204 996 "https://app.example.com/home" "Mozilla/5.0 (iPhone; CPU iPhone OS 18_2 like Mac OS X) AppleWebKit/605.1.15 (KHTML, like Gecko) Version/18.0 Mobile/15E148 Safari/604.1"
198.51.100.19 - - [27/Feb/2026:09:44:09 -0800] "GET /dashboard HTTP/1.1" 302 291 "https://app.example.com/dashboard" "Mozilla/5.0 (Windows NT 10.0; Win64; x64) AppleWebKit/537.36 (KHTML, like Gecko) Chrome/145.0.0.0 Safari/537.36"
198.18.0.23 - - [27/Feb/2026:09:44:13 -0800] "POST /dashboard HTTP/1.1" 200 2919 "https://intranet.example.local/" "Mozilla/5.0 (iPhone; CPU iPhone OS 18_2 like Mac OS X) AppleWebKit/605.1.15 (KHTML, like Gecko) Version/18.0 Mobile/15E148 Safari/604.1"
198.51.100.19 - - [27/Feb/2026:09:44:37 -0800] "GET /contact HTTP/1.1" 200 1982 "https://app.example.com/login" "Mozilla/5.0 (Windows NT 10.0; Win64; x64) AppleWebKit/537.36 (KHTML, like Gecko) Chrome/145.0.0.0 Safari/537.36"
198.18.0.22 - - [27/Feb/2026:09:45:00 -0800] "POST /home HTTP/1.1" 301 1182 "https://intranet.example.local/" "Mozilla/5.0 (Windows NT 10.0; Win64; x64; rv:136.0) Gecko/20100101 Firefox/136.0"
192.0.2.16 - - [27/Feb/2026:09:45:02 -0800] "GET /favicon.ico HTTP/1.1" 200 1621 "https://app.example.com/dashboard" "Mozilla/5.0 (Windows NT 10.0; Win64; x64; rv:136.0) Gecko/20100101 Firefox/136.0"
198.18.0.22 - - [27/Feb/2026:09:45:10 -0800] "POST /home HTTP/1.1" 200 2471 "https://app.example.com/" "Mozilla/5.0 (Windows NT 10.0; Win64; x64) AppleWebKit/537.36 (KHTML, like Gecko) Chrome/145.0.0.0 Safari/537.36"
203.0.113.57 - - [27/Feb/2026:09:45:31 -0800] "GET /images/banner.jpg HTTP/1.1" 302 1044 "https://www.google.com/" "Mozilla/5.0 (Windows NT 10.0; Win64; x64) AppleWebKit/537.36 (KHTML, like Gecko) Chrome/145.0.0.0 Safari/537.36"
192.0.2.17 - - [27/Feb/2026:09:45:42 -0800] "GET /images/logo.png HTTP/1.1" 200 2066 "https://app.example.com/login" "Mozilla/5.0 (Macintosh; Intel Mac OS X 10_15_7) AppleWebKit/605.1.15 (KHTML, like Gecko) Version/18.0 Safari/605.1.15"
192.0.2.16 - - [27/Feb/2026:09:45:49 -0800] "GET /health HTTP/1.1" 204 608 "-" "Mozilla/5.0 (Windows NT 10.0; Win64; x64) AppleWebKit/537.36 (KHTML, like Gecko) Chrome/145.0.0.0 Safari/537.36"
203.0.113.11 - - [27/Feb/2026:09:46:13 -0800] "GET /about HTTP/1.1" 304 806 "https://app.example.com/dashboard" "Mozilla/5.0 (X11; Linux x86_64) AppleWebKit/537.36 (KHTML, like Gecko) Chrome/144.0.0.0 Safari/537.36"
203.0.113.10 - - [27/Feb/2026:09:46:27 -0800] "POST /contact HTTP/1.1" 200 1210 "https://www.google.com/" "Mozilla/5.0 (Windows NT 10.0; Win64; x64; rv:136.0) Gecko/20100101 Firefox/136.0"
203.0.113.56 - - [27/Feb/2026:09:46:35 -0800] "GET /dashboard HTTP/1.1" 200 2716 "https://app.example.com/login" "Mozilla/5.0 (X11; Linux x86_64) AppleWebKit/537.36 (KHTML, like Gecko) Chrome/144.0.0.0 Safari/537.36"
203.0.113.12 - - [27/Feb/2026:09:46:42 -0800] "GET /about HTTP/1.1" 201 1049 "https://app.example.com/" "Mozilla/5.0 (Windows NT 10.0; Win64; x64; rv:136.0) Gecko/20100101 Firefox/136.0"
203.0.113.14 - - [27/Feb/2026:09:46:44 -0800] "GET /dashboard HTTP/1.1" 200 3952 "-" "Mozilla/5.0 (Windows NT 10.0; Win64; x64; rv:136.0) Gecko/20100101 Firefox/136.0"
203.0.113.11 - - [27/Feb/2026:09:46:48 -0800] "POST /search?q=agentic+soc HTTP/1.1" 200 1186 "https://app.example.com/login" "Mozilla/5.0 (iPhone; CPU iPhone OS 18_2 like Mac OS X) AppleWebKit/605.1.15 (KHTML, like Gecko) Version/18.0 Mobile/15E148 Safari/604.1"
198.51.100.21 - - [27/Feb/2026:09:47:23 -0800] "GET /dashboard HTTP/1.1" 200 778 "https://app.example.com/" "Mozilla/5.0 (Windows NT 10.0; Win64; x64; rv:136.0) Gecko/20100101 Firefox/136.0"
203.0.113.10 - - [27/Feb/2026:09:48:02 -0800] "GET /status HTTP/1.1" 200 4405 "https://app.example.com/" "Mozilla/5.0 (Windows NT 10.0; Win64; x64; rv:136.0) Gecko/20100101 Firefox/136.0"
203.0.113.55 - - [27/Feb/2026:09:48:30 -0800] "GET /docs HTTP/1.1" 200 4802 "https://www.google.com/" "Mozilla/5.0 (Macintosh; Intel Mac OS X 10_15_7) AppleWebKit/605.1.15 (KHTML, like Gecko) Version/18.0 Safari/605.1.15"
198.18.0.22 - - [27/Feb/2026:09:49:37 -0800] "GET /products HTTP/1.1" 304 78 "https://intranet.example.local/" "Mozilla/5.0 (iPhone; CPU iPhone OS 18_2 like Mac OS X) AppleWebKit/605.1.15 (KHTML, like Gecko) Version/18.0 Mobile/15E148 Safari/604.1"
198.18.0.22 - - [27/Feb/2026:09:50:40 -0800] "GET /products HTTP/1.1" 304 784 "https://app.example.com/dashboard" "Mozilla/5.0 (iPhone; CPU iPhone OS 18_2 like Mac OS X) AppleWebKit/605.1.15 (KHTML, like Gecko) Version/18.0 Mobile/15E148 Safari/604.1"
198.51.100.42 - - [27/Feb/2026:09:50:50 -0800] "GET / HTTP/1.1" 200 1873 "-" "Mozilla/5.0 (compatible; ThreatIntelFeed/1.0)"
