198.51.100.20 - - [27/Feb/2026:11:41:44 -0800] "POST /home HTTP/1.1" 200 4484 "-" "Mozilla/5.0 (Windows NT 10.0; Win64; x64; rv:136.0) Gecko/20100101 Firefox/136.0"
203.0.113.12 - - [27/Feb/2026:11:42:11 -0800] "GET /home HTTP/1.1" 200 3502 "https://intranet.example.local/" "Mozilla/5.0 (iPhone; CPU iPhone OS 18_2 like Mac OS X) AppleWebKit/605.1.15 (KHTML, like Gecko) Version/18.0 Mobile/15E148 Safari/604.1"
203.0.113.10 - - [27/Feb/2026:11:42:21 -0800] "GET /products HTTP/1.1" 302 742 "https://app.example.com/dashboard" "Mozilla/5.0 (X11; Linux x86_64) AppleWebKit/537.36 (KHTML, like Gecko) Chrome/144.0.0.0 Safari/537.36"
203.0.113.13 - - [27/Feb/2026:11:42:22 -0800] "GET /js/app.js HTTP/1.1" 200 834 "https://app.example.com/home" "Mozilla/5.0 (Macintosh; Intel Mac OS X 10_15_7) AppleWebKit/605.1.15 (KHTML, like Gecko) Version/18.0 Safari/605.1.15"
192.0.2.78 - - [27/Feb/2026:11:43:04 -0800] "GET /backup.zip HTTP/1.1" 404 129 "-" "Mozilla/5.0 (compatible; Nmap Scripting Engine; https://nmap.org/book/nse.html)"
203.0.113.13 - - [27/Feb/2026:11:43:23 -0800] "GET /js/app.js HTTP/1.1" 200 1271 "-" "Mozilla/5.0 (X11; Linux x86_64) AppleWebKit/537.36 (KHTML, like Gecko) Chrome/144.0.0.0 Safari/537.36"
192.0.2.15 - - [27/Feb/2026:11:44:03 -0800] "GET /favicon.ico HTTP/1.1" 304 1747 "https://www.google.com/" "Mozilla/5.0 (Windows NT 10.0; Win64; x64; rv:136.0) Gecko/20100101 Firefox/136.0"
198.51.100.20 - - [27/Feb/2026:11:44:09 -0800] "GET /status HTTP/1.1" 301 395 "https://app.example.com/login" "Mozilla/5.0 (iPhone; CPU iPhone OS 18_2 like Mac OS X) AppleWebKit/605.1.15 (KHTML, like Gecko) Version/18.0 Mobile/15E148 Safari/604.1"
198.18.0.22 - - [27/Feb/2026:11:44:11 -0800] "GET /status HTTP/1.1" 200 2486 "https://www.google.com/" "Mozilla/5.0 (X11; Linux x86_64) AppleWebKit/537.36 (KHTML, like Gecko) Chrome/144.0.0.0 Safari/537.36"
203.0.113.12 - - [27/Feb/2026:11:44:22 -0800] "POST /home HTTP/1.1" 302 1127 "https://intranet.example.local/" "Mozilla/5.0 (X11; Linux x86_64) AppleWebKit/537.36 (KHTML, like Gecko) Chrome/144.0.0.0 Safari/537.36"
203.0.113.12 - - [27/Feb/2026:11:44:47 -0800] "GET /pricing HTTP/1.1" 200 3590 "-" "Mozilla/5.0 (Windows NT 10.0; Win64; x64) AppleWebKit/537.36 (KHTML, like Gecko) Chrome/145.0.0.0 Safari/537.36"
203.0.113.14 - - [27/Feb/2026:11:45:07 -0800] "POST /home HTTP/1.1" 204 4363 "https://app.example.com/home" "Mozilla/5.0 (iPhone; CPU iPhone OS 18_2 like Mac OS X) AppleWebKit/605.1.15 (KHTML, like Gecko) Version/18.0 Mobile/15E148 Safari/604.1"
203.0.113.57 - - [27/Feb/2026:11:45:15 -0800] "POST /dashboard HTTP/1.1" 302 713 "https://app.example.com/dashboard" "Mozilla/5.0 (Macintosh; Intel Mac OS X 10_15_7) AppleWebKit/605.1.15 (KHTML, like Gecko) Version/18.0 Safari/605.1.15"
203.0.113.10 - - [27/Feb/2026:11:45:17 -0800] "GET /favicon.ico HTTP/1.1" 200 2248 "https://www.google.com/" "Mozilla/5.0 (iPhone; CPU iPhone OS 18_2 like Mac OS X) AppleWebKit/605.1.15 (KHTML, like Gecko) Version/18.0 Mobile/15E148 Safari/604.1"
198.18.0.21 - - [27/Feb/2026:11:46:52 -0800] "GET /favicon.ico HTTP/1.1" 301 2050 "https://app.example.com/home" "Mozilla/5.0 (iPhone; CPU iPhone OS 18_2 like Mac OS X) AppleWebKit/605.1.15 (KHTML, like Gecko) Version/18.0 Mobile/15E148 Safari/604.1"
203.0.113.57 - - [27/Feb/2026:11:47:06 -0800] "GET / HTTP/1.1" 200 3278 "https://app.example.com/" "Mozilla/5.0 (iPhone; CPU iPhone OS 18_2 like Mac OS X) AppleWebKit/605.1.15 (KHTML, like Gecko) Version/18.0 Mobile/15E148 Safari/604.1"
198.18.0.21 - - [27/Feb/2026:11:47:46 -0800] "GET /images/banner.jpg HTTP/1.1" 301 626 "https://app.example.com/" "Mozilla/5.0 (Windows NT 10.0; Win64; x64) AppleWebKit/537.36 (KHTML, like Gecko) Chrome/145.0.0.0 Safari/537.36"
203.0.113.10 - - [27/Feb/2026:11:47:47 -0800] "GET /pricing HTTP/1.1" 200 3889 "https://app.example.com/home" "Mozilla/5.0 (Windows NT 10.0; Win64; x64; rv:136.0) Gecko/20100101 Firefox/136.0"
198.51.100.21 - - [27/Feb/2026:11:47:54 -0800] "POST /search?q=agentic+soc HTTP/1.1" 304 1142 "https://app.example.com/home" "Mozilla/5.0 (iPhone; CPU iPhone OS 18_2 like Mac OS X) AppleWebKit/605.1.15 (KHTML, like Gecko) Version/18.0 Mobile/15E148 Safari/604.1"
198.18.0.22 - - [27/Feb/2026:11:48:39 -0800] "POST /home HTTP/1.1" 200 2427 "https://www.google.com/" "Mozilla/5.0 (Windows NT 10.0; Win64; x64) AppleWebKit/537.36 (KHTML, like Gecko) Chrome/145.0.0.0 Safari/537.36"
203.0.113.14 - - [27/Feb/2026:11:49:11 -0800] "POST /home HTTP/1.1" 200 3476 "https://app.example.com/home" "Mozilla/5.0 (Windows NT 10.0; Win64; x64) AppleWebKit/537.36 (KHTML, like Gecko) Chrome/145.0.0.0 Safari/537.36"
203.0.113.10 - - [27/Feb/2026:11:49:17 -0800] "GET /images/logo.png HTTP/1.1" 200 1896 "https://app.example.com/dashboard" "Mozilla/5.0 (Windows NT 10.0; Win64; x64) AppleWebKit/537.36 (KHTML, like Gecko) Chrome/145.0.0.0 Safari/537.36"
198.18.0.21 - - [27/Feb/2026:11:49:24 -0800] "GET /pricing HTTP/1.1" 200 4879 "https://intranet.example.local/" "Mozilla/5.0 (Macintosh; Intel Mac OS X 10_15_7) AppleWebKit/605.1.15 (KHTML, like Gecko) Version/18.0 Safari/605.1.15"
203.0.113.11 - - [27/Feb/2026:11:49:51 -0800] "GET /favicon.ico HTTP/1.1" 200 1548 "https://www.google.com/" "Mozilla/5.0 (iPhone; CPU iPhone OS 18_2 like Mac OS X) AppleWebKit/605.1.15 (KHTML, like Gecko) Version/18.0 Mobile/15E148 Safari/604.1"
192.0.2.15 - - [27/Feb/2026:11:50:13 -0800] "POST /home HTTP/1.1" 302 2279 "https://app.example.com/dashboard" "Mozilla/5.0 (iPhone; CPU iPhone OS 18_2 like Mac OS X) AppleWebKit/605.1.15 (KHTML, like Gecko) Version/18.0 Mobile/15E148 Safari/604.1"
192.0.2.17 - - [27/Feb/2026:11:50:22 -0800] "GET /docs HTTP/1.1" 200 3139 "https://intranet.example.local/" "Mozilla/5.0 (Macintosh; Intel Mac OS X 10_15_7) AppleWebKit/605.1.15 (KHTML, like Gecko) Version/18.0 Safari/605.1.15"
203.0.113.13 - - [27/Feb/2026:11:50:41 -0800] "GET /pricing HTTP/1.1" 200 2602 "https://app.example.com/home" "Mozilla/5.0 (X11; Linux x86_64) AppleWebKit/537.36 (KHTML, like Gecko) Chrome/144.0.0.0 Safari/537.36"
192.0.2.17 - - [27/Feb/2026:11:50:41 -0800] "GET /home HTTP/1.1" 204 491 "https://intranet.example.local/" "Mozilla/5.0 (iPhone; CPU iPhone OS 18_2 like Mac OS X) AppleWebKit/605.1.15 (KHTML, like Gecko) Version/18.0 Mobile/15E148 Safari/604.1"
198.51.100.20 - - [27/Feb/2026:11:50:53 -0800] "GET /pricing HTTP/1.1" 404 1258 "https://app.example.com/" "Mozilla/5.0 (Windows NT 10.0; Win64; x64) AppleWebKit/537.36 (KHTML, like Gecko) Chrome/145.0.0.0 Safari/537.36"
198.18.0.23 - - [27/Feb/2026:11:51:01 -0800] "GET /contact HTTP/1.1" 301 781 "https://app.example.com/home" "Mozilla/5.0 (Windows NT 10.0; Win64; x64; rv:136.0) Gecko/20100101 Firefox/136.0"
203.0.113.12 - - [27/Feb/2026:11:51:10 -0800] "GET /about HTTP/1.1" 200 1150 "-" "Mozilla/5.0 (X11; Linux x86_64) AppleWebKit/537.36 (KHTML, like Gecko) Chrome/144.0.0.0 Safari/537.36"
203.0.113.13 - - [27/Feb/2026:11:51:12 -0800] "GET /docs HTTP/1.1" 200 3191 "https://app.example.com/login" "Mozilla/5.0 (Macintosh; Intel Mac OS X 10_15_7) AppleWebKit/605.1.15 (KHTML, like Gecko) Version/18.0 Safari/605.1.15"
198.51.100.20 - - [27/Feb/2026:11:51:26 -0800] "GET /images/banner.jpg HTTP/1.1" 200 4124 "https://app.example.com/dashboard" "Mozilla/5.0 (Macintosh; Intel Mac OS X 10_15_7) AppleWebKit/605.1.15 (KHTML, like Gecko) Version/18.0 Safari/605.1.15"
192.0.2.77 - - [27/Feb/2026:11:51:48 -0800] "GET /.env HTTP/1.1" 403 272 "-" "Mozilla/5.0 (compatible; Nmap Scripting Engine; https://nmap.org/book/nse.html)"
203.0.113.11 - - [27/Feb/2026:11:51:57 -0800] "GET /api/v1/export HTTP/1.1" 200 80622393 "https://app.example.com/dashboard" "Mozilla/5.0 (iPhone; CPU iPhone OS 18_2 like Mac OS X) AppleWebKit/605.1.15 (KHTML, like Gecko) Version/18.0 Mobile/15E148 Safari/604.1"
192.0.2.17 - - [27/Feb/2026:11:52:24 -0800] "GET /search?q=agentic+soc HTTP/1.1" 204 72 "https://app.example.com/" "Mozilla/5.0 (Windows NT 10.0; Win64; x64; rv:136.0) Gecko/20100101 Firefox/136.0"
198.18.0.23 - - [27/Feb/2026:11:52:48 -0800] "GET /health HTTP/1.1" 200 2799 "-" "Mozilla/5.0 (Macintosh; Intel Mac OS X 10_15_7) AppleWebKit/605.1.15 (KHTML, like Gecko) Version/18.0 Safari/605.1.15"
198.18.0.23 - - [27/Feb/2026:11:53:00 -0800] "POST /contact HTTP/1.1" 302 842 "-" "Mozilla/5.0 (Windows NT 10.0; Win64; x64; rv:136.0) Gecko/20100101 Firefox/136.0"
198.51.100.19 - - [27/Feb/2026:11:53:00 -0800] "GET /pricing HTTP/1.1" 200 794 "https://app.example.com/" "Mozilla/5.0 (Windows NT 10.0; Win64; x64) AppleWebKit/537.36 (KHTML, like Gecko) Chrome/145.0.0.0 Safari/537.36"
198.18.0.23 - - [27/Feb/2026:11:53:06 -0800] "GET /dashboard HTTP/1.1" 302 760 "https://app.example.com/dashboard" "Mozilla/5.0 (Windows NT 10.0; Win64; x64; rv:136.0) Gecko/20100101 Firefox/136.0"
203.0.113.12 - - [27/Feb/2026:11:53:20 -0800] "GET /js/app.js HTTP/1.1" 200 4402 "-" "Mozilla/5.0 (Windows NT 10.0; Win64; x64) AppleWebKit/537.36 (KHTML, like Gecko) Chrome/145.0.0.0 Safari/537.36"
203.0.113.14 - - [27/Feb/2026:11:53:42 -0800] "POST /home HTTP/1.1" 302 156 "https://app.example.com/home" "Mozilla/5.0 (iPhone; CPU iPhone OS 18_2 like Mac OS X) AppleWebKit/605.1.15 (KHTML, like Gecko) Version/18.0 Mobile/15E148 Safari/604.1"
203.0.113.13 - - [27/Feb/2026:11:53:53 -0800] "GET /status HTTP/1.1" 302 1026 "https://app.example.com/home" "Mozilla/5.0 (Windows NT 10.0; Win64; x64) AppleWebKit/537.36 (KHTML, like Gecko) Chrome/145.0.0.0 Safari/537.36"
203.0.113.13 - - [27/Feb/2026:11:54:00 -0800] "GET /about HTTP/1.1" 301 1134 "https://app.example.com/login" "Mozilla/5.0 (iPhone; CPU iPhone OS 18_2 like Mac OS X) AppleWebKit/605.1.15 (KHTML, like Gecko) Version/18.0 Mobile/15E148 Safari/604.1"
198.18.0.22 - - [27/Feb/2026:11:54:19 -0800] "GET /favicon.ico HTTP/1.1" 200 2123 "https://app.example.com/login" "Mozilla/5.0 (Macintosh; Intel Mac OS X 10_15_7) AppleWebKit/605.1.15 (KHTML, like Gecko) Version/18.0 Safari/605.1.15"
203.0.113.57 - - [27/Feb/2026:11:54:22 -0800] "GET /about HTTP/1.1" 201 1308 "https://intranet.example.local/" "Mozilla/5.0 (X11; Linux x86_64) AppleWebKit/537.36 (KHTML, like Gecko) Chrome/144.0.0.0 Safari/537.36"
192.0.2.16 - - [27/Feb/2026:11:54:23 -0800] "GET /css/app.css HTTP/1.1" 200 946 "https://app.example.com/" "Mozilla/5.0 (X11; Linux x86_64) AppleWebKit/537.36 (KHTML, like Gecko) Chrome/144.0.0.0 Safari/537.36"
198.18.0.22 - - [27/Feb/2026:11:54:42 -0800] "POST /home HTTP/1.1" 200 4809 "https://app.example.com/home" "Mozilla/5.0 (Windows NT 10.0; Win64; x64) AppleWebKit/537.36 (KHTML, like Gecko) Chrome/145.0.0.0 Safari/537.36"
198.51.100.20 - - [27/Feb/2026:11:54:59 -0800] "GET /images/banner.jpg HTTP/1.1" 201 2345 "https://app.example.com/home" "Mozilla/5.0 (X11; Linux x86_64) AppleWebKit/537.36 (KHTML, like Gecko) Chrome/144.0.0.0 Safari/537.36"
198.51.100.19 - - [27/Feb/2026:11:55:04 -0800] "GET / HTTP/1.1" 200 3963 "https://app.example.com/" "Mozilla/5.0 (Windows NT 10.0; Win64; x64) AppleWebKit/537.36 (KHTML, like Gecko) Chrome/145.0.0.0 Safari/537.36"
203.0.113.13 - - [27/Feb/2026:11:55:12 -0800] "GET / HTTP/1.1" 200 2563 "https://app.example.com/dashboard" "Mozilla/5.0 (Windows NT 10.0; Win64; x64; rv:136.0) Gecko/20100101 Firefox/136.0"
203.0.113.57 - - [27/Feb/2026:11:55:29 -0800] "GET /health HTTP/1.1" 200 2748 "-" "Mozilla/5.0 (Macintosh; Intel Mac OS X 10_15_7) AppleWebKit/605.1.15 (KHTML, like Gecko) Version/18.0 Safari/605.1.15"
203.0.113.88 - - [27/Feb/2026:11:55:31 -0800] "GET /docs HTTP/1.1" 200 2913 "-" "curl/8.7.1"
198.51.100.19 - - [27/Feb/2026:11:55:47 -0800] "GET /about HTTP/1.1" 200 3438 "-" "Mozilla/5.0 (iPhone; CPU iPhone OS 18_2 like Mac OS X) AppleWebKit/605.1.15 (KHTML, like Gecko) Version/18.0 Mobile/15E148 Safari/604.1"
198.18.0.21 - - [27/Feb/2026:11:56:46 -0800] "GET /pricing HTTP/1.1" 200 2179 "https://intranet.example.local/" "Mozilla/5.0 (Windows NT 10.0; Win64; x64) AppleWebKit/537.36 (KHTML, like Gecko) Chrome/145.0.0.0 Safari/537.36"
203.0.113.199 - - [27/Feb/2026:11:57:12 -0800] "GET /admin/config HTTP/1.1" 404 364 "-" "Mozilla/5.0 (compatible; Nmap Scripting Engine; https://nmap.org/book/nse.html)"
192.0.2.16 - - [27/Feb/2026:11:57:15 -0800] "GET /status HTTP/1.1" 200 3851 "https://www.google.com/" "Mozilla/5.0 (Windows NT 10.0; Win64; x64; rv:136.0) Gecko/20100101 Firefox/136.0"
198.51.100.20 - - [27/Feb/2026:11:57:19 -0800] "GET /search?q=agentic+soc HTTP/1.1" 301 1137 "-" "Mozilla/5.0 (Windows NT 10.0; Win64; x64) AppleWebKit/537.36 (KHTML, like Gecko) Chrome/145.0.0.0 Safari/537.36"
198.18.0.23 - - [27/Feb/2026:11:57:33 -0800] "POST /home HTTP/1.1" 200 2513 "-" "Mozilla/5.0 (Windows NT 10.0; Win64; x64) AppleWebKit/537.36 (KHTML, like Gecko) Chrome/145.0.0.0 Safari/537.36"
203.0.113.10 - - [27/Feb/2026:11:57:42 -0800] "POST /home HTTP/1.1" 200 3007 "https://app.example.com/home" "Mozilla/5.0 (X11; Linux x86_64) AppleWebKit/537.36 (KHTML, like Gecko) Chrome/144.0.0.0 Safari/537.36"
203.0.113.57 - - [27/Feb/2026:11:57:43 -0800] "GET /about HTTP/1.1" 204 152 "https://app.example.com/dashboard" "Mozilla/5.0 (X11; Linux x86_64) AppleWebKit/537.36 (KHTML, like Gecko) Chrome/144.0.0.0 Safari/537.36"
198.18.0.23 - - [27/Feb/2026:11:57:51 -0800] "GET /docs HTTP/1.1" 200 3755 "https://app.example.com/home" "Mozilla/5.0 (Windows NT 10.0; Win64; x64) AppleWebKit/537.36 (KHTML, like Gecko) Chrome/145.0.0.0 Safari/537.36"
203.0.113.14 - - [27/Feb/2026:11:57:53 -0800] "GET /health HTTP/1.1" 200 1019 "https://app.example.com/" "Mozilla/5.0 (Windows NT 10.0; Win64; x64) AppleWebKit/537.36 (KHTML, like Gecko) Chrome/145.0.0.0 Safari/537.36"
203.0.113.57 - - [27/Feb/2026:11:58:12 -0800] "GET /css/app.css HTTP/1.1" 200 3586 "https://intranet.example.local/" "Mozilla/5.0 (Windows NT 10.0; Win64; x64) AppleWebKit/537.36 (KHTML, like Gecko) Chrome/145.0.0.0 Safari/537.36"
198.51.100.42 - - [27/Feb/2026:11:58:18 -0800] "GET /home HTTP/1.1" 200 1774 "-" "Mozilla/5.0 (compatible; ThreatIntelFeed/1.0)"
203.0.113.11 - - [27/Feb/2026:11:58:53 -0800] "POST /home HTTP/1.1" 200 2244 "https://www.google.com/" "Mozilla/5.0 (iPhone; CPU iPhone OS 18_2 like Mac OS X) AppleWebKit/605.1.15 (KHTML, like Gecko) Version/18.0 Mobile/15E148 Safari/604.1"
192.0.2.78 - - [27/Feb/2026:11:59:21 -0800] "GET /wp-config.php HTTP/1.1" 404 275 "-" "Mozilla/5.0 (compatible; Nmap Scripting Engine; https://nmap.org/book/nse.html)"
198.51.100.21 - - [27/Feb/2026:11:59:50 -0800] "GET /health HTTP/1.1" 304 780 "https://intranet.example.local/" "Mozilla/5.0 (Windows NT 10.0; Win64; x64; rv:136.0) Gecko/20100101 Firefox/136.0"
