203.0.113.13 - - [27/Feb/2026:10:39:18 -0800] "POST /dashboard HTTP/1.1" 200 1727 "-" "Mozilla/5.0 (Windows NT 10.0; Win64; x64; rv:136.0) Gecko/20100101 Firefox/136.0"
203.0.113.12 - - [27/Feb/2026:10:39:41 -0800] "GET / HTTP/1.1" 200 2595 "https://intranet.example.local/" "Mozilla/5.0 (X11; Linux x86_64) AppleWebKit/537.36 (KHTML, like Gecko) Chrome/144.0.0.0 Safari/537.36"
192.0.2.78 - - [27/Feb/2026:10:40:06 -0800] "GET /.env HTTP/1.1" 404 242 "-" "Mozilla/5.0 (compatible; Nmap Scripting Engine; https://nmap.org/book/nse.html)"
192.0.2.15 - - [27/Feb/2026:10:40:11 -0800] "POST /home HTTP/1.1" 200 1312 "https://intranet.example.local/" "Mozilla/5.0 (iPhone; CPU iPhone OS 18_2 like Mac OS X) AppleWebKit/605.1.15 (KHTML, like Gecko) Version/18.0 Mobile/15E148 Safari/604.1"
203.0.113.12 - - [27/Feb/2026:10:40:11 -0800] "POST /contact HTTP/1.1" 200 1153 "-" "Mozilla/5.0 (iPhone; CPU iPhone OS 18_2 like Mac OS X) AppleWebKit/605.1.15 (KHTML, like Gecko) Version/18.0 Mobile/15E148 Safari/604.1"
198.51.100.20 - - [27/Feb/2026:10:40:23 -0800] "GET /status HTTP/1.1" 200 2003 "https://www.google.com/" "Mozilla/5.0 (Windows NT 10.0; Win64; x64; rv:136.0) Gecko/20100101 Firefox/136.0"
198.18.0.21 - - [27/Feb/2026:10:40:24 -0800] "GET /about HTTP/1.1" 200 4194 "https://www.google.com/" "Mozilla/5.0 (Windows NT 10.0; Win64; x64) AppleWebKit/537.36 (KHTML, like Gecko) Chrome/145.0.0.0 Safari/537.36"
192.0.2.15 - - [27/Feb/2026:10:40:25 -0800] "GET /dashboard HTTP/1.1" 200 4149 "-" "Mozilla/5.0 (Windows NT 10.0; Win64; x64; rv:136.0) Gecko/20100101 Firefox/136.0"
203.0.113.56 - - [27/Feb/2026:10:40:33 -0800] "GET /css/app.css HTTP/1.1" 200 2885 "https://intranet.example.local/" "Mozilla/5.0 (Windows NT 10.0; Win64; x64; rv:136.0) Gecko/20100101 Firefox/136.0"
198.18.0.21 - - [27/Feb/2026:10:40:41 -0800] "POST /contact HTTP/1.1" 404 1352 "https://intranet.example.local/" "Mozilla/5.0 (X11; Linux x86_64) AppleWebKit/537.36 (KHTML, like Gecko) Chrome/144.0.0.0 Safari/537.36"
203.0.113.13 - - [27/Feb/2026:10:42:00 -0800] "GET /dashboard HTTP/1.1" 200 4939 "https://app.example.com/login" "Mozilla/5.0 (iPhone; CPU iPhone OS 18_2 like Mac OS X) AppleWebKit/605.1.15 (KHTML, like Gecko) Version/18.0 Mobile/15E148 Safari/604.1"
192.0.2.15 - - [27/Feb/2026:10:42:03 -0800] "GET /status HTTP/1.1" 200 2725 "https://app.example.com/login" "Mozilla/5.0 (Windows NT 10.0; Win64; x64; rv:136.0) Gecko/20100101 Firefox/136.0"
192.0.2.16 - - [27/Feb/2026:10:42:10 -0800] "GET /health HTTP/1.1" 200 4901 "https://app.example.com/home" "Mozilla/5.0 (Windows NT 10.0; Win64; x64) AppleWebKit/537.36 (KHTML, like Gecko) Chrome/145.0.0.0 Safari/537.36"
198.51.100.20 - - [27/Feb/2026:10:42:45 -0800] "GET /home HTTP/1.1" 200 4744 "https://app.example.com/" "Mozilla/5.0 (Windows NT 10.0; Win64; x64) AppleWebKit/537.36 (KHTML, like Gecko) Chrome/145.0.0.0 Safari/537.36"
203.0.113.88 - - [27/Feb/2026:10:43:10 -0800] "GET / HTTP/1.1" 200 3950 "-" "curl/8.7.1"
203.0.113.14 - - [27/Feb/2026:10:43:22 -0800] "GET /dashboard HTTP/1.1" 200 4395 "https://app.example.com/dashboard" "Mozilla/5.0 (Macintosh; Intel Mac OS X 10_15_7) AppleWebKit/605.1.15 (KHTML, like Gecko) Version/18.0 Safari/605.1.15"
192.0.2.16 - - [27/Feb/2026:10:43:52 -0800] "GET /pricing HTTP/1.1" 200 592 "https://app.example.com/home" "Mozilla/5.0 (Windows NT 10.0; Win64; x64; rv:136.0) Gecko/20100101 Firefox/136.0"
192.0.2.15 - - [27/Feb/2026:10:43:54 -0800] "GET /search?q=agentic+soc HTTP/1.1" 200 3194 "https://app.example.com/home" "Mozilla/5.0 (X11; Linux x86_64) AppleWebKit/537.36 (KHTML, like Gecko) Chrome/144.0.0.0 Safari/537.36"
198.51.100.42 - - [27/Feb/2026:10:44:50 -0800] "GET /about HTTP/1.1" 200 3129 "-" "python-requests/2.32.3"
192.0.2.15 - - [27/Feb/2026:10:45:04 -0800] "GET /contact HTTP/1.1" 200 4395 "-" "Mozilla/5.0 (Windows NT 10.0; Win64; x64; rv:136.0) Gecko/20100101 Firefox/136.0"
198.18.0.23 - - [27/Feb/2026:10:45:05 -0800] "GET /search?q=agentic+soc HTTP/1.1" 200 1160 "https://app.example.com/dashboard" "Mozilla/5.0 (X11; Linux x86_64) AppleWebKit/537.36 (KHTML, like Gecko) Chrome/144.0.0.0 Safari/537.36"
203.0.113.57 - - [27/Feb/2026:10:45:20 -0800] "GET /pricing HTTP/1.1" 302 824 "https://app.example.com/" "Mozilla/5.0 (X11; Linux x86_64) AppleWebKit/537.36 (KHTML, like Gecko) Chrome/144.0.0.0 Safari/537.36"
198.18.0.22 - - [27/Feb/2026:10:45:27 -0800] "GET /favicon.ico HTTP/1.1" 200 1186 "https://app.example.com/login" "Mozilla/5.0 (Macintosh; Intel Mac OS X 10_15_7) AppleWebKit/605.1.15 (KHTML, like Gecko) Version/18.0 Safari/605.1.15"
198.51.100.21 - - [27/Feb/2026:10:45:47 -0800] "GET /search?q=agentic+soc HTTP/1.1" 304 427 "-" "Mozilla/5.0 (Macintosh; Intel Mac OS X 10_15_7) AppleWebKit/605.1.15 (KHTML, like Gecko) Version/18.0 Safari/605.1.15"
203.0.113.12 - - [27/Feb/2026:10:46:41 -0800] "GET /css/app.css HTTP/1.1" 200 2452 "https://app.example.com/dashboard" "Mozilla/5.0 (Windows NT 10.0; Win64; x64; rv:136.0) Gecko/20100101 Firefox/136.0"
192.0.2.79 - - [27/Feb/2026:10:47:08 -0800] "GET /.git/config HTTP/1.1" 404 329 "-" "Mozilla/5.0 (compatible; Nmap Scripting Engine; https://nmap.org/book/nse.html)"
203.0.113.10 - - [27/Feb/2026:10:47:43 -0800] "GET /about HTTP/1.1" 200 612 "https://www.google.com/" "Mozilla/5.0 (Windows NT 10.0; Win64; x64; rv:136.0) Gecko/20100101 Firefox/136.0"
192.0.2.17 - - [27/Feb/2026:10:47:52 -0800] "GET /about HTTP/1.1" 200 1942 "https://www.google.com/" "Mozilla/5.0 (iPhone; CPU iPhone OS 18_2 like Mac OS X) AppleWebKit/605.1.15 (KHTML, like Gecko) Version/18.0 Mobile/15E148 Safari/604.1"
192.0.2.17 - - [27/Feb/2026:10:47:54 -0800] "GET /favicon.ico HTTP/1.1" 200 890 "-" "Mozilla/5.0 (Windows NT 10.0; Win64; x64) AppleWebKit/537.36 (KHTML, like Gecko) Chrome/145.0.0.0 Safari/537.36"
192.0.2.16 - - [27/Feb/2026:10:48:01 -0800] "GET /pricing HTTP/1.1" 200 1151 "https://app.example.com/home" "Mozilla/5.0 (X11; Linux x86_64) AppleWebKit/537.36 (KHTML, like Gecko) Chrome/144.0.0.0 Safari/537.36"
198.18.0.23 - - [27/Feb/2026:10:48:01 -0800] "GET /search?q=agentic+soc HTTP/1.1" 404 3685 "https://intranet.example.local/" "Mozilla/5.0 (Windows NT 10.0; Win64; x64) AppleWebKit/537.36 (KHTML, like Gecko) Chrome/145.0.0.0 Safari/537.36"
198.18.0.22 - - [27/Feb/2026:10:48:07 -0800] "GET /home HTTP/1.1" 201 2984 "https://app.example.com/" "Mozilla/5.0 (Macintosh; Intel Mac OS X 10_15_7) AppleWebKit/605.1.15 (KHTML, like Gecko) Version/18.0 Safari/605.1.15"
203.0.113.12 - - [27/Feb/2026:10:48:09 -0800] "GET / HTTP/1.1" 200 3136 "https://app.example.com/login" "Mozilla/5.0 (Macintosh; Intel Mac OS X 10_15_7) AppleWebKit/605.1.15 (KHTML, like Gecko) Version/18.0 Safari/605.1.15"
198.51.100.42 - - [27/Feb/2026:10:48:13 -0800] "GET /dashboard HTTP/1.1" 200 3798 "-" "python-requests/2.32.3"
192.0.2.15 - - [27/Feb/2026:10:48:36 -0800] "GET /health HTTP/1.1" 200 4535 "https://app.example.com/dashboard" "Mozilla/5.0 (Windows NT 10.0; Win64; x64; rv:136.0) Gecko/20100101 Firefox/136.0"
203.0.113.12 - - [27/Feb/2026:10:48:41 -0800] "POST /contact HTTP/1.1" 200 4222 "-" "Mozilla/5.0 (Macintosh; Intel Mac OS X 10_15_7) AppleWebKit/605.1.15 (KHTML, like Gecko) Version/18.0 Safari/605.1.15"
203.0.113.11 - - [27/Feb/2026:10:48:56 -0800] "GET /js/app.js HTTP/1.1" 302 3359 "-" "Mozilla/5.0 (iPhone; CPU iPhone OS 18_2 like Mac OS X) AppleWebKit/605.1.15 (KHTML, like Gecko) Version/18.0 Mobile/15E148 Safari/604.1"
198.51.100.20 - - [27/Feb/2026:10:49:00 -0800] "GET /about HTTP/1.1" 200 897 "-" "Mozilla/5.0 (iPhone; CPU iPhone OS 18_2 like Mac OS X) AppleWebKit/605.1.15 (KHTML, like Gecko) Version/18.0 Mobile/15E148 Safari/604.1"
198.51.100.21 - - [27/Feb/2026:10:49:13 -0800] "GET /home HTTP/1.1" 304 156 "https://intranet.example.local/" "Mozilla/5.0 (X11; Linux x86_64) AppleWebKit/537.36 (KHTML, like Gecko) Chrome/144.0.0.0 Safari/537.36"
198.18.0.21 - - [27/Feb/2026:10:49:39 -0800] "GET /status HTTP/1.1" 200 895 "-" "Mozilla/5.0 (Macintosh; Intel Mac OS X 10_15_7) AppleWebKit/605.1.15 (KHTML, like Gecko) Version/18.0 Safari/605.1.15"
203.0.113.10 - - [27/Feb/2026:10:50:06 -0800] "POST /dashboard HTTP/1.1" 201 1371 "https://intranet.example.local/" "Mozilla/5.0 (iPhone; CPU iPhone OS 18_2 like Mac OS X) AppleWebKit/605.1.15 (KHTML, like Gecko) Version/18.0 Mobile/15E148 Safari/604.1"
203.0.113.57 - - [27/Feb/2026:10:50:10 -0800] "GET /search?q=agentic+soc HTTP/1.1" 200 933 "https://intranet.example.local/" "Mozilla/5.0 (X11; Linux x86_64) AppleWebKit/537.36 (KHTML, like Gecko) Chrome/144.0.0.0 Safari/537.36"
192.0.2.16 - - [27/Feb/2026:10:50:24 -0800] "GET /home HTTP/1.1" 201 4808 "-" "Mozilla/5.0 (Macintosh; Intel Mac OS X 10_15_7) AppleWebKit/605.1.15 (KHTML, like Gecko) Version/18.0 Safari/605.1.15"
203.0.113.56 - - [27/Feb/2026:10:50:25 -0800] "GET /pricing HTTP/1.1" 200 4249 "https://intranet.example.local/" "Mozilla/5.0 (Macintosh; Intel Mac OS X 10_15_7) AppleWebKit/605.1.15 (KHTML, like Gecko) Version/18.0 Safari/605.1.15"
198.51.100.19 - - [27/Feb/2026:10:50:59 -0800] "GET /js/app.js HTTP/1.1" 200 1798 "https://app.example.com/dashboard" "Mozilla/5.0 (Macintosh; Intel Mac OS X 10_15_7) AppleWebKit/605.1.15 (KHTML, like Gecko) Version/18.0 Safari/605.1.15"
198.18.0.21 - - [27/Feb/2026:10:51:30 -0800] "POST /home HTTP/1.1" 200 2856 "https://app.example.com/" "Mozilla/5.0 (iPhone; CPU iPhone OS 18_2 like Mac OS X) AppleWebKit/605.1.15 (KHTML, like Gecko) Version/18.0 Mobile/15E148 Safari/604.1"
203.0.113.55 - - [27/Feb/2026:10:52:02 -0800] "GET /home HTTP/1.1" 200 1466 "https://app.example.com/login" "Mozilla/5.0 (Windows NT 10.0; Win64; x64; rv:136.0) Gecko/20100101 Firefox/136.0"
203.0.113.57 - - [27/Feb/2026:10:52:21 -0800] "GET /docs HTTP/1.1" 301 290 "https://www.google.com/" "Mozilla/5.0 (X11; Linux x86_64) AppleWebKit/537.36 (KHTML, like Gecko) Chrome/144.0.0.0 Safari/537.36"
192.0.2.17 - - [27/Feb/2026:10:52:34 -0800] "POST /dashboard HTTP/1.1" 200 811 "https://app.example.com/dashboard" "Mozilla/5.0 (Windows NT 10.0; Win64; x64) AppleWebKit/537.36 (KHTML, like Gecko) Chrome/145.0.0.0 Safari/537.36"
192.0.2.15 - - [27/Feb/2026:10:53:07 -0800] "GET /search?q=agentic+soc HTTP/1.1" 201 4479 "https://app.example.com/login" "Mozilla/5.0 (X11; Linux x86_64) AppleWebKit/537.36 (KHTML, like Gecko) Chrome/144.0.0.0 Safari/537.36"
203.0.113.56 - - [27/Feb/2026:10:53:07 -0800] "GET /docs HTTP/1.1" 200 3408 "https://app.example.com/home" "Mozilla/5.0 (Macintosh; Intel Mac OS X 10_15_7) AppleWebKit/605.1.15 (KHTML, like Gecko) Version/18.0 Safari/605.1.15"
203.0.113.14 - - [27/Feb/2026:10:53:50 -0800] "GET /health HTTP/1.1" 301 407 "https://app.example.com/" "Mozilla/5.0 (Windows NT 10.0; Win64; x64) AppleWebKit/537.36 (KHTML, like Gecko) Chrome/145.0.0.0 Safari/537.36"
203.0.113.88 - - [27/Feb/2026:10:54:02 -0800] "GET /home HTTP/1.1" 200 4208 "-" "Mozilla/5.0 (compatible; ThreatIntelFeed/1.0)"
198.51.100.20 - - [27/Feb/2026:10:54:09 -0800] "GET /css/app.css HTTP/1.1" 200 2304 "https://intranet.example.local/" "Mozilla/5.0 (X11; Linux x86_64) AppleWebKit/537.36 (KHTML, like Gecko) Chrome/144.0.0.0 Safari/537.36"
192.0.2.16 - - [27/Feb/2026:10:54:31 -0800] "POST /home HTTP/1.1" 200 2479 "https://app.example.com/home" "Mozilla/5.0 (Windows NT 10.0; Win64; x64) AppleWebKit/537.36 (KHTML, like Gecko) Chrome/145.0.0.0 Safari/537.36"
198.51.100.19 - - [27/Feb/2026:10:54:57 -0800] "GET /dashboard HTTP/1.1" 404 4768 "https://app.example.com/login" "Mozilla/5.0 (Windows NT 10.0; Win64; x64; rv:136.0) Gecko/20100101 Firefox/136.0"
192.0.2.79 - - [27/Feb/2026:10:55:31 -0800] "GET /backup.zip HTTP/1.1" 404 280 "-" "Mozilla/5.0 (compatible; Nmap Scripting Engine; https://nmap.org/book/nse.html)"
203.0.113.56 - - [27/Feb/2026:10:55:44 -0800] "GET /docs HTTP/1.1" 200 1948 "https://app.example.com/home" "Mozilla/5.0 (X11; Linux x86_64) AppleWebKit/537.36 (KHTML, like Gecko) Chrome/144.0.0.0 Safari/537.36"
198.51.100.42 - - [27/Feb/2026:10:55:45 -0800] "GET /home HTTP/1.1" 200 4470 "-" "curl/8.7.1"
203.0.113.12 - - [27/Feb/2026:10:55:51 -0800] "POST /home HTTP/1.1" 200 1945 "https://app.example.com/" "Mozilla/5.0 (Windows NT 10.0; Win64; x64; rv:136.0) Gecko/20100101 Firefox/136.0"
203.0.113.13 - - [27/Feb/2026:10:56:07 -0800] "POST /dashboard HTTP/1.1" 301 952 "https://app.example.com/home" "Mozilla/5.0 (X11; Linux x86_64) AppleWebKit/537.36 (KHTML, like Gecko) Chrome/144.0.0.0 Safari/537.36"
203.0.113.55 - - [27/Feb/2026:10:56:10 -0800] "GET /js/app.js HTTP/1.1" 200 2645 "https://app.example.com/" "Mozilla/5.0 (Windows NT 10.0; Win64; x64; rv:136.0) Gecko/20100101 Firefox/136.0"
203.0.113.55 - - [27/Feb/2026:10:56:32 -0800] "GET /css/app.css HTTP/1.1" 304 1902 "-" "Mozilla/5.0 (Windows NT 10.0; Win64; x64; rv:136.0) Gecko/20100101 Firefox/136.0"
203.0.113.56 - - [27/Feb/2026:10:56:43 -0800] "GET /js/app.js HTTP/1.1" 302 1838 "https://app.example.com/login" "Mozilla/5.0 (Windows NT 10.0; Win64; x64) AppleWebKit/537.36 (KHTML, like Gecko) Chrome/145.0.0.0 Safari/537.36"
192.0.2.17 - - [27/Feb/2026:10:57:06 -0800] "POST /contact HTTP/1.1" 302 975 "https://app.example.com/dashboard" "Mozilla/5.0 (Windows NT 10.0; Win64; x64; rv:136.0) Gecko/20100101 Firefox/136.0"
203.0.113.56 - - [27/Feb/2026:10:57:21 -0800] "POST /dashboard HTTP/1.1" 200 2924 "https://www.google.com/" "Mozilla/5.0 (Windows NT 10.0; Win64; x64) AppleWebKit/537.36 (KHTML, like Gecko) Chrome/145.0.0.0 Safari/537.36"
203.0.113.56 - - [27/Feb/2026:10:57:40 -0800] "GET /status HTTP/1.1" 304 1003 "https://app.example.com/login" "Mozilla/5.0 (X11; Linux x86_64) AppleWebKit/537.36 (KHTML, like Gecko) Chrome/144.0.0.0 Safari/537.36"
198.51.100.21 - - [27/Feb/2026:10:57:50 -0800] "GET /status HTTP/1.1" 200 2307 "https://app.example.com/home" "Mozilla/5.0 (Windows NT 10.0; Win64; x64) AppleWebKit/537.36 (KHTML, like Gecko) Chrome/145.0.0.0 Safari/537.36"
203.0.113.55 - - [27/Feb/2026:10:58:07 -0800] "POST /dashboard HTTP/1.1" 200 2157 "-" "Mozilla/5.0 (X11; Linux x86_64) AppleWebKit/537.36 (KHTML, like Gecko) Chrome/144.0.0.0 Safari/537.36"
198.18.0.22 - - [27/Feb/2026:10:58:12 -0800] "GET /pricing HTTP/1.1" 200 736 "-" "Mozilla/5.0 (iPhone; CPU iPhone OS 18_2 like Mac OS X) AppleWebKit/605.1.15 (KHTML, like Gecko) Version/18.0 Mobile/15E148 Safari/604.1"
198.18.0.23 - - [27/Feb/2026:10:58:27 -0800] "POST /home HTTP/1.1" 301 1027 "https://intranet.example.local/" "Mozilla/5.0 (Macintosh; Intel Mac OS X 10_15_7) AppleWebKit/605.1.15 (KHTML, like Gecko) Version/18.0 Safari/605.1.15"
203.0.113.10 - - [27/Feb/2026:10:58:51 -0800] "GET /status HTTP/1.1" 301 254 "https://app.example.com/login" "Mozilla/5.0 (Macintosh; Intel Mac OS X 10_15_7) AppleWebKit/605.1.15 (KHTML, like Gecko) Version/18.0 Safari/605.1.15"
192.0.2.15 - - [27/Feb/2026:10:59:22 -0800] "GET /pricing HTTP/1.1" 301 954 "https://app.example.com/home" "Mozilla/5.0 (X11; Linux x86_64) AppleWebKit/537.36 (KHTML, like Gecko) Chrome/144.0.0.0 Safari/537.36"
198.18.0.22 - - [27/Feb/2026:10:59:59 -0800] "GET /images/logo.png HTTP/1.1" 302 1649 "https://app.example.com/login" "Mozilla/5.0 (Macintosh; Intel Mac OS X 10_15_7) AppleWebKit/605.1.15 (KHTML, like Gecko) Version/18.0 Safari/605.1.15"
192.0.2.16 - - [27/Feb/2026:11:00:08 -0800] "GET /docs HTTP/1.1" 200 3891 "https://intranet.example.local/" "Mozilla/5.0 (Macintosh; Intel Mac OS X 10_15_7) AppleWebKit/605.1.15 (KHTML, like Gecko) Version/18.0 Safari/605.1.15"
203.0.113.88 - - [27/Feb/2026:11:00:08 -0800] "GET /home HTTP/1.1" 200 2601 "-" "Mozilla/5.0 (compatible; ThreatIntelFeed/1.0)"
203.0.113.55 - - [27/Feb/2026:11:00:37 -0800] "POST /contact HTTP/1.1" 200 4719 "-" "Mozilla/5.0 (X11; Linux x86_64) AppleWebKit/537.36 (KHTML, like Gecko) Chrome/144.0.0.0 Safari/537.36"
203.0.113.57 - - [27/Feb/2026:11:00:39 -0800] "GET /pricing HTTP/1.1" 304 1037 "https://app.example.com/" "Mozilla/5.0 (Windows NT 10.0; Win64; x64; rv:136.0) Gecko/20100101 Firefox/136.0"
203.0.113.88 - - [27/Feb/2026:11:00:50 -0800] "GET /about HTTP/1.1" 200 848 "-" "curl/8.7.1"
203.0.113.14 - - [27/Feb/2026:11:01:00 -0800] "GET /products HTTP/1.1" 301 1199 "-" "Mozilla/5.0 (X11; Linux x86_64) AppleWebKit/537.36 (KHTML, like Gecko) Chrome/144.0.0.0 Safari/537.36"
203.0.113.12 - - [27/Feb/2026:11:01:33 -0800] "POST /dashboard HTTP/1.1" 200 4755 "https://app.example.com/login" "Mozilla/5.0 (Windows NT 10.0; Win64; x64) AppleWebKit/537.36 (KHTML, like Gecko) Chrome/145.0.0.0 Safari/537.36"
203.0.113.56 - - [27/Feb/2026:11:01:37 -0800] "POST /contact HTTP/1.1" 200 1597 "https://intranet.example.local/" "Mozilla/5.0 (Macintosh; Intel Mac OS X 10_15_7) AppleWebKit/605.1.15 (KHTML, like Gecko) Version/18.0 Safari/605.1.15"
203.0.113.57 - - [27/Feb/2026:11:01:38 -0800] "POST /home HTTP/1.1" 200 4368 "https://app.example.com/dashboard" "Mozilla/5.0 (Macintosh; Intel Mac OS X 10_15_7) AppleWebKit/605.1.15 (KHTML, like Gecko) Version/18.0 Safari/605.1.15"
198.51.100.20 - - [27/Feb/2026:11:01:43 -0800] "GET /js/app.js HTTP/1.1" 302 3032 "https://app.example.com/home" "Mozilla/5.0 (X11; Linux x86_64) AppleWebKit/537.36 (KHTML, like Gecko) Chrome/144.0.0.0 Safari/537.36"
192.0.2.17 - - [27/Feb/2026:11:01:58 -0800] "GET /about HTTP/1.1" 404 1281 "https://app.example.com/login" "Mozilla/5.0 (Windows NT 10.0; Win64; x64) AppleWebKit/537.36 (KHTML, like Gecko) Chrome/145.0.0.0 Safari/537.36"
203.0.113.11 - - [27/Feb/2026:11:02:46 -0800] "GET /presentations/q3_report.pdf HTTP/1.1" 200 83238864 "https://app.example.com/dashboard" "Mozilla/5.0 (Windows NT 10.0; Win64; x64; rv:136.0) Gecko/20100101 Firefox/136.0"
203.0.113.10 - - [27/Feb/2026:11:02:48 -0800] "GET /products HTTP/1.1" 200 1271 "https://app.example.com/dashboard" "Mozilla/5.0 (Windows NT 10.0; Win64; x64) AppleWebKit/537.36 (KHTML, like Gecko) Chrome/145.0.0.0 Safari/537.36"
203.0.113.14 - - [27/Feb/2026:11:02:52 -0800] "POST /dashboard HTTP/1.1" 200 1609 "https://app.example.com/dashboard" "Mozilla/5.0 (Macintosh; Intel Mac OS X 10_15_7) AppleWebKit/605.1.15 (KHTML, like Gecko) Version/18.0 Safari/605.1.15"
192.0.2.15 - - [27/Feb/2026:11:03:18 -0800] "GET /about HTTP/1.1" 200 979 "https://app.example.com/home" "Mozilla/5.0 (X11; Linux x86_64) AppleWebKit/537.36 (KHTML, like Gecko) Chrome/144.0.0.0 Safari/537.36"
203.0.113.13 - - [27/Feb/2026:11:03:45 -0800] "GET /docs HTTP/1.1" 200 3663 "https://app.example.com/dashboard" "Mozilla/5.0 (Macintosh; Intel Mac OS X 10_15_7) AppleWebKit/605.1.15 (KHTML, like Gecko) Version/18.0 Safari/605.1.15"
192.0.2.16 - - [27/Feb/2026:11:03:50 -0800] "POST /contact HTTP/1.1" 200 1048 "https://app.example.com/dashboard" "Mozilla/5.0 (Windows NT 10.0; Win64; x64) AppleWebKit/537.36 (KHTML, like Gecko) Chrome/145.0.0.0 Safari/537.36"
198.18.0.23 - - [27/Feb/2026:11:03:58 -0800] "GET /pricing HTTP/1.1" 200 3837 "https://app.example.com/dashboard" "Mozilla/5.0 (Windows NT 10.0; Win64; x64; rv:136.0) Gecko/20100101 Firefox/136.0"
203.0.113.55 - - [27/Feb/2026:11:04:15 -0800] "GET /dashboard HTTP/1.1" 404 4946 "https://intranet.example.local/" "Mozilla/5.0 (iPhone; CPU iPhone OS 18_2 like Mac OS X) AppleWebKit/605.1.15 (KHTML, like Gecko) Version/18.0 Mobile/15E148 Safari/604.1"
203.0.113.11 - - [27/Feb/2026:11:04:22 -0800] "POST /dashboard HTTP/1.1" 200 2313 "https://app.example.com/dashboard" "Mozilla/5.0 (X11; Linux x86_64) AppleWebKit/537.36 (KHTML, like Gecko) Chrome/144.0.0.0 Safari/537.36"
203.0.113.13 - - [27/Feb/2026:11:04:25 -0800] "GET /home HTTP/1.1" 204 1033 "https://app.example.com/dashboard" "Mozilla/5.0 (Windows NT 10.0; Win64; x64) AppleWebKit/537.36 (KHTML, like Gecko) Chrome/145.0.0.0 Safari/537.36"
203.0.113.88 - - [27/Feb/2026:11:04:34 -0800] "GET /docs HTTP/1.1" 200 1140 "-" "python-requests/2.32.3"
203.0.113.13 - - [27/Feb/2026:11:04:50 -0800] "GET /home HTTP/1.1" 200 3410 "-" "Mozilla/5.0 (Windows NT 10.0; Win64; x64) AppleWebKit/537.36 (KHTML, like Gecko) Chrome/145.0.0.0 Safari/537.36"
198.18.0.22 - - [27/Feb/2026:11:05:06 -0800] "GET /js/app.js HTTP/1.1" 200 711 "https://app.example.com/dashboard" "Mozilla/5.0 (Macintosh; Intel Mac OS X 10_15_7) AppleWebKit/605.1.15 (KHTML, like Gecko) Version/18.0 Safari/605.1.15"
203.0.113.10 - - [27/Feb/2026:11:05:11 -0800] "POST /search?q=agentic+soc HTTP/1.1" 200 1753 "https://app.example.com/login" "Mozilla/5.0 (Macintosh; Intel Mac OS X 10_15_7) AppleWebKit/605.1.15 (KHTML, like Gecko) Version/18.0 Safari/605.1.15"
198.18.0.21 - - [27/Feb/2026:11:05:40 -0800] "GET /status HTTP/1.1" 204 841 "https://www.google.com/" "Mozilla/5.0 (Windows NT 10.0; Win64; x64; rv:136.0) Gecko/20100101 Firefox/136.0"
192.0.2.80 - - [27/Feb/2026:11:06:38 -0800] "GET /wp-config.php HTTP/1.1" 404 160 "-" "Mozilla/5.0 (compatible; Nmap Scripting Engine; https://nmap.org/book/nse.html)"
198.51.100.111 - - [27/Feb/2026:11:06:44 -0800] "GET /wp-config.php HTTP/1.1" 403 240 "-" "Mozilla/5.0 (compatible; Nmap Scripting Engine; https://nmap.org/book/nse.html)"
198.18.0.21 - - [27/Feb/2026:11:06:45 -0800] "GET /images/logo.png HTTP/1.1" 200 1852 "https://www.google.com/" "Mozilla/5.0 (X11; Linux x86_64) AppleWebKit/537.36 (KHTML, like Gecko) Chrome/144.0.0.0 Safari/537.36"
203.0.113.13 - - [27/Feb/2026:11:06:46 -0800] "GET /images/banner.jpg HTTP/1.1" 200 4398 "https://app.example.com/login" "Mozilla/5.0 (iPhone; CPU iPhone OS 18_2 like Mac OS X) AppleWebKit/605.1.15 (KHTML, like Gecko) Version/18.0 Mobile/15E148 Safari/604.1"
203.0.113.11 - - [27/Feb/2026:11:06:50 -0800] "GET /about HTTP/1.1" 200 1191 "https://www.google.com/" "Mozilla/5.0 (Macintosh; Intel Mac OS X 10_15_7) AppleWebKit/605.1.15 (KHTML, like Gecko) Version/18.0 Safari/605.1.15"
203.0.113.13 - - [27/Feb/2026:11:07:07 -0800] "POST /dashboard HTTP/1.1" 200 1822 "https://www.google.com/" "Mozilla/5.0 (X11; Linux x86_64) AppleWebKit/537.36 (KHTML, like Gecko) Chrome/144.0.0.0 Safari/537.36"
192.0.2.17 - - [27/Feb/2026:11:07:19 -0800] "GET /home HTTP/1.1" 304 230 "https://app.example.com/" "Mozilla/5.0 (Windows NT 10.0; Win64; x64; rv:136.0) Gecko/20100101 Firefox/136.0"
203.0.113.12 - - [27/Feb/2026:11:07:26 -0800] "GET /about HTTP/1.1" 304 662 "https://intranet.example.local/" "Mozilla/5.0 (iPhone; CPU iPhone OS 18_2 like Mac OS X) AppleWebKit/605.1.15 (KHTML, like Gecko) Version/18.0 Mobile/15E148 Safari/604.1"
198.51.100.21 - - [27/Feb/2026:11:07:59 -0800] "GET /css/app.css HTTP/1.1" 302 3196 "https://intranet.example.local/" "Mozilla/5.0 (Windows NT 10.0; Win64; x64; rv:136.0) Gecko/20100101 Firefox/136.0"
203.0.113.55 - - [27/Feb/2026:11:08:28 -0800] "GET / HTTP/1.1" 304 769 "https://app.example.com/" "Mozilla/5.0 (Windows NT 10.0; Win64; x64) AppleWebKit/537.36 (KHTML, like Gecko) Chrome/145.0.0.0 Safari/537.36"
203.0.113.14 - - [27/Feb/2026:11:08:34 -0800] "POST /home HTTP/1.1" 200 3738 "https://app.example.com/home" "Mozilla/5.0 (Macintosh; Intel Mac OS X 10_15_7) AppleWebKit/605.1.15 (KHTML, like Gecko) Version/18.0 Safari/605.1.15"
192.0.2.17 - - [27/Feb/2026:11:08:34 -0800] "GET /css/app.css HTTP/1.1" 200 3257 "https://app.example.com/home" "Mozilla/5.0 (Macintosh; Intel Mac OS X 10_15_7) AppleWebKit/605.1.15 (KHTML, like Gecko) Version/18.0 Safari/605.1.15"
203.0.113.55 - - [27/Feb/2026:11:08:59 -0800] "GET / HTTP/1.1" 200 730 "https://www.google.com/" "Mozilla/5.0 (iPhone; CPU iPhone OS 18_2 like Mac OS X) AppleWebKit/605.1.15 (KHTML, like Gecko) Version/18.0 Mobile/15E148 Safari/604.1"
192.0.2.17 - - [27/Feb/2026:11:09:12 -0800] "GET /home HTTP/1.1" 200 3430 "https://app.example.com/dashboard" "Mozilla/5.0 (Macintosh; Intel Mac OS X 10_15_7) AppleWebKit/605.1.15 (KHTML, like Gecko) Version/18.0 Safari/605.1.15"
203.0.113.11 - - [27/Feb/2026:11:09:15 -0800] "POST /contact HTTP/1.1" 302 887 "https://app.example.com/login" "Mozilla/5.0 (Windows NT 10.0; Win64; x64; rv:136.0) Gecko/20100101 Firefox/136.0"
203.0.113.13 - - [27/Feb/2026:11:09:23 -0800] "POST /home HTTP/1.1" 200 1476 "https://app.example.com/login" "Mozilla/5.0 (Windows NT 10.0; Win64; x64; rv:136.0) Gecko/20100101 Firefox/136.0"
203.0.113.10 - - [27/Feb/2026:11:09:29 -0800] "POST /contact HTTP/1.1" 200 782 "https://app.example.com/" "Mozilla/5.0 (Windows NT 10.0; Win64; x64; rv:136.0) Gecko/20100101 Firefox/136.0"
203.0.113.14 - - [27/Feb/2026:11:10:13 -0800] "GET /products HTTP/1.1" 200 3820 "https://app.example.com/login" "Mozilla/5.0 (X11; Linux x86_64) AppleWebKit/537.36 (KHTML, like Gecko) Chrome/144.0.0.0 Safari/537.36"
192.0.2.17 - - [27/Feb/2026:11:10:24 -0800] "GET /search?q=agentic+soc HTTP/1.1" 301 299 "https://app.example.com/" "Mozilla/5.0 (X11; Linux x86_64) AppleWebKit/537.36 (KHTML, like Gecko) Chrome/144.0.0.0 Safari/537.36"
192.0.2.17 - - [27/Feb/2026:11:10:28 -0800] "GET /css/app.css HTTP/1.1" 200 3851 "https://app.example.com/login" "Mozilla/5.0 (X11; Linux x86_64) AppleWebKit/537.36 (KHTML, like Gecko) Chrome/144.0.0.0 Safari/537.36"
203.0.113.56 - - [27/Feb/2026:11:11:45 -0800] "GET /status HTTP/1.1" 200 2967 "https://intranet.example.local/" "Mozilla/5.0 (Windows NT 10.0; Win64; x64; rv:136.0) Gecko/20100101 Firefox/136.0"
203.0.113.56 - - [27/Feb/2026:11:11:48 -0800] "POST /search?q=agentic+soc HTTP/1.1" 301 1163 "https://www.google.com/" "Mozilla/5.0 (Windows NT 10.0; Win64; x64; rv:136.0) Gecko/20100101 Firefox/136.0"
203.0.113.12 - - [27/Feb/2026:11:11:56 -0800] "GET /favicon.ico HTTP/1.1" 200 1398 "https://app.example.com/dashboard" "Mozilla/5.0 (Windows NT 10.0; Win64; x64) AppleWebKit/537.36 (KHTML, like Gecko) Chrome/145.0.0.0 Safari/537.36"
198.51.100.19 - - [27/Feb/2026:11:12:04 -0800] "POST /home HTTP/1.1" 301 576 "https://www.google.com/" "Mozilla/5.0 (iPhone; CPU iPhone OS 18_2 like Mac OS X) AppleWebKit/605.1.15 (KHTML, like Gecko) Version/18.0 Mobile/15E148 Safari/604.1"
203.0.113.56 - - [27/Feb/2026:11:12:51 -0800] "GET /docs HTTP/1.1" 200 4264 "https://app.example.com/dashboard" "Mozilla/5.0 (X11; Linux x86_64) AppleWebKit/537.36 (KHTML, like Gecko) Chrome/144.0.0.0 Safari/537.36"
192.0.2.15 - - [27/Feb/2026:11:12:55 -0800] "POST /dashboard HTTP/1.1" 200 3117 "https://app.example.com/dashboard" "Mozilla/5.0 (Windows NT 10.0; Win64; x64; rv:136.0) Gecko/20100101 Firefox/136.0"
198.51.100.19 - - [27/Feb/2026:11:13:02 -0800] "GET /pricing HTTP/1.1" 304 333 "-" "Mozilla/5.0 (Macintosh; Intel Mac OS X 10_15_7) AppleWebKit/605.1.15 (KHTML, like Gecko) Version/18.0 Safari/605.1.15"
203.0.113.88 - - [27/Feb/2026:11:13:13 -0800] "GET /about HTTP/1.1" 200 766 "-" "Mozilla/5.0 (compatible; ThreatIntelFeed/1.0)"
192.0.2.16 - - [27/Feb/2026:11:13:15 -0800] "POST /home HTTP/1.1" 200 1059 "https://www.google.com/" "Mozilla/5.0 (Macintosh; Intel Mac OS X 10_15_7) AppleWebKit/605.1.15 (KHTML, like Gecko) Version/18.0 Safari/605.1.15"
192.0.2.15 - - [27/Feb/2026:11:13:27 -0800] "GET /search?q=agentic+soc HTTP/1.1" 304 504 "https://app.example.com/home" "Mozilla/5.0 (iPhone; CPU iPhone OS 18_2 like Mac OS X) AppleWebKit/605.1.15 (KHTML, like Gecko) Version/18.0 Mobile/15E148 Safari/604.1"
203.0.113.57 - - [27/Feb/2026:11:13:41 -0800] "POST /home HTTP/1.1" 404 4695 "https://intranet.example.local/" "Mozilla/5.0 (Windows NT 10.0; Win64; x64) AppleWebKit/537.36 (KHTML, like Gecko) Chrome/145.0.0.0 Safari/537.36"
203.0.113.57 - - [27/Feb/2026:11:13:47 -0800] "POST /dashboard HTTP/1.1" 304 878 "https://www.google.com/" "Mozilla/5.0 (iPhone; CPU iPhone OS 18_2 like Mac OS X) AppleWebKit/605.1.15 (KHTML, like Gecko) Version/18.0 Mobile/15E148 Safari/604.1"
198.18.0.23 - - [27/Feb/2026:11:14:25 -0800] "GET /dashboard HTTP/1.1" 201 1642 "https://intranet.example.local/" "Mozilla/5.0 (Macintosh; Intel Mac OS X 10_15_7) AppleWebKit/605.1.15 (KHTML, like Gecko) Version/18.0 Safari/605.1.15"
198.18.0.21 - - [27/Feb/2026:11:14:35 -0800] "POST /dashboard HTTP/1.1" 200 3354 "https://app.example.com/dashboard" "Mozilla/5.0 (Windows NT 10.0; Win64; x64) AppleWebKit/537.36 (KHTML, like Gecko) Chrome/145.0.0.0 Safari/537.36"
198.18.0.22 - - [27/Feb/2026:11:14:42 -0800] "GET / HTTP/1.1" 304 144 "https://www.google.com/" "Mozilla/5.0 (X11; Linux x86_64) AppleWebKit/537.36 (KHTML, like Gecko) Chrome/144.0.0.0 Safari/537.36"
198.18.0.22 - - [27/Feb/2026:11:15:00 -0800] "GET /docs HTTP/1.1" 404 4497 "https://app.example.com/dashboard" "Mozilla/5.0 (Windows NT 10.0; Win64; x64) AppleWebKit/537.36 (KHTML, like Gecko) Chrome/145.0.0.0 Safari/537.36"
192.0.2.15 - - [27/Feb/2026:11:15:02 -0800] "GET /images/logo.png HTTP/1.1" 200 2464 "https://app.example.com/dashboard" "Mozilla/5.0 (Macintosh; Intel Mac OS X 10_15_7) AppleWebKit/605.1.15 (KHTML, like Gecko) Version/18.0 Safari/605.1.15"
203.0.113.56 - - [27/Feb/2026:11:15:06 -0800] "GET /status HTTP/1.1" 301 471 "https://app.example.com/" "Mozilla/5.0 (X11; Linux x86_64) AppleWebKit/537.36 (KHTML, like Gecko) Chrome/144.0.0.0 Safari/537.36"
203.0.113.57 - - [27/Feb/2026:11:15:16 -0800] "GET /images/banner.jpg HTTP/1.1" 200 3282 "https://app.example.com/login" "Mozilla/5.0 (Windows NT 10.0; Win64; x64; rv:136.0) Gecko/20100101 Firefox/136.0"
203.0.113.13 - - [27/Feb/2026:11:15:37 -0800] "GET /images/banner.jpg HTTP/1.1" 200 2176 "https://app.example.com/dashboard" "Mozilla/5.0 (Windows NT 10.0; Win64; x64) AppleWebKit/537.36 (KHTML, like Gecko) Chrome/145.0.0.0 Safari/537.36"
198.51.100.21 - - [27/Feb/2026:11:15:49 -0800] "GET /images/banner.jpg HTTP/1.1" 200 4895 "https://intranet.example.local/" "Mozilla/5.0 (iPhone; CPU iPhone OS 18_2 like Mac OS X) AppleWebKit/605.1.15 (KHTML, like Gecko) Version/18.0 Mobile/15E148 Safari/604.1"
198.18.0.22 - - [27/Feb/2026:11:15:55 -0800] "GET /dashboard HTTP/1.1" 200 2384 "https://www.google.com/" "Mozilla/5.0 (Macintosh; Intel Mac OS X 10_15_7) AppleWebKit/605.1.15 (KHTML, like Gecko) Version/18.0 Safari/605.1.15"
203.0.113.14 - - [27/Feb/2026:11:16:37 -0800] "GET /images/logo.png HTTP/1.1" 200 2252 "https://app.example.com/home" "Mozilla/5.0 (X11; Linux x86_64) AppleWebKit/537.36 (KHTML, like Gecko) Chrome/144.0.0.0 Safari/537.36"
198.18.0.23 - - [27/Feb/2026:11:16:37 -0800] "GET / HTTP/1.1" 200 581 "https://intranet.example.local/" "Mozilla/5.0 (Windows NT 10.0; Win64; x64; rv:136.0) Gecko/20100101 Firefox/136.0"
203.0.113.10 - - [27/Feb/2026:11:16:54 -0800] "GET /docs HTTP/1.1" 302 663 "https://app.example.com/home" "Mozilla/5.0 (iPhone; CPU iPhone OS 18_2 like Mac OS X) AppleWebKit/605.1.15 (KHTML, like Gecko) Version/18.0 Mobile/15E148 Safari/604.1"
203.0.113.10 - - [27/Feb/2026:11:17:12 -0800] "GET /status HTTP/1.1" 200 1411 "-" "Mozilla/5.0 (Macintosh; Intel Mac OS X 10_15_7) AppleWebKit/605.1.15 (KHTML, like Gecko) Version/18.0 Safari/605.1.15"
203.0.113.55 - - [27/Feb/2026:11:17:19 -0800] "GET /products HTTP/1.1" 200 4514 "https://www.google.com/" "Mozilla/5.0 (iPhone; CPU iPhone OS 18_2 like Mac OS X) AppleWebKit/605.1.15 (KHTML, like Gecko) Version/18.0 Mobile/15E148 Safari/604.1"
192.0.2.17 - - [27/Feb/2026:11:17:33 -0800] "GET /contact HTTP/1.1" 301 1020 "https://www.google.com/" "Mozilla/5.0 (X11; Linux x86_64) AppleWebKit/537.36 (KHTML, like Gecko) Chrome/144.0.0.0 Safari/537.36"
203.0.113.88 - - [27/Feb/2026:11:17:36 -0800] "GET /dashboard HTTP/1.1" 200 4626 "-" "Mozilla/5.0 (compatible; ThreatIntelFeed/1.0)"
203.0.113.11 - - [27/Feb/2026:11:18:00 -0800] "GET /api/v1/export HTTP/1.1" 200 51137174 "https://app.example.com/dashboard" "Mozilla/5.0 (X11; Linux x86_64) AppleWebKit/537.36 (KHTML, like Gecko) Chrome/144.0.0.0 Safari/537.36"
203.0.113.88 - - [27/Feb/2026:11:18:02 -0800] "GET / HTTP/1.1" 200 639 "-" "curl/8.7.1"
203.0.113.56 - - [27/Feb/2026:11:18:24 -0800] "GET /images/banner.jpg HTTP/1.1" 200 1178 "https://intranet.example.local/" "Mozilla/5.0 (iPhone; CPU iPhone OS 18_2 like Mac OS X) AppleWebKit/605.1.15 (KHTML, like Gecko) Version/18.0 Mobile/15E148 Safari/604.1"
203.0.113.14 - - [27/Feb/2026:11:18:45 -0800] "GET /css/app.css HTTP/1.1" 200 4472 "https://www.google.com/" "Mozilla/5.0 (Windows NT 10.0; Win64; x64; rv:136.0) Gecko/20100101 Firefox/136.0"
203.0.113.10 - - [27/Feb/2026:11:18:46 -0800] "GET /js/app.js HTTP/1.1" 200 2944 "https://intranet.example.local/" "Mozilla/5.0 (X11; Linux x86_64) AppleWebKit/537.36 (KHTML, like Gecko) Chrome/144.0.0.0 Safari/537.36"
192.0.2.16 - - [27/Feb/2026:11:18:51 -0800] "GET /status HTTP/1.1" 200 753 "https://app.example.com/" "Mozilla/5.0 (Windows NT 10.0; Win64; x64; rv:136.0) Gecko/20100101 Firefox/136.0"
192.0.2.77 - - [27/Feb/2026:11:18:58 -0800] "GET /.env HTTP/1.1" 404 151 "-" "Mozilla/5.0 (compatible; Nmap Scripting Engine; https://nmap.org/book/nse.html)"
192.0.2.16 - - [27/Feb/2026:11:19:03 -0800] "GET /health HTTP/1.1" 302 382 "https://app.example.com/" "Mozilla/5.0 (iPhone; CPU iPhone OS 18_2 like Mac OS X) AppleWebKit/605.1.15 (KHTML, like Gecko) Version/18.0 Mobile/15E148 Safari/604.1"
203.0.113.13 - - [27/Feb/2026:11:19:30 -0800] "GET /pricing HTTP/1.1" 200 4316 "https://app.example.com/" "Mozilla/5.0 (iPhone; CPU iPhone OS 18_2 like Mac OS X) AppleWebKit/605.1.15 (KHTML, like Gecko) Version/18.0 Mobile/15E148 Safari/604.1"
198.18.0.22 - - [27/Feb/2026:11:19:36 -0800] "GET /contact HTTP/1.1" 200 2314 "https://app.example.com/login" "Mozilla/5.0 (Windows NT 10.0; Win64; x64) AppleWebKit/537.36 (KHTML, like Gecko) Chrome/145.0.0.0 Safari/537.36"
198.18.0.21 - - [27/Feb/2026:11:20:14 -0800] "GET /about HTTP/1.1" 200 808 "https://app.example.com/home" "Mozilla/5.0 (Windows NT 10.0; Win64; x64) AppleWebKit/537.36 (KHTML, like Gecko) Chrome/145.0.0.0 Safari/537.36"
203.0.113.56 - - [27/Feb/2026:11:20:19 -0800] "POST /dashboard HTTP/1.1" 304 20 "https://app.example.com/" "Mozilla/5.0 (Windows NT 10.0; Win64; x64) AppleWebKit/537.36 (KHTML, like Gecko) Chrome/145.0.0.0 Safari/537.36"
192.0.2.15 - - [27/Feb/2026:11:20:48 -0800] "GET /dashboard HTTP/1.1" 301 326 "https://intranet.example.local/" "Mozilla/5.0 (Windows NT 10.0; Win64; x64) AppleWebKit/537.36 (KHTML, like Gecko) Chrome/145.0.0.0 Safari/537.36"
198.18.0.22 - - [27/Feb/2026:11:20:49 -0800] "GET /images/logo.png HTTP/1.1" 301 937 "https://app.example.com/login" "Mozilla/5.0 (Macintosh; Intel Mac OS X 10_15_7) AppleWebKit/605.1.15 (KHTML, like Gecko) Version/18.0 Safari/605.1.15"
198.51.100.21 - - [27/Feb/2026:11:21:04 -0800] "GET /status HTTP/1.1" 301 372 "https://app.example.com/" "Mozilla/5.0 (Macintosh; Intel Mac OS X 10_15_7) AppleWebKit/605.1.15 (KHTML, like Gecko) Version/18.0 Safari/605.1.15"
192.0.2.16 - - [27/Feb/2026:11:21:50 -0800] "POST /contact HTTP/1.1" 200 1769 "https://intranet.example.local/" "Mozilla/5.0 (X11; Linux x86_64) AppleWebKit/537.36 (KHTML, like Gecko) Chrome/144.0.0.0 Safari/537.36"
203.0.113.14 - - [27/Feb/2026:11:22:06 -0800] "GET /status HTTP/1.1" 200 2613 "https://app.example.com/login" "Mozilla/5.0 (iPhone; CPU iPhone OS 18_2 like Mac OS X) AppleWebKit/605.1.15 (KHTML, like Gecko) Version/18.0 Mobile/15E148 Safari/604.1"
203.0.113.11 - - [27/Feb/2026:11:22:19 -0800] "GET /pricing HTTP/1.1" 200 1958 "https://app.example.com/" "Mozilla/5.0 (X11; Linux x86_64) AppleWebKit/537.36 (KHTML, like Gecko) Chrome/144.0.0.0 Safari/537.36"
198.18.0.23 - - [27/Feb/2026:11:22:22 -0800] "POST /contact HTTP/1.1" 200 1092 "https://app.example.com/dashboard" "Mozilla/5.0 (Windows NT 10.0; Win64; x64) AppleWebKit/537.36 (KHTML, like Gecko) Chrome/145.0.0.0 Safari/537.36"
203.0.113.13 - - [27/Feb/2026:11:23:02 -0800] "POST /contact HTTP/1.1" 200 4282 "https://app.example.com/login" "Mozilla/5.0 (iPhone; CPU iPhone OS 18_2 like Mac OS X) AppleWebKit/605.1.15 (KHTML, like Gecko) Version/18.0 Mobile/15E148 Safari/604.1"
192.0.2.79 - - [27/Feb/2026:11:23:12 -0800] "GET /admin/config HTTP/1.1" 404 136 "-" "Mozilla/5.0 (compatible; Nmap Scripting Engine; https://nmap.org/book/nse.html)"
192.0.2.16 - - [27/Feb/2026:11:23:19 -0800] "POST /contact HTTP/1.1" 200 1576 "https://app.example.com/home" "Mozilla/5.0 (Windows NT 10.0; Win64; x64) AppleWebKit/537.36 (KHTML, like Gecko) Chrome/145.0.0.0 Safari/537.36"
192.0.2.17 - - [27/Feb/2026:11:23:21 -0800] "GET /about HTTP/1.1" 200 769 "https://app.example.com/login" "Mozilla/5.0 (Windows NT 10.0; Win64; x64; rv:136.0) Gecko/20100101 Firefox/136.0"
198.18.0.23 - - [27/Feb/2026:11:24:01 -0800] "GET /products HTTP/1.1" 200 2825 "https://app.example.com/dashboard" "Mozilla/5.0 (Macintosh; Intel Mac OS X 10_15_7) AppleWebKit/605.1.15 (KHTML, like Gecko) Version/18.0 Safari/605.1.15"
192.0.2.16 - - [27/Feb/2026:11:24:09 -0800] "GET /images/banner.jpg HTTP/1.1" 200 4172 "https://app.example.com/dashboard" "Mozilla/5.0 (Macintosh; Intel Mac OS X 10_15_7) AppleWebKit/605.1.15 (KHTML, like Gecko) Version/18.0 Safari/605.1.15"
203.0.113.57 - - [27/Feb/2026:11:24:13 -0800] "GET /products HTTP/1.1" 200 1624 "https://app.example.com/dashboard" "Mozilla/5.0 (Windows NT 10.0; Win64; x64) AppleWebKit/537.36 (KHTML, like Gecko) Chrome/145.0.0.0 Safari/537.36"
203.0.113.55 - - [27/Feb/2026:11:24:17 -0800] "POST /dashboard HTTP/1.1" 200 2446 "-" "Mozilla/5.0 (X11; Linux x86_64) AppleWebKit/537.36 (KHTML, like Gecko) Chrome/144.0.0.0 Safari/537.36"
192.0.2.77 - - [27/Feb/2026:11:24:36 -0800] "GET /backup.zip HTTP/1.1" 403 215 "-" "Mozilla/5.0 (compatible; Nmap Scripting Engine; https://nmap.org/book/nse.html)"
203.0.113.10 - - [27/Feb/2026:11:26:18 -0800] "GET /dashboard HTTP/1.1" 200 4461 "https://app.example.com/home" "Mozilla/5.0 (Windows NT 10.0; Win64; x64) AppleWebKit/537.36 (KHTML, like Gecko) Chrome/145.0.0.0 Safari/537.36"
198.18.0.22 - - [27/Feb/2026:11:26:45 -0800] "GET /images/logo.png HTTP/1.1" 301 1194 "https://intranet.example.local/" "Mozilla/5.0 (X11; Linux x86_64) AppleWebKit/537.36 (KHTML, like Gecko) Chrome/144.0.0.0 Safari/537.36"
198.18.0.23 - - [27/Feb/2026:11:26:51 -0800] "GET /js/app.js HTTP/1.1" 301 3578 "https://intranet.example.local/" "Mozilla/5.0 (Windows NT 10.0; Win64; x64; rv:136.0) Gecko/20100101 Firefox/136.0"
203.0.113.55 - - [27/Feb/2026:11:26:56 -0800] "GET /pricing HTTP/1.1" 200 4982 "https://www.google.com/" "Mozilla/5.0 (Macintosh; Intel Mac OS X 10_15_7) AppleWebKit/605.1.15 (KHTML, like Gecko) Version/18.0 Safari/605.1.15"
192.0.2.17 - - [27/Feb/2026:11:26:57 -0800] "GET /images/logo.png HTTP/1.1" 404 2277 "-" "Mozilla/5.0 (iPhone; CPU iPhone OS 18_2 like Mac OS X) AppleWebKit/605.1.15 (KHTML, like Gecko) Version/18.0 Mobile/15E148 Safari/604.1"
198.51.100.21 - - [27/Feb/2026:11:27:09 -0800] "GET /pricing HTTP/1.1" 200 2522 "https://app.example.com/home" "Mozilla/5.0 (iPhone; CPU iPhone OS 18_2 like Mac OS X) AppleWebKit/605.1.15 (KHTML, like Gecko) Version/18.0 Mobile/15E148 Safari/604.1"
203.0.113.55 - - [27/Feb/2026:11:27:48 -0800] "GET /products HTTP/1.1" 200 4285 "https://app.example.com/home" "Mozilla/5.0 (iPhone; CPU iPhone OS 18_2 like Mac OS X) AppleWebKit/605.1.15 (KHTML, like Gecko) Version/18.0 Mobile/15E148 Safari/604.1"
192.0.2.16 - - [27/Feb/2026:11:28:28 -0800] "GET /contact HTTP/1.1" 200 968 "https://app.example.com/dashboard" "Mozilla/5.0 (iPhone; CPU iPhone OS 18_2 like Mac OS X) AppleWebKit/605.1.15 (KHTML, like Gecko) Version/18.0 Mobile/15E148 Safari/604.1"
203.0.113.10 - - [27/Feb/2026:11:28:29 -0800] "GET /favicon.ico HTTP/1.1" 200 1145 "https://app.example.com/" "Mozilla/5.0 (X11; Linux x86_64) AppleWebKit/537.36 (KHTML, like Gecko) Chrome/144.0.0.0 Safari/537.36"
203.0.113.14 - - [27/Feb/2026:11:28:29 -0800] "GET /contact HTTP/1.1" 200 3440 "https://app.example.com/" "Mozilla/5.0 (Windows NT 10.0; Win64; x64) AppleWebKit/537.36 (KHTML, like Gecko) Chrome/145.0.0.0 Safari/537.36"
203.0.113.13 - - [27/Feb/2026:11:28:34 -0800] "GET /css/app.css HTTP/1.1" 302 1570 "https://app.example.com/home" "Mozilla/5.0 (iPhone; CPU iPhone OS 18_2 like Mac OS X) AppleWebKit/605.1.15 (KHTML, like Gecko) Version/18.0 Mobile/15E148 Safari/604.1"
198.51.100.42 - - [27/Feb/2026:11:28:38 -0800] "GET /home HTTP/1.1" 200 3630 "-" "Mozilla/5.0 (compatible; ThreatIntelFeed/1.0)"
203.0.113.11 - - [27/Feb/2026:11:29:00 -0800] "GET /health HTTP/1.1" 200 2459 "https://www.google.com/" "Mozilla/5.0 (Windows NT 10.0; Win64; x64; rv:136.0) Gecko/20100101 Firefox/136.0"
203.0.113.10 - - [27/Feb/2026:11:29:18 -0800] "POST /dashboard HTTP/1.1" 200 1240 "-" "Mozilla/5.0 (X11; Linux x86_64) AppleWebKit/537.36 (KHTML, like Gecko) Chrome/144.0.0.0 Safari/537.36"
203.0.113.13 - - [27/Feb/2026:11:29:26 -0800] "GET /about HTTP/1.1" 200 3027 "https://app.example.com/" "Mozilla/5.0 (Macintosh; Intel Mac OS X 10_15_7) AppleWebKit/605.1.15 (KHTML, like Gecko) Version/18.0 Safari/605.1.15"
192.0.2.16 - - [27/Feb/2026:11:29:41 -0800] "GET /contact HTTP/1.1" 200 3883 "https://app.example.com/login" "Mozilla/5.0 (Windows NT 10.0; Win64; x64; rv:136.0) Gecko/20100101 Firefox/136.0"
203.0.113.10 - - [27/Feb/2026:11:29:56 -0800] "POST /dashboard HTTP/1.1" 200 2329 "https://app.example.com/dashboard" "Mozilla/5.0 (Windows NT 10.0; Win64; x64; rv:136.0) Gecko/20100101 Firefox/136.0"
198.18.0.21 - - [27/Feb/2026:11:30:11 -0800] "GET /css/app.css HTTP/1.1" 200 3729 "-" "Mozilla/5.0 (X11; Linux x86_64) AppleWebKit/537.36 (KHTML, like Gecko) Chrome/144.0.0.0 Safari/537.36"
203.0.113.55 - - [27/Feb/2026:11:30:27 -0800] "GET /dashboard HTTP/1.1" 200 1262 "-" "Mozilla/5.0 (iPhone; CPU iPhone OS 18_2 like Mac OS X) AppleWebKit/605.1.15 (KHTML, like Gecko) Version/18.0 Mobile/15E148 Safari/604.1"
192.0.2.17 - - [27/Feb/2026:11:31:07 -0800] "GET /images/banner.jpg HTTP/1.1" 302 523 "https://intranet.example.local/" "Mozilla/5.0 (X11; Linux x86_64) AppleWebKit/537.36 (KHTML, like Gecko) Chrome/144.0.0.0 Safari/537.36"
203.0.113.12 - - [27/Feb/2026:11:31:17 -0800] "GET /dashboard HTTP/1.1" 200 2880 "-" "Mozilla/5.0 (Windows NT 10.0; Win64; x64; rv:136.0) Gecko/20100101 Firefox/136.0"
198.51.100.20 - - [27/Feb/2026:11:31:21 -0800] "GET /search?q=agentic+soc HTTP/1.1" 200 4732 "https://app.example.com/login" "Mozilla/5.0 (iPhone; CPU iPhone OS 18_2 like Mac OS X) AppleWebKit/605.1.15 (KHTML, like Gecko) Version/18.0 Mobile/15E148 Safari/604.1"
192.0.2.15 - - [27/Feb/2026:11:31:30 -0800] "GET /contact HTTP/1.1" 200 1936 "https://www.google.com/" "Mozilla/5.0 (Windows NT 10.0; Win64; x64; rv:136.0) Gecko/20100101 Firefox/136.0"
203.0.113.88 - - [27/Feb/2026:11:31:51 -0800] "GET /dashboard HTTP/1.1" 200 4459 "-" "python-requests/2.32.3"
203.0.113.10 - - [27/Feb/2026:11:32:04 -0800] "GET /pricing HTTP/1.1" 200 3836 "https://intranet.example.local/" "Mozilla/5.0 (X11; Linux x86_64) AppleWebKit/537.36 (KHTML, like Gecko) Chrome/144.0.0.0 Safari/537.36"
203.0.113.11 - - [27/Feb/2026:11:32:26 -0800] "GET /search?q=agentic+soc HTTP/1.1" 200 1578 "https://app.example.com/login" "Mozilla/5.0 (X11; Linux x86_64) AppleWebKit/537.36 (KHTML, like Gecko) Chrome/144.0.0.0 Safari/537.36"
203.0.113.13 - - [27/Feb/2026:11:32:34 -0800] "POST /home HTTP/1.1" 200 1525 "https://app.example.com/login" "Mozilla/5.0 (Windows NT 10.0; Win64; x64) AppleWebKit/537.36 (KHTML, like Gecko) Chrome/145.0.0.0 Safari/537.36"
198.51.100.20 - - [27/Feb/2026:11:32:46 -0800] "GET /products HTTP/1.1" 200 4427 "https://intranet.example.local/" "Mozilla/5.0 (Windows NT 10.0; Win64; x64; rv:136.0) Gecko/20100101 Firefox/136.0"
198.51.100.19 - - [27/Feb/2026:11:33:38 -0800] "GET /about HTTP/1.1" 200 1636 "https://app.example.com/login" "Mozilla/5.0 (X11; Linux x86_64) AppleWebKit/537.36 (KHTML, like Gecko) Chrome/144.0.0.0 Safari/537.36"
192.0.2.17 - - [27/Feb/2026:11:33:52 -0800] "GET /search?q=agentic+soc HTTP/1.1" 200 2997 "-" "Mozilla/5.0 (Windows NT 10.0; Win64; x64; rv:136.0) Gecko/20100101 Firefox/136.0"
192.0.2.15 - - [27/Feb/2026:11:33:55 -0800] "GET /status HTTP/1.1" 200 597 "https://intranet.example.local/" "Mozilla/5.0 (iPhone; CPU iPhone OS 18_2 like Mac OS X) AppleWebKit/605.1.15 (KHTML, like Gecko) Version/18.0 Mobile/15E148 Safari/604.1"
192.0.2.16 - - [27/Feb/2026:11:34:34 -0800] "GET / HTTP/1.1" 200 910 "https://app.example.com/dashboard" "Mozilla/5.0 (Windows NT 10.0; Win64; x64; rv:136.0) Gecko/20100101 Firefox/136.0"
203.0.113.12 - - [27/Feb/2026:11:34:38 -0800] "GET /pricing HTTP/1.1" 200 3408 "https://intranet.example.local/" "Mozilla/5.0 (iPhone; CPU iPhone OS 18_2 like Mac OS X) AppleWebKit/605.1.15 (KHTML, like Gecko) Version/18.0 Mobile/15E148 Safari/604.1"
203.0.113.56 - - [27/Feb/2026:11:34:43 -0800] "GET /health HTTP/1.1" 200 3725 "-" "Mozilla/5.0 (Windows NT 10.0; Win64; x64) AppleWebKit/537.36 (KHTML, like Gecko) Chrome/145.0.0.0 Safari/537.36"
203.0.113.10 - - [27/Feb/2026:11:34:56 -0800] "GET /js/app.js HTTP/1.1" 200 2813 "https://app.example.com/login" "Mozilla/5.0 (Windows NT 10.0; Win64; x64) AppleWebKit/537.36 (KHTML, like Gecko) Chrome/145.0.0.0 Safari/537.36"
203.0.113.12 - - [27/Feb/2026:11:35:32 -0800] "POST /home HTTP/1.1" 201 3727 "-" "Mozilla/5.0 (Windows NT 10.0; Win64; x64) AppleWebKit/537.36 (KHTML, like Gecko) Chrome/145.0.0.0 Safari/537.36"
203.0.113.10 - - [27/Feb/2026:11:35:41 -0800] "GET /contact HTTP/1.1" 200 4293 "https://app.example.com/dashboard" "Mozilla/5.0 (iPhone; CPU iPhone OS 18_2 like Mac OS X) AppleWebKit/605.1.15 (KHTML, like Gecko) Version/18.0 Mobile/15E148 Safari/604.1"
198.18.0.21 - - [27/Feb/2026:11:35:48 -0800] "POST /dashboard HTTP/1.1" 200 3703 "https://app.example.com/login" "Mozilla/5.0 (iPhone; CPU iPhone OS 18_2 like Mac OS X) AppleWebKit/605.1.15 (KHTML, like Gecko) Version/18.0 Mobile/15E148 Safari/604.1"
203.0.113.11 - - [27/Feb/2026:11:35:50 -0800] "GET /favicon.ico HTTP/1.1" 200 580 "https://app.example.com/dashboard" "Mozilla/5.0 (iPhone; CPU iPhone OS 18_2 like Mac OS X) AppleWebKit/605.1.15 (KHTML, like Gecko) Version/18.0 Mobile/15E148 Safari/604.1"
203.0.113.56 - - [27/Feb/2026:11:36:09 -0800] "GET /images/logo.png HTTP/1.1" 204 1563 "https://app.example.com/dashboard" "Mozilla/5.0 (Macintosh; Intel Mac OS X 10_15_7) AppleWebKit/605.1.15 (KHTML, like Gecko) Version/18.0 Safari/605.1.15"
203.0.113.55 - - [27/Feb/2026:11:36:15 -0800] "GET /about HTTP/1.1" 200 3803 "https://intranet.example.local/" "Mozilla/5.0 (iPhone; CPU iPhone OS 18_2 like Mac OS X) AppleWebKit/605.1.15 (KHTML, like Gecko) Version/18.0 Mobile/15E148 Safari/604.1"
198.18.0.21 - - [27/Feb/2026:11:36:20 -0800] "GET /home HTTP/1.1" 200 3506 "https://app.example.com/dashboard" "Mozilla/5.0 (iPhone; CPU iPhone OS 18_2 like Mac OS X) AppleWebKit/605.1.15 (KHTML, like Gecko) Version/18.0 Mobile/15E148 Safari/604.1"
198.18.0.21 - - [27/Feb/2026:11:36:43 -0800] "POST /contact HTTP/1.1" 201 1113 "https://app.example.com/dashboard" "Mozilla/5.0 (Macintosh; Intel Mac OS X 10_15_7) AppleWebKit/605.1.15 (KHTML, like Gecko) Version/18.0 Safari/605.1.15"
203.0.113.10 - - [27/Feb/2026:11:36:51 -0800] "GET /contact HTTP/1.1" 200 2781 "https://app.example.com/dashboard" "Mozilla/5.0 (X11; Linux x86_64) AppleWebKit/537.36 (KHTML, like Gecko) Chrome/144.0.0.0 Safari/537.36"
198.18.0.22 - - [27/Feb/2026:11:37:12 -0800] "GET /favicon.ico HTTP/1.1" 200 1110 "https://app.example.com/dashboard" "Mozilla/5.0 (X11; Linux x86_64) AppleWebKit/537.36 (KHTML, like Gecko) Chrome/144.0.0.0 Safari/537.36"
198.18.0.22 - - [27/Feb/2026:11:37:43 -0800] "GET /images/logo.png HTTP/1.1" 200 2397 "https://www.google.com/" "Mozilla/5.0 (Windows NT 10.0; Win64; x64; rv:136.0) Gecko/20100101 Firefox/136.0"
192.0.2.15 - - [27/Feb/2026:11:38:11 -0800] "POST /home HTTP/1.1" 200 3035 "https://app.example.com/login" "Mozilla/5.0 (Macintosh; Intel Mac OS X 10_15_7) AppleWebKit/605.1.15 (KHTML, like Gecko) Version/18.0 Safari/605.1.15"
192.0.2.17 - - [27/Feb/2026:11:38:19 -0800] "GET /pricing HTTP/1.1" 204 21 "https://intranet.example.local/" "Mozilla/5.0 (Windows NT 10.0; Win64; x64) AppleWebKit/537.36 (KHTML, like Gecko) Chrome/145.0.0.0 Safari/537.36"
203.0.113.10 - - [27/Feb/2026:11:38:22 -0800] "GET /images/banner.jpg HTTP/1.1" 204 1053 "https://app.example.com/dashboard" "Mozilla/5.0 (Windows NT 10.0; Win64; x64) AppleWebKit/537.36 (KHTML, like Gecko) Chrome/145.0.0.0 Safari/537.36"
203.0.113.11 - - [27/Feb/2026:11:38:53 -0800] "GET /js/app.js HTTP/1.1" 200 3196 "-" "Mozilla/5.0 (iPhone; CPU iPhone OS 18_2 like Mac OS X) AppleWebKit/605.1.15 (KHTML, like Gecko) Version/18.0 Mobile/15E148 Safari/604.1"
203.0.113.57 - - [27/Feb/2026:11:39:32 -0800] "GET /pricing HTTP/1.1" 200 1048 "https://app.example.com/dashboard" "Mozilla/5.0 (Windows NT 10.0; Win64; x64) AppleWebKit/537.36 (KHTML, like Gecko) Chrome/145.0.0.0 Safari/537.36"
203.0.113.57 - - [27/Feb/2026:11:39:33 -0800] "POST /dashboard HTTP/1.1" 404 3492 "https://app.example.com/" "Mozilla/5.0 (iPhone; CPU iPhone OS 18_2 like Mac OS X) AppleWebKit/605.1.15 (KHTML, like Gecko) Version/18.0 Mobile/15E148 Safari/604.1"
198.18.0.22 - - [27/Feb/2026:11:39:51 -0800] "POST /contact HTTP/1.1" 404 4561 "https://app.example.com/" "Mozilla/5.0 (X11; Linux x86_64) AppleWebKit/537.36 (KHTML, like Gecko) Chrome/144.0.0.0 Safari/537.36"
198.18.0.23 - - [27/Feb/2026:11:40:02 -0800] "POST /dashboard HTTP/1.1" 200 4968 "https://app.example.com/home" "Mozilla/5.0 (iPhone; CPU iPhone OS 18_2 like Mac OS X) AppleWebKit/605.1.15 (KHTML, like Gecko) Version/18.0 Mobile/15E148 Safari/604.1"
198.18.0.22 - - [27/Feb/2026:11:40:07 -0800] "GET / HTTP/1.1" 200 3140 "https://app.example.com/" "Mozilla/5.0 (Windows NT 10.0; Win64; x64; rv:136.0) Gecko/20100101 Firefox/136.0"
192.0.2.15 - - [27/Feb/2026:11:40:20 -0800] "GET /css/app.css HTTP/1.1" 200 3628 "https://app.example.com/" "Mozilla/5.0 (X11; Linux x86_64) AppleWebKit/537.36 (KHTML, like Gecko) Chrome/144.0.0.0 Safari/537.36"
203.0.113.11 - - [27/Feb/2026:11:40:36 -0800] "GET /presentations/q3_report.pdf HTTP/1.1" 200 91232783 "https://app.example.com/dashboard" "Mozilla/5.0 (X11; Linux x86_64) AppleWebKit/537.36 (KHTML, like Gecko) Chrome/144.0.0.0 Safari/537.36"
192.0.2.16 - - [27/Feb/2026:11:40:46 -0800] "GET /status HTTP/1.1" 200 2541 "https://app.example.com/" "Mozilla/5.0 (Windows NT 10.0; Win64; x64; rv:136.0) Gecko/20100101 Firefox/136.0"
203.0.113.14 - - [27/Feb/2026:11:40:55 -0800] "GET /pricing HTTP/1.1" 404 2331 "https://app.example.com/" "Mozilla/5.0 (Macintosh; Intel Mac OS X 10_15_7) AppleWebKit/605.1.15 (KHTML, like Gecko) Version/18.0 Safari/605.1.15"
203.0.113.199 - - [27/Feb/2026:11:41:03 -0800] "GET /.git/config HTTP/1.1" 403 146 "-" "Mozilla/5.0 (compatible; Nmap Scripting Engine; https://nmap.org/book/nse.html)"
