192.0.2.16 - - [27/Feb/2026:09:51:00 -0800] "GET /health HTTP/1.1" 200 2118 "https://www.google.com/" "Mozilla/5.0 (iPhone; CPU iPhone OS 18_2 like Mac OS X) AppleWebKit/605.1.15 (KHTML, like Gecko) Version/18.0 Mobile/15E148 Safari/604.1"
192.0.2.16 - - [27/Feb/2026:09:51:16 -0800] "POST /dashboard HTTP/1.1" 200 1282 "https://app.example.com/home" "Mozilla/5.0 (Windows NT 10.0; Win64; x64) AppleWebKit/537.36 (KHTML, like Gecko) Chrome/145.0.0.0 Safari/537.36"
203.0.113.10 - - [27/Feb/2026:09:51:20 -0800] "POST /home HTTP/1.1" 200 2418 "https://app.example.com/home" "Mozilla/5.0 (Windows NT 10.0; Win64; x64) AppleWebKit/537.36 (KHTML, like Gecko) Chrome/145.0.0.0 Safari/537.36"
192.0.2.17 - - [27/Feb/2026:09:51:21 -0800] "POST /dashboard HTTP/1.1" 301 1540 "https://intranet.example.local/" "Mozilla/5.0 (Windows NT 10.0; Win64; x64) AppleWebKit/537.36 (KHTML, like Gecko) Chrome/145.0.0.0 Safari/537.36"
192.0.2.16 - - [27/Feb/2026:09:51:27 -0800] "GET /pricing HTTP/1.1" 404 1521 "https://intranet.example.local/" "Mozilla/5.0 (Macintosh; Intel Mac OS X 10_15_7) AppleWebKit/605.1.15 (KHTML, like Gecko) Version/18.0 Safari/605.1.15"
203.0.113.14 - - [27/Feb/2026:09:51:35 -0800] "POST /home HTTP/1.1" 200 4389 "https://www.google.com/" "Mozilla/5.0 (X11; Linux x86_64) AppleWebKit/537.36 (KHTML, like Gecko) Chrome/144.0.0.0 Safari/537.36"
198.51.100.21 - - [27/Feb/2026:09:51:54 -0800] "GET /health HTTP/1.1" 200 4692 "https://app.example.com/" "Mozilla/5.0 (X11; Linux x86_64) AppleWebKit/537.36 (KHTML, like Gecko) Chrome/144.0.0.0 Safari/537.36"
203.0.113.13 - - [27/Feb/2026:09:52:35 -0800] "GET /home HTTP/1.1" 200 2401 "https://app.example.com/" "Mozilla/5.0 (Macintosh; Intel Mac OS X 10_15_7) AppleWebKit/605.1.15 (KHTML, like Gecko) Version/18.0 Safari/605.1.15"
203.0.113.10 - - [27/Feb/2026:09:52:36 -0800] "GET /images/logo.png HTTP/1.1" 200 2219 "https://app.example.com/" "Mozilla/5.0 (X11; Linux x86_64) AppleWebKit/537.36 (KHTML, like Gecko) Chrome/144.0.0.0 Safari/537.36"
192.0.2.15 - - [27/Feb/2026:09:52:50 -0800] "POST /contact HTTP/1.1" 200 2948 "https://app.example.com/dashboard" "Mozilla/5.0 (X11; Linux x86_64) AppleWebKit/537.36 (KHTML, like Gecko) Chrome/144.0.0.0 Safari/537.36"
203.0.113.12 - - [27/Feb/2026:09:53:05 -0800] "GET /css/app.css HTTP/1.1" 200 2205 "-" "Mozilla/5.0 (X11; Linux x86_64) AppleWebKit/537.36 (KHTML, like Gecko) Chrome/144.0.0.0 Safari/537.36"
203.0.113.14 - - [27/Feb/2026:09:53:07 -0800] "GET /status HTTP/1.1" 200 1392 "https://app.example.com/login" "Mozilla/5.0 (Macintosh; Intel Mac OS X 10_15_7) AppleWebKit/605.1.15 (KHTML, like Gecko) Version/18.0 Safari/605.1.15"
192.0.2.17 - - [27/Feb/2026:09:53:26 -0800] "GET /css/app.css HTTP/1.1" 200 1371 "https://app.example.com/home" "Mozilla/5.0 (Macintosh; Intel Mac OS X 10_15_7) AppleWebKit/605.1.15 (KHTML, like Gecko) Version/18.0 Safari/605.1.15"
192.0.2.15 - - [27/Feb/2026:09:53:45 -0800] "POST /contact HTTP/1.1" 301 862 "https://app.example.com/login" "Mozilla/5.0 (Windows NT 10.0; Win64; x64; rv:136.0) Gecko/20100101 Firefox/136.0"
203.0.113.11 - - [27/Feb/2026:09:54:23 -0800] "GET /about HTTP/1.1" 200 3386 "https://app.example.com/" "Mozilla/5.0 (Macintosh; Intel Mac OS X 10_15_7) AppleWebKit/605.1.15 (KHTML, like Gecko) Version/18.0 Safari/605.1.15"
198.18.0.21 - - [27/Feb/2026:09:54:23 -0800] "GET /contact HTTP/1.1" 200 4860 "https://intranet.example.local/" "Mozilla/5.0 (iPhone; CPU iPhone OS 18_2 like Mac OS X) AppleWebKit/605.1.15 (KHTML, like Gecko) Version/18.0 Mobile/15E148 Safari/604.1"
192.0.2.15 - - [27/Feb/2026:09:54:24 -0800] "GET /docs HTTP/1.1" 200 2952 "https://app.example.com/" "Mozilla/5.0 (Windows NT 10.0; Win64; x64; rv:136.0) Gecko/20100101 Firefox/136.0"
198.18.0.22 - - [27/Feb/2026:09:54:51 -0800] "GET /js/app.js HTTP/1.1" 204 3393 "https://app.example.com/home" "Mozilla/5.0 (X11; Linux x86_64) AppleWebKit/537.36 (KHTML, like Gecko) Chrome/144.0.0.0 Safari/537.36"
192.0.2.16 - - [27/Feb/2026:09:55:20 -0800] "GET /favicon.ico HTTP/1.1" 200 642 "https://app.example.com/" "Mozilla/5.0 (Windows NT 10.0; Win64; x64; rv:136.0) Gecko/20100101 Firefox/136.0"
198.18.0.22 - - [27/Feb/2026:09:55:35 -0800] "GET /about HTTP/1.1" 200 3887 "https://app.example.com/" "Mozilla/5.0 (iPhone; CPU iPhone OS 18_2 like Mac OS X) AppleWebKit/605.1.15 (KHTML, like Gecko) Version/18.0 Mobile/15E148 Safari/604.1"
198.51.100.20 - - [27/Feb/2026:09:55:48 -0800] "GET /images/logo.png HTTP/1.1" 200 1043 "-" "Mozilla/5.0 (Windows NT 10.0; Win64; x64) AppleWebKit/537.36 (KHTML, like Gecko) Chrome/145.0.0.0 Safari/537.36"
203.0.113.12 - - [27/Feb/2026:09:55:50 -0800] "GET /favicon.ico HTTP/1.1" 200 1475 "https://app.example.com/login" "Mozilla/5.0 (Macintosh; Intel Mac OS X 10_15_7) AppleWebKit/605.1.15 (KHTML, like Gecko) Version/18.0 Safari/605.1.15"
192.0.2.15 - - [27/Feb/2026:09:56:21 -0800] "GET /status HTTP/1.1" 200 820 "https://app.example.com/dashboard" "Mozilla/5.0 (X11; Linux x86_64) AppleWebKit/537.36 (KHTML, like Gecko) Chrome/144.0.0.0 Safari/537.36"
192.0.2.77 - - [27/Feb/2026:09:56:25 -0800] "GET /admin/backup.sql HTTP/1.1" 403 196 "-" "Mozilla/5.0 (compatible; Nmap Scripting Engine; https://nmap.org/book/nse.html)"
192.0.2.15 - - [27/Feb/2026:09:56:51 -0800] "GET /status HTTP/1.1" 200 3258 "https://intranet.example.local/" "Mozilla/5.0 (Windows NT 10.0; Win64; x64) AppleWebKit/537.36 (KHTML, like Gecko) Chrome/145.0.0.0 Safari/537.36"
203.0.113.55 - - [27/Feb/2026:09:57:17 -0800] "POST /contact HTTP/1.1" 301 2119 "https://intranet.example.local/" "Mozilla/5.0 (X11; Linux x86_64) AppleWebKit/537.36 (KHTML, like Gecko) Chrome/144.0.0.0 Safari/537.36"
198.51.100.21 - - [27/Feb/2026:09:57:35 -0800] "GET /images/logo.png HTTP/1.1" 404 2454 "https://app.example.com/" "Mozilla/5.0 (X11; Linux x86_64) AppleWebKit/537.36 (KHTML, like Gecko) Chrome/144.0.0.0 Safari/537.36"
198.51.100.19 - - [27/Feb/2026:09:57:46 -0800] "POST /home HTTP/1.1" 200 1284 "-" "Mozilla/5.0 (Windows NT 10.0; Win64; x64; rv:136.0) Gecko/20100101 Firefox/136.0"
192.0.2.80 - - [27/Feb/2026:09:57:50 -0800] "GET /admin/backup.sql HTTP/1.1" 403 415 "-" "Mozilla/5.0 (compatible; Nmap Scripting Engine; https://nmap.org/book/nse.html)"
198.18.0.21 - - [27/Feb/2026:09:58:32 -0800] "POST /home HTTP/1.1" 201 1780 "https://intranet.example.local/" "Mozilla/5.0 (Macintosh; Intel Mac OS X 10_15_7) AppleWebKit/605.1.15 (KHTML, like Gecko) Version/18.0 Safari/605.1.15"
203.0.113.56 - - [27/Feb/2026:09:58:47 -0800] "GET /css/app.css HTTP/1.1" 200 3121 "https://app.example.com/dashboard" "Mozilla/5.0 (Macintosh; Intel Mac OS X 10_15_7) AppleWebKit/605.1.15 (KHTML, like Gecko) Version/18.0 Safari/605.1.15"
203.0.113.10 - - [27/Feb/2026:09:59:57 -0800] "GET /status HTTP/1.1" 200 2790 "-" "Mozilla/5.0 (Macintosh; Intel Mac OS X 10_15_7) AppleWebKit/605.1.15 (KHTML, like Gecko) Version/18.0 Safari/605.1.15"
192.0.2.78 - - [27/Feb/2026:10:00:01 -0800] "GET /backup.zip HTTP/1.1" 403 196 "-" "Mozilla/5.0 (compatible; Nmap Scripting Engine; https://nmap.org/book/nse.html)"
198.51.100.111 - - [27/Feb/2026:10:00:28 -0800] "GET /wp-config.php HTTP/1.1" 403 182 "-" "Mozilla/5.0 (compatible; Nmap Scripting Engine; https://nmap.org/book/nse.html)"
203.0.113.55 - - [27/Feb/2026:10:00:59 -0800] "GET /about HTTP/1.1" 200 4280 "https://app.example.com/dashboard" "Mozilla/5.0 (Macintosh; Intel Mac OS X 10_15_7) AppleWebKit/605.1.15 (KHTML, like Gecko) Version/18.0 Safari/605.1.15"
198.18.0.22 - - [27/Feb/2026:10:01:35 -0800] "GET /dashboard HTTP/1.1" 200 3417 "-" "Mozilla/5.0 (Macintosh; Intel Mac OS X 10_15_7) AppleWebKit/605.1.15 (KHTML, like Gecko) Version/18.0 Safari/605.1.15"
192.0.2.17 - - [27/Feb/2026:10:01:42 -0800] "GET /images/logo.png HTTP/1.1" 204 1182 "-" "Mozilla/5.0 (Windows NT 10.0; Win64; x64; rv:136.0) Gecko/20100101 Firefox/136.0"
198.18.0.23 - - [27/Feb/2026:10:02:18 -0800] "GET /health HTTP/1.1" 200 1866 "https://app.example.com/home" "Mozilla/5.0 (Windows NT 10.0; Win64; x64; rv:136.0) Gecko/20100101 Firefox/136.0"
198.51.100.21 - - [27/Feb/2026:10:02:21 -0800] "GET /health HTTP/1.1" 200 1025 "https://app.example.com/login" "Mozilla/5.0 (Windows NT 10.0; Win64; x64) AppleWebKit/537.36 (KHTML, like Gecko) Chrome/145.0.0.0 Safari/537.36"
203.0.113.199 - - [27/Feb/2026:10:02:31 -0800] "GET /.env HTTP/1.1" 404 208 "-" "Mozilla/5.0 (compatible; Nmap Scripting Engine; https://nmap.org/book/nse.html)"
192.0.2.15 - - [27/Feb/2026:10:02:35 -0800] "GET /images/banner.jpg HTTP/1.1" 204 442 "https://app.example.com/home" "Mozilla/5.0 (Windows NT 10.0; Win64; x64; rv:136.0) Gecko/20100101 Firefox/136.0"
203.0.113.11 - - [27/Feb/2026:10:03:07 -0800] "GET /dashboard HTTP/1.1" 304 24 "-" "Mozilla/5.0 (Windows NT 10.0; Win64; x64; rv:136.0) Gecko/20100101 Firefox/136.0"
203.0.113.12 - - [27/Feb/2026:10:03:43 -0800] "GET /products HTTP/1.1" 200 4483 "https://intranet.example.local/" "Mozilla/5.0 (Windows NT 10.0; Win64; x64; rv:136.0) Gecko/20100101 Firefox/136.0"
203.0.113.57 - - [27/Feb/2026:10:03:43 -0800] "GET /status HTTP/1.1" 200 4248 "https://app.example.com/home" "Mozilla/5.0 (Windows NT 10.0; Win64; x64) AppleWebKit/537.36 (KHTML, like Gecko) Chrome/145.0.0.0 Safari/537.36"
198.51.100.21 - - [27/Feb/2026:10:03:47 -0800] "GET /css/app.css HTTP/1.1" 200 3438 "https://app.example.com/home" "Mozilla/5.0 (X11; Linux x86_64) AppleWebKit/537.36 (KHTML, like Gecko) Chrome/144.0.0.0 Safari/537.36"
203.0.113.57 - - [27/Feb/2026:10:04:04 -0800] "GET /images/logo.png HTTP/1.1" 200 1869 "https://intranet.example.local/" "Mozilla/5.0 (iPhone; CPU iPhone OS 18_2 like Mac OS X) AppleWebKit/605.1.15 (KHTML, like Gecko) Version/18.0 Mobile/15E148 Safari/604.1"
198.18.0.21 - - [27/Feb/2026:10:04:04 -0800] "GET /js/app.js HTTP/1.1" 304 3239 "https://app.example.com/login" "Mozilla/5.0 (Windows NT 10.0; Win64; x64; rv:136.0) Gecko/20100101 Firefox/136.0"
203.0.113.199 - - [27/Feb/2026:10:04:23 -0800] "GET /backup.zip HTTP/1.1" 404 135 "-" "Mozilla/5.0 (compatible; Nmap Scripting Engine; https://nmap.org/book/nse.html)"
203.0.113.12 - - [27/Feb/2026:10:04:33 -0800] "GET /css/app.css HTTP/1.1" 200 2266 "https://www.google.com/" "Mozilla/5.0 (X11; Linux x86_64) AppleWebKit/537.36 (KHTML, like Gecko) Chrome/144.0.0.0 Safari/537.36"
203.0.113.57 - - [27/Feb/2026:10:04:38 -0800] "GET /dashboard HTTP/1.1" 301 34 "-" "Mozilla/5.0 (Windows NT 10.0; Win64; x64) AppleWebKit/537.36 (KHTML, like Gecko) Chrome/145.0.0.0 Safari/537.36"
198.51.100.19 - - [27/Feb/2026:10:04:44 -0800] "GET /images/banner.jpg HTTP/1.1" 200 4037 "https://intranet.example.local/" "Mozilla/5.0 (Windows NT 10.0; Win64; x64) AppleWebKit/537.36 (KHTML, like Gecko) Chrome/145.0.0.0 Safari/537.36"
203.0.113.11 - - [27/Feb/2026:10:05:00 -0800] "GET /status HTTP/1.1" 200 1783 "https://app.example.com/home" "Mozilla/5.0 (Windows NT 10.0; Win64; x64) AppleWebKit/537.36 (KHTML, like Gecko) Chrome/145.0.0.0 Safari/537.36"
203.0.113.11 - - [27/Feb/2026:10:05:48 -0800] "GET /about HTTP/1.1" 304 642 "https://app.example.com/login" "Mozilla/5.0 (Windows NT 10.0; Win64; x64; rv:136.0) Gecko/20100101 Firefox/136.0"
192.0.2.17 - - [27/Feb/2026:10:05:53 -0800] "GET /images/logo.png HTTP/1.1" 200 2130 "https://app.example.com/login" "Mozilla/5.0 (iPhone; CPU iPhone OS 18_2 like Mac OS X) AppleWebKit/605.1.15 (KHTML, like Gecko) Version/18.0 Mobile/15E148 Safari/604.1"
203.0.113.12 - - [27/Feb/2026:10:05:57 -0800] "GET /status HTTP/1.1" 200 1334 "https://app.example.com/home" "Mozilla/5.0 (iPhone; CPU iPhone OS 18_2 like Mac OS X) AppleWebKit/605.1.15 (KHTML, like Gecko) Version/18.0 Mobile/15E148 Safari/604.1"
198.51.100.20 - - [27/Feb/2026:10:06:20 -0800] "POST /dashboard HTTP/1.1" 302 2322 "https://app.example.com/dashboard" "Mozilla/5.0 (Windows NT 10.0; Win64; x64) AppleWebKit/537.36 (KHTML, like Gecko) Chrome/145.0.0.0 Safari/537.36"
203.0.113.14 - - [27/Feb/2026:10:06:29 -0800] "GET / HTTP/1.1" 204 894 "https://app.example.com/home" "Mozilla/5.0 (iPhone; CPU iPhone OS 18_2 like Mac OS X) AppleWebKit/605.1.15 (KHTML, like Gecko) Version/18.0 Mobile/15E148 Safari/604.1"
198.51.100.111 - - [27/Feb/2026:10:06:53 -0800] "GET /admin/backup.sql HTTP/1.1" 404 170 "-" "Mozilla/5.0 (compatible; Nmap Scripting Engine; https://nmap.org/book/nse.html)"
203.0.113.57 - - [27/Feb/2026:10:07:01 -0800] "GET /images/logo.png HTTP/1.1" 204 793 "https://app.example.com/home" "Mozilla/5.0 (iPhone; CPU iPhone OS 18_2 like Mac OS X) AppleWebKit/605.1.15 (KHTML, like Gecko) Version/18.0 Mobile/15E148 Safari/604.1"
198.51.100.21 - - [27/Feb/2026:10:07:13 -0800] "POST /dashboard HTTP/1.1" 200 4944 "https://app.example.com/home" "Mozilla/5.0 (Windows NT 10.0; Win64; x64) AppleWebKit/537.36 (KHTML, like Gecko) Chrome/145.0.0.0 Safari/537.36"
203.0.113.11 - - [27/Feb/2026:10:07:20 -0800] "GET /dashboard HTTP/1.1" 201 3062 "https://intranet.example.local/" "Mozilla/5.0 (Windows NT 10.0; Win64; x64; rv:136.0) Gecko/20100101 Firefox/136.0"
192.0.2.16 - - [27/Feb/2026:10:07:51 -0800] "POST /dashboard HTTP/1.1" 200 4716 "https://app.example.com/" "Mozilla/5.0 (iPhone; CPU iPhone OS 18_2 like Mac OS X) AppleWebKit/605.1.15 (KHTML, like Gecko) Version/18.0 Mobile/15E148 Safari/604.1"
198.51.100.42 - - [27/Feb/2026:10:07:53 -0800] "GET /images/logo.png HTTP/1.1" 200 1770 "-" "Mozilla/5.0 (compatible; ThreatIntelFeed/1.0)"
192.0.2.78 - - [27/Feb/2026:10:07:59 -0800] "GET /admin/config HTTP/1.1" 404 390 "-" "Mozilla/5.0 (compatible; Nmap Scripting Engine; https://nmap.org/book/nse.html)"
203.0.113.12 - - [27/Feb/2026:10:08:18 -0800] "GET /images/banner.jpg HTTP/1.1" 201 2120 "-" "Mozilla/5.0 (Macintosh; Intel Mac OS X 10_15_7) AppleWebKit/605.1.15 (KHTML, like Gecko) Version/18.0 Safari/605.1.15"
198.51.100.111 - - [27/Feb/2026:10:08:45 -0800] "GET /wp-config.php HTTP/1.1" 403 290 "-" "Mozilla/5.0 (compatible; Nmap Scripting Engine; https://nmap.org/book/nse.html)"
198.51.100.21 - - [27/Feb/2026:10:08:55 -0800] "GET /products HTTP/1.1" 301 817 "https://intranet.example.local/" "Mozilla/5.0 (X11; Linux x86_64) AppleWebKit/537.36 (KHTML, like Gecko) Chrome/144.0.0.0 Safari/537.36"
203.0.113.57 - - [27/Feb/2026:10:09:01 -0800] "GET /images/banner.jpg HTTP/1.1" 200 3136 "https://www.google.com/" "Mozilla/5.0 (Windows NT 10.0; Win64; x64) AppleWebKit/537.36 (KHTML, like Gecko) Chrome/145.0.0.0 Safari/537.36"
203.0.113.57 - - [27/Feb/2026:10:09:24 -0800] "GET /health HTTP/1.1" 304 1056 "-" "Mozilla/5.0 (Macintosh; Intel Mac OS X 10_15_7) AppleWebKit/605.1.15 (KHTML, like Gecko) Version/18.0 Safari/605.1.15"
198.18.0.23 - - [27/Feb/2026:10:09:29 -0800] "GET /js/app.js HTTP/1.1" 200 3801 "-" "Mozilla/5.0 (Windows NT 10.0; Win64; x64) AppleWebKit/537.36 (KHTML, like Gecko) Chrome/145.0.0.0 Safari/537.36"
198.18.0.22 - - [27/Feb/2026:10:09:29 -0800] "GET /images/logo.png HTTP/1.1" 302 2023 "https://app.example.com/home" "Mozilla/5.0 (Macintosh; Intel Mac OS X 10_15_7) AppleWebKit/605.1.15 (KHTML, like Gecko) Version/18.0 Safari/605.1.15"
198.18.0.21 - - [27/Feb/2026:10:09:37 -0800] "POST /home HTTP/1.1" 200 3283 "https://www.google.com/" "Mozilla/5.0 (Windows NT 10.0; Win64; x64) AppleWebKit/537.36 (KHTML, like Gecko) Chrome/145.0.0.0 Safari/537.36"
198.18.0.23 - - [27/Feb/2026:10:09:38 -0800] "POST /dashboard HTTP/1.1" 200 3611 "https://app.example.com/login" "Mozilla/5.0 (Windows NT 10.0; Win64; x64) AppleWebKit/537.36 (KHTML, like Gecko) Chrome/145.0.0.0 Safari/537.36"
192.0.2.78 - - [27/Feb/2026:10:09:46 -0800] "GET /admin/config HTTP/1.1" 404 329 "-" "Mozilla/5.0 (compatible; Nmap Scripting Engine; https://nmap.org/book/nse.html)"
198.51.100.42 - - [27/Feb/2026:10:09:50 -0800] "GET /home HTTP/1.1" 200 1186 "-" "curl/8.7.1"
203.0.113.13 - - [27/Feb/2026:10:10:03 -0800] "POST /contact HTTP/1.1" 200 4210 "-" "Mozilla/5.0 (X11; Linux x86_64) AppleWebKit/537.36 (KHTML, like Gecko) Chrome/144.0.0.0 Safari/537.36"
198.51.100.42 - - [27/Feb/2026:10:10:08 -0800] "GET /dashboard HTTP/1.1" 200 514 "-" "curl/8.7.1"
192.0.2.16 - - [27/Feb/2026:10:10:14 -0800] "GET /health HTTP/1.1" 200 1153 "https://app.example.com/login" "Mozilla/5.0 (X11; Linux x86_64) AppleWebKit/537.36 (KHTML, like Gecko) Chrome/144.0.0.0 Safari/537.36"
192.0.2.79 - - [27/Feb/2026:10:10:15 -0800] "GET /backup.zip HTTP/1.1" 404 224 "-" "Mozilla/5.0 (compatible; Nmap Scripting Engine; https://nmap.org/book/nse.html)"
203.0.113.88 - - [27/Feb/2026:10:10:27 -0800] "GET /about HTTP/1.1" 200 1226 "-" "python-requests/2.32.3"
203.0.113.88 - - [27/Feb/2026:10:11:47 -0800] "GET /about HTTP/1.1" 200 3112 "-" "curl/8.7.1"
198.18.0.21 - - [27/Feb/2026:10:11:51 -0800] "GET / HTTP/1.1" 200 4623 "https://app.example.com/dashboard" "Mozilla/5.0 (Windows NT 10.0; Win64; x64) AppleWebKit/537.36 (KHTML, like Gecko) Chrome/145.0.0.0 Safari/537.36"
203.0.113.11 - - [27/Feb/2026:10:11:53 -0800] "GET /js/app.js HTTP/1.1" 301 1498 "https://app.example.com/login" "Mozilla/5.0 (Windows NT 10.0; Win64; x64; rv:136.0) Gecko/20100101 Firefox/136.0"
192.0.2.77 - - [27/Feb/2026:10:12:03 -0800] "GET /backup.zip HTTP/1.1" 404 194 "-" "Mozilla/5.0 (compatible; Nmap Scripting Engine; https://nmap.org/book/nse.html)"
192.0.2.17 - - [27/Feb/2026:10:12:14 -0800] "POST /dashboard HTTP/1.1" 200 845 "https://app.example.com/login" "Mozilla/5.0 (Windows NT 10.0; Win64; x64) AppleWebKit/537.36 (KHTML, like Gecko) Chrome/145.0.0.0 Safari/537.36"
203.0.113.12 - - [27/Feb/2026:10:12:18 -0800] "GET /dashboard HTTP/1.1" 200 1052 "https://app.example.com/" "Mozilla/5.0 (Windows NT 10.0; Win64; x64; rv:136.0) Gecko/20100101 Firefox/136.0"
198.51.100.111 - - [27/Feb/2026:10:12:19 -0800] "GET /backup.zip HTTP/1.1" 404 301 "-" "Mozilla/5.0 (compatible; Nmap Scripting Engine; https://nmap.org/book/nse.html)"
198.51.100.20 - - [27/Feb/2026:10:12:43 -0800] "GET / HTTP/1.1" 200 837 "https://www.google.com/" "Mozilla/5.0 (Windows NT 10.0; Win64; x64) AppleWebKit/537.36 (KHTML, like Gecko) Chrome/145.0.0.0 Safari/537.36"
192.0.2.15 - - [27/Feb/2026:10:13:05 -0800] "POST /contact HTTP/1.1" 200 1675 "https://intranet.example.local/" "Mozilla/5.0 (Windows NT 10.0; Win64; x64) AppleWebKit/537.36 (KHTML, like Gecko) Chrome/145.0.0.0 Safari/537.36"
203.0.113.57 - - [27/Feb/2026:10:13:06 -0800] "GET /health HTTP/1.1" 302 449 "https://app.example.com/login" "Mozilla/5.0 (X11; Linux x86_64) AppleWebKit/537.36 (KHTML, like Gecko) Chrome/144.0.0.0 Safari/537.36"
203.0.113.12 - - [27/Feb/2026:10:13:15 -0800] "GET /js/app.js HTTP/1.1" 201 4450 "-" "Mozilla/5.0 (Windows NT 10.0; Win64; x64) AppleWebKit/537.36 (KHTML, like Gecko) Chrome/145.0.0.0 Safari/537.36"
203.0.113.56 - - [27/Feb/2026:10:13:23 -0800] "GET /pricing HTTP/1.1" 200 4790 "https://intranet.example.local/" "Mozilla/5.0 (X11; Linux x86_64) AppleWebKit/537.36 (KHTML, like Gecko) Chrome/144.0.0.0 Safari/537.36"
198.18.0.22 - - [27/Feb/2026:10:13:28 -0800] "GET /products HTTP/1.1" 200 2234 "-" "Mozilla/5.0 (iPhone; CPU iPhone OS 18_2 like Mac OS X) AppleWebKit/605.1.15 (KHTML, like Gecko) Version/18.0 Mobile/15E148 Safari/604.1"
198.18.0.21 - - [27/Feb/2026:10:13:34 -0800] "GET / HTTP/1.1" 200 4205 "https://app.example.com/" "Mozilla/5.0 (Windows NT 10.0; Win64; x64) AppleWebKit/537.36 (KHTML, like Gecko) Chrome/145.0.0.0 Safari/537.36"
198.51.100.19 - - [27/Feb/2026:10:13:44 -0800] "POST /dashboard HTTP/1.1" 200 3088 "https://app.example.com/login" "Mozilla/5.0 (X11; Linux x86_64) AppleWebKit/537.36 (KHTML, like Gecko) Chrome/144.0.0.0 Safari/537.36"
198.18.0.23 - - [27/Feb/2026:10:13:45 -0800] "GET /search?q=agentic+soc HTTP/1.1" 200 2469 "https://app.example.com/login" "Mozilla/5.0 (Windows NT 10.0; Win64; x64) AppleWebKit/537.36 (KHTML, like Gecko) Chrome/145.0.0.0 Safari/537.36"
198.18.0.21 - - [27/Feb/2026:10:14:07 -0800] "GET /home HTTP/1.1" 200 637 "-" "Mozilla/5.0 (Windows NT 10.0; Win64; x64) AppleWebKit/537.36 (KHTML, like Gecko) Chrome/145.0.0.0 Safari/537.36"
192.0.2.16 - - [27/Feb/2026:10:14:27 -0800] "GET / HTTP/1.1" 200 3225 "-" "Mozilla/5.0 (Windows NT 10.0; Win64; x64; rv:136.0) Gecko/20100101 Firefox/136.0"
203.0.113.11 - - [27/Feb/2026:10:14:37 -0800] "GET /health HTTP/1.1" 200 1637 "https://intranet.example.local/" "Mozilla/5.0 (Macintosh; Intel Mac OS X 10_15_7) AppleWebKit/605.1.15 (KHTML, like Gecko) Version/18.0 Safari/605.1.15"
198.51.100.19 - - [27/Feb/2026:10:14:53 -0800] "GET /contact HTTP/1.1" 200 3181 "https://app.example.com/" "Mozilla/5.0 (Macintosh; Intel Mac OS X 10_15_7) AppleWebKit/605.1.15 (KHTML, like Gecko) Version/18.0 Safari/605.1.15"
198.51.100.19 - - [27/Feb/2026:10:14:55 -0800] "GET /dashboard HTTP/1.1" 200 4938 "-" "Mozilla/5.0 (X11; Linux x86_64) AppleWebKit/537.36 (KHTML, like Gecko) Chrome/144.0.0.0 Safari/537.36"
203.0.113.199 - - [27/Feb/2026:10:14:55 -0800] "GET /backup.zip HTTP/1.1" 403 310 "-" "Mozilla/5.0 (compatible; Nmap Scripting Engine; https://nmap.org/book/nse.html)"
198.51.100.42 - - [27/Feb/2026:10:15:02 -0800] "GET /docs HTTP/1.1" 200 3606 "-" "python-requests/2.32.3"
203.0.113.57 - - [27/Feb/2026:10:15:20 -0800] "GET /search?q=agentic+soc HTTP/1.1" 200 4231 "https://app.example.com/" "Mozilla/5.0 (iPhone; CPU iPhone OS 18_2 like Mac OS X) AppleWebKit/605.1.15 (KHTML, like Gecko) Version/18.0 Mobile/15E148 Safari/604.1"
192.0.2.17 - - [27/Feb/2026:10:15:27 -0800] "GET /products HTTP/1.1" 304 673 "https://app.example.com/login" "Mozilla/5.0 (iPhone; CPU iPhone OS 18_2 like Mac OS X) AppleWebKit/605.1.15 (KHTML, like Gecko) Version/18.0 Mobile/15E148 Safari/604.1"
198.18.0.21 - - [27/Feb/2026:10:15:29 -0800] "GET / HTTP/1.1" 200 2403 "https://app.example.com/" "Mozilla/5.0 (X11; Linux x86_64) AppleWebKit/537.36 (KHTML, like Gecko) Chrome/144.0.0.0 Safari/537.36"
192.0.2.16 - - [27/Feb/2026:10:16:01 -0800] "GET /css/app.css HTTP/1.1" 302 2594 "https://app.example.com/dashboard" "Mozilla/5.0 (Windows NT 10.0; Win64; x64; rv:136.0) Gecko/20100101 Firefox/136.0"
192.0.2.15 - - [27/Feb/2026:10:16:06 -0800] "GET /search?q=agentic+soc HTTP/1.1" 200 1269 "https://app.example.com/home" "Mozilla/5.0 (iPhone; CPU iPhone OS 18_2 like Mac OS X) AppleWebKit/605.1.15 (KHTML, like Gecko) Version/18.0 Mobile/15E148 Safari/604.1"
203.0.113.14 - - [27/Feb/2026:10:16:11 -0800] "GET /images/logo.png HTTP/1.1" 201 1818 "https://www.google.com/" "Mozilla/5.0 (X11; Linux x86_64) AppleWebKit/537.36 (KHTML, like Gecko) Chrome/144.0.0.0 Safari/537.36"
203.0.113.12 - - [27/Feb/2026:10:16:13 -0800] "GET /home HTTP/1.1" 304 1047 "https://app.example.com/home" "Mozilla/5.0 (X11; Linux x86_64) AppleWebKit/537.36 (KHTML, like Gecko) Chrome/144.0.0.0 Safari/537.36"
203.0.113.13 - - [27/Feb/2026:10:17:00 -0800] "GET /search?q=agentic+soc HTTP/1.1" 204 492 "https://www.google.com/" "Mozilla/5.0 (Macintosh; Intel Mac OS X 10_15_7) AppleWebKit/605.1.15 (KHTML, like Gecko) Version/18.0 Safari/605.1.15"
203.0.113.55 - - [27/Feb/2026:10:17:04 -0800] "GET /docs HTTP/1.1" 200 4097 "https://app.example.com/login" "Mozilla/5.0 (Windows NT 10.0; Win64; x64) AppleWebKit/537.36 (KHTML, like Gecko) Chrome/145.0.0.0 Safari/537.36"
203.0.113.11 - - [27/Feb/2026:10:17:10 -0800] "POST /home HTTP/1.1" 404 3417 "https://app.example.com/home" "Mozilla/5.0 (Windows NT 10.0; Win64; x64; rv:136.0) Gecko/20100101 Firefox/136.0"
192.0.2.17 - - [27/Feb/2026:10:17:12 -0800] "GET / HTTP/1.1" 200 932 "https://app.example.com/" "Mozilla/5.0 (X11; Linux x86_64) AppleWebKit/537.36 (KHTML, like Gecko) Chrome/144.0.0.0 Safari/537.36"
198.51.100.20 - - [27/Feb/2026:10:17:28 -0800] "POST /contact HTTP/1.1" 200 4656 "https://intranet.example.local/" "Mozilla/5.0 (Macintosh; Intel Mac OS X 10_15_7) AppleWebKit/605.1.15 (KHTML, like Gecko) Version/18.0 Safari/605.1.15"
192.0.2.16 - - [27/Feb/2026:10:17:36 -0800] "POST /home HTTP/1.1" 304 355 "https://www.google.com/" "Mozilla/5.0 (Windows NT 10.0; Win64; x64; rv:136.0) Gecko/20100101 Firefox/136.0"
198.51.100.21 - - [27/Feb/2026:10:17:40 -0800] "GET /home HTTP/1.1" 301 707 "https://www.google.com/" "Mozilla/5.0 (Windows NT 10.0; Win64; x64; rv:136.0) Gecko/20100101 Firefox/136.0"
203.0.113.13 - - [27/Feb/2026:10:17:46 -0800] "GET /favicon.ico HTTP/1.1" 200 2261 "https://intranet.example.local/" "Mozilla/5.0 (Macintosh; Intel Mac OS X 10_15_7) AppleWebKit/605.1.15 (KHTML, like Gecko) Version/18.0 Safari/605.1.15"
198.51.100.21 - - [27/Feb/2026:10:17:48 -0800] "GET /images/banner.jpg HTTP/1.1" 200 3971 "https://app.example.com/home" "Mozilla/5.0 (X11; Linux x86_64) AppleWebKit/537.36 (KHTML, like Gecko) Chrome/144.0.0.0 Safari/537.36"
203.0.113.55 - - [27/Feb/2026:10:18:05 -0800] "GET /dashboard HTTP/1.1" 200 1609 "https://www.google.com/" "Mozilla/5.0 (Macintosh; Intel Mac OS X 10_15_7) AppleWebKit/605.1.15 (KHTML, like Gecko) Version/18.0 Safari/605.1.15"
192.0.2.77 - - [27/Feb/2026:10:18:10 -0800] "GET /.git/config HTTP/1.1" 403 329 "-" "Mozilla/5.0 (compatible; Nmap Scripting Engine; https://nmap.org/book/nse.html)"
198.51.100.19 - - [27/Feb/2026:10:18:18 -0800] "GET /contact HTTP/1.1" 200 4578 "https://www.google.com/" "Mozilla/5.0 (Windows NT 10.0; Win64; x64; rv:136.0) Gecko/20100101 Firefox/136.0"
192.0.2.17 - - [27/Feb/2026:10:18:24 -0800] "POST /dashboard HTTP/1.1" 200 3135 "https://intranet.example.local/" "Mozilla/5.0 (iPhone; CPU iPhone OS 18_2 like Mac OS X) AppleWebKit/605.1.15 (KHTML, like Gecko) Version/18.0 Mobile/15E148 Safari/604.1"
192.0.2.77 - - [27/Feb/2026:10:18:29 -0800] "GET /.git/config HTTP/1.1" 404 256 "-" "Mozilla/5.0 (compatible; Nmap Scripting Engine; https://nmap.org/book/nse.html)"
203.0.113.12 - - [27/Feb/2026:10:18:33 -0800] "GET / HTTP/1.1" 304 123 "https://app.example.com/home" "Mozilla/5.0 (X11; Linux x86_64) AppleWebKit/537.36 (KHTML, like Gecko) Chrome/144.0.0.0 Safari/537.36"
192.0.2.15 - - [27/Feb/2026:10:18:47 -0800] "GET / HTTP/1.1" 200 2024 "https://intranet.example.local/" "Mozilla/5.0 (Macintosh; Intel Mac OS X 10_15_7) AppleWebKit/605.1.15 (KHTML, like Gecko) Version/18.0 Safari/605.1.15"
198.18.0.21 - - [27/Feb/2026:10:19:27 -0800] "GET /health HTTP/1.1" 200 1614 "https://app.example.com/" "Mozilla/5.0 (Windows NT 10.0; Win64; x64) AppleWebKit/537.36 (KHTML, like Gecko) Chrome/145.0.0.0 Safari/537.36"
198.51.100.21 - - [27/Feb/2026:10:19:35 -0800] "GET /docs HTTP/1.1" 304 986 "https://app.example.com/dashboard" "Mozilla/5.0 (Windows NT 10.0; Win64; x64) AppleWebKit/537.36 (KHTML, like Gecko) Chrome/145.0.0.0 Safari/537.36"
198.18.0.21 - - [27/Feb/2026:10:19:37 -0800] "GET /contact HTTP/1.1" 200 2375 "https://intranet.example.local/" "Mozilla/5.0 (Windows NT 10.0; Win64; x64; rv:136.0) Gecko/20100101 Firefox/136.0"
203.0.113.11 - - [27/Feb/2026:10:19:40 -0800] "GET /css/app.css HTTP/1.1" 404 2837 "https://intranet.example.local/" "Mozilla/5.0 (X11; Linux x86_64) AppleWebKit/537.36 (KHTML, like Gecko) Chrome/144.0.0.0 Safari/537.36"
198.51.100.19 - - [27/Feb/2026:10:20:02 -0800] "GET /status HTTP/1.1" 200 3409 "https://app.example.com/" "Mozilla/5.0 (iPhone; CPU iPhone OS 18_2 like Mac OS X) AppleWebKit/605.1.15 (KHTML, like Gecko) Version/18.0 Mobile/15E148 Safari/604.1"
203.0.113.14 - - [27/Feb/2026:10:20:16 -0800] "GET /images/logo.png HTTP/1.1" 301 2261 "https://app.example.com/" "Mozilla/5.0 (Macintosh; Intel Mac OS X 10_15_7) AppleWebKit/605.1.15 (KHTML, like Gecko) Version/18.0 Safari/605.1.15"
198.18.0.23 - - [27/Feb/2026:10:20:40 -0800] "GET /search?q=agentic+soc HTTP/1.1" 200 964 "https://app.example.com/login" "Mozilla/5.0 (Macintosh; Intel Mac OS X 10_15_7) AppleWebKit/605.1.15 (KHTML, like Gecko) Version/18.0 Safari/605.1.15"
203.0.113.55 - - [27/Feb/2026:10:20:41 -0800] "GET /health HTTP/1.1" 304 1192 "https://www.google.com/" "Mozilla/5.0 (iPhone; CPU iPhone OS 18_2 like Mac OS X) AppleWebKit/605.1.15 (KHTML, like Gecko) Version/18.0 Mobile/15E148 Safari/604.1"
198.51.100.19 - - [27/Feb/2026:10:20:44 -0800] "GET /about HTTP/1.1" 301 305 "https://app.example.com/home" "Mozilla/5.0 (Macintosh; Intel Mac OS X 10_15_7) AppleWebKit/605.1.15 (KHTML, like Gecko) Version/18.0 Safari/605.1.15"
203.0.113.11 - - [27/Feb/2026:10:20:51 -0800] "GET /health HTTP/1.1" 301 434 "https://www.google.com/" "Mozilla/5.0 (Windows NT 10.0; Win64; x64) AppleWebKit/537.36 (KHTML, like Gecko) Chrome/145.0.0.0 Safari/537.36"
198.18.0.21 - - [27/Feb/2026:10:21:11 -0800] "GET /contact HTTP/1.1" 200 1772 "https://intranet.example.local/" "Mozilla/5.0 (iPhone; CPU iPhone OS 18_2 like Mac OS X) AppleWebKit/605.1.15 (KHTML, like Gecko) Version/18.0 Mobile/15E148 Safari/604.1"
203.0.113.10 - - [27/Feb/2026:10:21:21 -0800] "POST /dashboard HTTP/1.1" 200 2219 "https://app.example.com/home" "Mozilla/5.0 (Macintosh; Intel Mac OS X 10_15_7) AppleWebKit/605.1.15 (KHTML, like Gecko) Version/18.0 Safari/605.1.15"
203.0.113.57 - - [27/Feb/2026:10:22:05 -0800] "POST /contact HTTP/1.1" 200 4390 "https://app.example.com/" "Mozilla/5.0 (Windows NT 10.0; Win64; x64; rv:136.0) Gecko/20100101 Firefox/136.0"
203.0.113.14 - - [27/Feb/2026:10:23:15 -0800] "GET /contact HTTP/1.1" 200 2180 "https://app.example.com/dashboard" "Mozilla/5.0 (Windows NT 10.0; Win64; x64; rv:136.0) Gecko/20100101 Firefox/136.0"
198.51.100.21 - - [27/Feb/2026:10:23:28 -0800] "POST /dashboard HTTP/1.1" 200 2016 "https://app.example.com/login" "Mozilla/5.0 (X11; Linux x86_64) AppleWebKit/537.36 (KHTML, like Gecko) Chrome/144.0.0.0 Safari/537.36"
203.0.113.10 - - [27/Feb/2026:10:23:31 -0800] "GET /pricing HTTP/1.1" 200 3829 "https://www.google.com/" "Mozilla/5.0 (X11; Linux x86_64) AppleWebKit/537.36 (KHTML, like Gecko) Chrome/144.0.0.0 Safari/537.36"
203.0.113.11 - - [27/Feb/2026:10:23:35 -0800] "GET / HTTP/1.1" 200 2834 "https://app.example.com/" "Mozilla/5.0 (iPhone; CPU iPhone OS 18_2 like Mac OS X) AppleWebKit/605.1.15 (KHTML, like Gecko) Version/18.0 Mobile/15E148 Safari/604.1"
198.51.100.42 - - [27/Feb/2026:10:23:55 -0800] "GET /home HTTP/1.1" 200 3988 "-" "Mozilla/5.0 (compatible; ThreatIntelFeed/1.0)"
203.0.113.12 - - [27/Feb/2026:10:24:15 -0800] "GET /home HTTP/1.1" 302 942 "-" "Mozilla/5.0 (iPhone; CPU iPhone OS 18_2 like Mac OS X) AppleWebKit/605.1.15 (KHTML, like Gecko) Version/18.0 Mobile/15E148 Safari/604.1"
198.18.0.23 - - [27/Feb/2026:10:24:32 -0800] "GET /css/app.css HTTP/1.1" 200 4320 "https://app.example.com/login" "Mozilla/5.0 (Windows NT 10.0; Win64; x64) AppleWebKit/537.36 (KHTML, like Gecko) Chrome/145.0.0.0 Safari/537.36"
203.0.113.10 - - [27/Feb/2026:10:24:48 -0800] "GET /images/banner.jpg HTTP/1.1" 200 4453 "-" "Mozilla/5.0 (Macintosh; Intel Mac OS X 10_15_7) AppleWebKit/605.1.15 (KHTML, like Gecko) Version/18.0 Safari/605.1.15"
203.0.113.14 - - [27/Feb/2026:10:25:07 -0800] "GET /products HTTP/1.1" 200 660 "https://app.example.com/" "Mozilla/5.0 (iPhone; CPU iPhone OS 18_2 like Mac OS X) AppleWebKit/605.1.15 (KHTML, like Gecko) Version/18.0 Mobile/15E148 Safari/604.1"
203.0.113.10 - - [27/Feb/2026:10:25:31 -0800] "GET /home HTTP/1.1" 200 1428 "https://intranet.example.local/" "Mozilla/5.0 (Macintosh; Intel Mac OS X 10_15_7) AppleWebKit/605.1.15 (KHTML, like Gecko) Version/18.0 Safari/605.1.15"
203.0.113.12 - - [27/Feb/2026:10:25:51 -0800] "GET /status HTTP/1.1" 200 3985 "https://app.example.com/login" "Mozilla/5.0 (Windows NT 10.0; Win64; x64) AppleWebKit/537.36 (KHTML, like Gecko) Chrome/145.0.0.0 Safari/537.36"
203.0.113.12 - - [27/Feb/2026:10:26:09 -0800] "POST /contact HTTP/1.1" 404 1153 "https://app.example.com/dashboard" "Mozilla/5.0 (Windows NT 10.0; Win64; x64) AppleWebKit/537.36 (KHTML, like Gecko) Chrome/145.0.0.0 Safari/537.36"
203.0.113.57 - - [27/Feb/2026:10:26:17 -0800] "POST /search?q=agentic+soc HTTP/1.1" 404 3669 "https://www.google.com/" "Mozilla/5.0 (Windows NT 10.0; Win64; x64; rv:136.0) Gecko/20100101 Firefox/136.0"
198.18.0.21 - - [27/Feb/2026:10:27:07 -0800] "GET /health HTTP/1.1" 200 2260 "https://app.example.com/" "Mozilla/5.0 (Macintosh; Intel Mac OS X 10_15_7) AppleWebKit/605.1.15 (KHTML, like Gecko) Version/18.0 Safari/605.1.15"
198.18.0.22 - - [27/Feb/2026:10:27:13 -0800] "GET /images/banner.jpg HTTP/1.1" 200 3407 "https://app.example.com/" "Mozilla/5.0 (Windows NT 10.0; Win64; x64; rv:136.0) Gecko/20100101 Firefox/136.0"
203.0.113.11 - - [27/Feb/2026:10:27:13 -0800] "GET /products HTTP/1.1" 200 4571 "https://app.example.com/login" "Mozilla/5.0 (Windows NT 10.0; Win64; x64) AppleWebKit/537.36 (KHTML, like Gecko) Chrome/145.0.0.0 Safari/537.36"
203.0.113.11 - - [27/Feb/2026:10:27:28 -0800] "GET /css/app.css HTTP/1.1" 200 1543 "https://app.example.com/" "Mozilla/5.0 (Windows NT 10.0; Win64; x64; rv:136.0) Gecko/20100101 Firefox/136.0"
198.51.100.20 - - [27/Feb/2026:10:27:36 -0800] "GET /about HTTP/1.1" 200 3498 "https://app.example.com/home" "Mozilla/5.0 (Windows NT 10.0; Win64; x64) AppleWebKit/537.36 (KHTML, like Gecko) Chrome/145.0.0.0 Safari/537.36"
198.18.0.22 - - [27/Feb/2026:10:27:42 -0800] "POST /contact HTTP/1.1" 200 3427 "https://app.example.com/home" "Mozilla/5.0 (Windows NT 10.0; Win64; x64) AppleWebKit/537.36 (KHTML, like Gecko) Chrome/145.0.0.0 Safari/537.36"
203.0.113.55 - - [27/Feb/2026:10:27:43 -0800] "GET /docs HTTP/1.1" 200 3278 "https://app.example.com/home" "Mozilla/5.0 (Windows NT 10.0; Win64; x64) AppleWebKit/537.36 (KHTML, like Gecko) Chrome/145.0.0.0 Safari/537.36"
198.18.0.23 - - [27/Feb/2026:10:27:45 -0800] "GET /contact HTTP/1.1" 200 1363 "https://app.example.com/dashboard" "Mozilla/5.0 (iPhone; CPU iPhone OS 18_2 like Mac OS X) AppleWebKit/605.1.15 (KHTML, like Gecko) Version/18.0 Mobile/15E148 Safari/604.1"
203.0.113.88 - - [27/Feb/2026:10:27:56 -0800] "GET /about HTTP/1.1" 200 4782 "-" "Mozilla/5.0 (compatible; ThreatIntelFeed/1.0)"
203.0.113.13 - - [27/Feb/2026:10:28:11 -0800] "GET /health HTTP/1.1" 200 2677 "https://app.example.com/home" "Mozilla/5.0 (Windows NT 10.0; Win64; x64) AppleWebKit/537.36 (KHTML, like Gecko) Chrome/145.0.0.0 Safari/537.36"
192.0.2.17 - - [27/Feb/2026:10:28:20 -0800] "GET /health HTTP/1.1" 302 517 "https://app.example.com/login" "Mozilla/5.0 (Windows NT 10.0; Win64; x64; rv:136.0) Gecko/20100101 Firefox/136.0"
203.0.113.56 - - [27/Feb/2026:10:28:45 -0800] "GET /health HTTP/1.1" 200 3108 "https://app.example.com/login" "Mozilla/5.0 (Windows NT 10.0; Win64; x64; rv:136.0) Gecko/20100101 Firefox/136.0"
203.0.113.12 - - [27/Feb/2026:10:29:27 -0800] "GET /products HTTP/1.1" 200 3751 "https://app.example.com/home" "Mozilla/5.0 (iPhone; CPU iPhone OS 18_2 like Mac OS X) AppleWebKit/605.1.15 (KHTML, like Gecko) Version/18.0 Mobile/15E148 Safari/604.1"
198.18.0.23 - - [27/Feb/2026:10:29:30 -0800] "GET / HTTP/1.1" 200 2927 "https://app.example.com/" "Mozilla/5.0 (X11; Linux x86_64) AppleWebKit/537.36 (KHTML, like Gecko) Chrome/144.0.0.0 Safari/537.36"
198.51.100.19 - - [27/Feb/2026:10:29:35 -0800] "POST /contact HTTP/1.1" 200 1528 "https://app.example.com/" "Mozilla/5.0 (Macintosh; Intel Mac OS X 10_15_7) AppleWebKit/605.1.15 (KHTML, like Gecko) Version/18.0 Safari/605.1.15"
203.0.113.14 - - [27/Feb/2026:10:29:45 -0800] "GET /js/app.js HTTP/1.1" 200 4396 "https://app.example.com/" "Mozilla/5.0 (Windows NT 10.0; Win64; x64) AppleWebKit/537.36 (KHTML, like Gecko) Chrome/145.0.0.0 Safari/537.36"
198.18.0.21 - - [27/Feb/2026:10:29:51 -0800] "GET /favicon.ico HTTP/1.1" 301 2412 "https://www.google.com/" "Mozilla/5.0 (X11; Linux x86_64) AppleWebKit/537.36 (KHTML, like Gecko) Chrome/144.0.0.0 Safari/537.36"
198.51.100.42 - - [27/Feb/2026:10:30:34 -0800] "GET /home HTTP/1.1" 200 2922 "-" "curl/8.7.1"
198.18.0.23 - - [27/Feb/2026:10:30:51 -0800] "GET / HTTP/1.1" 404 3134 "https://app.example.com/dashboard" "Mozilla/5.0 (Macintosh; Intel Mac OS X 10_15_7) AppleWebKit/605.1.15 (KHTML, like Gecko) Version/18.0 Safari/605.1.15"
198.18.0.23 - - [27/Feb/2026:10:31:33 -0800] "GET /home HTTP/1.1" 302 721 "-" "Mozilla/5.0 (Macintosh; Intel Mac OS X 10_15_7) AppleWebKit/605.1.15 (KHTML, like Gecko) Version/18.0 Safari/605.1.15"
203.0.113.13 - - [27/Feb/2026:10:31:43 -0800] "POST /home HTTP/1.1" 200 2434 "https://app.example.com/home" "Mozilla/5.0 (Windows NT 10.0; Win64; x64) AppleWebKit/537.36 (KHTML, like Gecko) Chrome/145.0.0.0 Safari/537.36"
192.0.2.15 - - [27/Feb/2026:10:32:05 -0800] "POST /home HTTP/1.1" 200 3249 "https://app.example.com/login" "Mozilla/5.0 (iPhone; CPU iPhone OS 18_2 like Mac OS X) AppleWebKit/605.1.15 (KHTML, like Gecko) Version/18.0 Mobile/15E148 Safari/604.1"
203.0.113.13 - - [27/Feb/2026:10:32:20 -0800] "GET /pricing HTTP/1.1" 200 2421 "https://app.example.com/" "Mozilla/5.0 (iPhone; CPU iPhone OS 18_2 like Mac OS X) AppleWebKit/605.1.15 (KHTML, like Gecko) Version/18.0 Mobile/15E148 Safari/604.1"
198.18.0.21 - - [27/Feb/2026:10:32:21 -0800] "GET /docs HTTP/1.1" 200 2398 "-" "Mozilla/5.0 (Windows NT 10.0; Win64; x64; rv:136.0) Gecko/20100101 Firefox/136.0"
203.0.113.88 - - [27/Feb/2026:10:32:23 -0800] "GET /images/logo.png HTTP/1.1" 200 1611 "-" "curl/8.7.1"
203.0.113.55 - - [27/Feb/2026:10:32:29 -0800] "GET /dashboard HTTP/1.1" 302 549 "https://www.google.com/" "Mozilla/5.0 (X11; Linux x86_64) AppleWebKit/537.36 (KHTML, like Gecko) Chrome/144.0.0.0 Safari/537.36"
203.0.113.14 - - [27/Feb/2026:10:33:01 -0800] "GET /contact HTTP/1.1" 200 2959 "https://www.google.com/" "Mozilla/5.0 (Macintosh; Intel Mac OS X 10_15_7) AppleWebKit/605.1.15 (KHTML, like Gecko) Version/18.0 Safari/605.1.15"
198.51.100.19 - - [27/Feb/2026:10:33:23 -0800] "GET /search?q=agentic+soc HTTP/1.1" 200 3395 "https://www.google.com/" "Mozilla/5.0 (Windows NT 10.0; Win64; x64; rv:136.0) Gecko/20100101 Firefox/136.0"
203.0.113.56 - - [27/Feb/2026:10:33:45 -0800] "POST /home HTTP/1.1" 304 2291 "https://app.example.com/" "Mozilla/5.0 (Windows NT 10.0; Win64; x64) AppleWebKit/537.36 (KHTML, like Gecko) Chrome/145.0.0.0 Safari/537.36"
198.18.0.21 - - [27/Feb/2026:10:33:45 -0800] "GET /status HTTP/1.1" 201 2564 "https://intranet.example.local/" "Mozilla/5.0 (Macintosh; Intel Mac OS X 10_15_7) AppleWebKit/605.1.15 (KHTML, like Gecko) Version/18.0 Safari/605.1.15"
203.0.113.13 - - [27/Feb/2026:10:34:01 -0800] "POST /home HTTP/1.1" 201 4230 "https://app.example.com/home" "Mozilla/5.0 (X11; Linux x86_64) AppleWebKit/537.36 (KHTML, like Gecko) Chrome/144.0.0.0 Safari/537.36"
198.18.0.22 - - [27/Feb/2026:10:34:16 -0800] "POST /contact HTTP/1.1" 301 916 "https://app.example.com/login" "Mozilla/5.0 (iPhone; CPU iPhone OS 18_2 like Mac OS X) AppleWebKit/605.1.15 (KHTML, like Gecko) Version/18.0 Mobile/15E148 Safari/604.1"
192.0.2.17 - - [27/Feb/2026:10:34:28 -0800] "GET /pricing HTTP/1.1" 200 2793 "https://app.example.com/" "Mozilla/5.0 (X11; Linux x86_64) AppleWebKit/537.36 (KHTML, like Gecko) Chrome/144.0.0.0 Safari/537.36"
203.0.113.14 - - [27/Feb/2026:10:35:29 -0800] "GET /favicon.ico HTTP/1.1" 301 1526 "-" "Mozilla/5.0 (Windows NT 10.0; Win64; x64) AppleWebKit/537.36 (KHTML, like Gecko) Chrome/145.0.0.0 Safari/537.36"
203.0.113.12 - - [27/Feb/2026:10:35:47 -0800] "GET /about HTTP/1.1" 404 2916 "https://www.google.com/" "Mozilla/5.0 (iPhone; CPU iPhone OS 18_2 like Mac OS X) AppleWebKit/605.1.15 (KHTML, like Gecko) Version/18.0 Mobile/15E148 Safari/604.1"
198.18.0.22 - - [27/Feb/2026:10:35:59 -0800] "GET /health HTTP/1.1" 200 4949 "-" "Mozilla/5.0 (X11; Linux x86_64) AppleWebKit/537.36 (KHTML, like Gecko) Chrome/144.0.0.0 Safari/537.36"
192.0.2.15 - - [27/Feb/2026:10:36:07 -0800] "GET /status HTTP/1.1" 304 1131 "-" "Mozilla/5.0 (Windows NT 10.0; Win64; x64) AppleWebKit/537.36 (KHTML, like Gecko) Chrome/145.0.0.0 Safari/537.36"
192.0.2.15 - - [27/Feb/2026:10:36:17 -0800] "GET / HTTP/1.1" 200 3002 "https://www.google.com/" "Mozilla/5.0 (X11; Linux x86_64) AppleWebKit/537.36 (KHTML, like Gecko) Chrome/144.0.0.0 Safari/537.36"
203.0.113.56 - - [27/Feb/2026:10:36:29 -0800] "GET /images/logo.png HTTP/1.1" 201 1890 "https://intranet.example.local/" "Mozilla/5.0 (Macintosh; Intel Mac OS X 10_15_7) AppleWebKit/605.1.15 (KHTML, like Gecko) Version/18.0 Safari/605.1.15"
198.51.100.20 - - [27/Feb/2026:10:36:32 -0800] "GET /health HTTP/1.1" 200 4887 "https://app.example.com/" "Mozilla/5.0 (iPhone; CPU iPhone OS 18_2 like Mac OS X) AppleWebKit/605.1.15 (KHTML, like Gecko) Version/18.0 Mobile/15E148 Safari/604.1"
192.0.2.200 - - [27/Feb/2026:10:37:12 -0800] "POST /login HTTP/1.1" 401 153 "https://app.example.com/login" "python-requests/2.32.3"
192.0.2.200 - - [27/Feb/2026:10:37:13 -0800] "POST /login HTTP/1.1" 401 173 "https://app.example.com/login" "python-requests/2.32.3"
192.0.2.200 - - [27/Feb/2026:10:37:14 -0800] "POST /api/auth HTTP/1.1" 401 312 "https://app.example.com/login" "python-requests/2.32.3"
192.0.2.200 - - [27/Feb/2026:10:37:15 -0800] "POST /login HTTP/1.1" 401 181 "https://app.example.com/login" "python-requests/2.32.3"
192.0.2.200 - - [27/Feb/2026:10:37:16 -0800] "POST /login HTTP/1.1" 401 273 "https://app.example.com/login" "python-requests/2.32.3"
192.0.2.200 - - [27/Feb/2026:10:37:17 -0800] "POST /login HTTP/1.1" 401 157 "https://app.example.com/login" "python-requests/2.32.3"
203.0.113.10 - - [27/Feb/2026:10:37:18 -0800] "GET /search?q=agentic+soc HTTP/1.1" 200 3174 "https://app.example.com/home" "Mozilla/5.0 (Macintosh; Intel Mac OS X 10_15_7) AppleWebKit/605.1.15 (KHTML, like Gecko) Version/18.0 Safari/605.1.15"
192.0.2.200 - - [27/Feb/2026:10:37:18 -0800] "POST /login HTTP/1.1" 401 206 "https://app.example.com/login" "python-requests/2.32.3"
192.0.2.200 - - [27/Feb/2026:10:37:19 -0800] "POST /login HTTP/1.1" 401 319 "https://app.example.com/login" "python-requests/2.32.3"
192.0.2.200 - - [27/Feb/2026:10:37:20 -0800] "POST /api/auth HTTP/1.1" 401 256 "https://app.example.com/login" "python-requests/2.32.3"
192.0.2.200 - - [27/Feb/2026:10:37:21 -0800] "POST /api/auth HTTP/1.1" 401 346 "https://app.example.com/login" "python-requests/2.32.3"
192.0.2.200 - - [27/Feb/2026:10:37:22 -0800] "POST /api/auth HTTP/1.1" 401 183 "https://app.example.com/login" "python-requests/2.32.3"
192.0.2.200 - - [27/Feb/2026:10:37:23 -0800] "POST /login HTTP/1.1" 401 191 "https://app.example.com/login" "python-requests/2.32.3"
192.0.2.200 - - [27/Feb/2026:10:37:24 -0800] "POST /login HTTP/1.1" 401 254 "https://app.example.com/login" "python-requests/2.32.3"
192.0.2.200 - - [27/Feb/2026:10:37:25 -0800] "POST /login HTTP/1.1" 401 183 "https://app.example.com/login" "python-requests/2.32.3"
192.0.2.200 - - [27/Feb/2026:10:37:26 -0800] "POST /login HTTP/1.1" 401 159 "https://app.example.com/login" "python-requests/2.32.3"
192.0.2.200 - - [27/Feb/2026:10:37:27 -0800] "POST /api/auth HTTP/1.1" 401 342 "https://app.example.com/login" "python-requests/2.32.3"
192.0.2.200 - - [27/Feb/2026:10:37:28 -0800] "POST /login HTTP/1.1" 401 172 "https://app.example.com/login" "python-requests/2.32.3"
192.0.2.200 - - [27/Feb/2026:10:37:29 -0800] "POST /api/auth HTTP/1.1" 401 251 "https://app.example.com/login" "python-requests/2.32.3"
192.0.2.200 - - [27/Feb/2026:10:37:30 -0800] "POST /login HTTP/1.1" 401 265 "https://app.example.com/login" "python-requests/2.32.3"
192.0.2.200 - - [27/Feb/2026:10:37:31 -0800] "POST /login HTTP/1.1" 401 248 "https://app.example.com/login" "python-requests/2.32.3"
192.0.2.200 - - [27/Feb/2026:10:37:32 -0800] "POST /login HTTP/1.1" 401 309 "https://app.example.com/login" "python-requests/2.32.3"
192.0.2.200 - - [27/Feb/2026:10:37:33 -0800] "POST /api/auth HTTP/1.1" 401 233 "https://app.example.com/login" "python-requests/2.32.3"
192.0.2.200 - - [27/Feb/2026:10:37:34 -0800] "POST /login HTTP/1.1" 401 157 "https://app.example.com/login" "python-requests/2.32.3"
192.0.2.200 - - [27/Feb/2026:10:37:35 -0800] "POST /login HTTP/1.1" 401 220 "https://app.example.com/login" "python-requests/2.32.3"
192.0.2.200 - - [27/Feb/2026:10:37:36 -0800] "POST /login HTTP/1.1" 401 158 "https://app.example.com/login" "python-requests/2.32.3"
192.0.2.200 - - [27/Feb/2026:10:37:37 -0800] "POST /login HTTP/1.1" 401 249 "https://app.example.com/login" "python-requests/2.32.3"
192.0.2.200 - - [27/Feb/2026:10:37:38 -0800] "POST /api/auth HTTP/1.1" 401 241 "https://app.example.com/login" "python-requests/2.32.3"
192.0.2.200 - - [27/Feb/2026:10:37:39 -0800] "POST /login HTTP/1.1" 401 175 "https://app.example.com/login" "python-requests/2.32.3"
192.0.2.200 - - [27/Feb/2026:10:37:40 -0800] "POST /api/auth HTTP/1.1" 401 344 "https://app.example.com/login" "python-requests/2.32.3"
192.0.2.200 - - [27/Feb/2026:10:37:41 -0800] "POST /api/auth HTTP/1.1" 401 261 "https://app.example.com/login" "python-requests/2.32.3"
192.0.2.200 - - [27/Feb/2026:10:37:42 -0800] "POST /login HTTP/1.1" 401 223 "https://app.example.com/login" "python-requests/2.32.3"
192.0.2.200 - - [27/Feb/2026:10:37:43 -0800] "POST /api/auth HTTP/1.1" 401 339 "https://app.example.com/login" "python-requests/2.32.3"
192.0.2.200 - - [27/Feb/2026:10:37:44 -0800] "POST /api/auth HTTP/1.1" 401 221 "https://app.example.com/login" "python-requests/2.32.3"
192.0.2.200 - - [27/Feb/2026:10:37:45 -0800] "POST /api/auth HTTP/1.1" 401 154 "https://app.example.com/login" "python-requests/2.32.3"
192.0.2.200 - - [27/Feb/2026:10:37:46 -0800] "POST /api/auth HTTP/1.1" 401 200 "https://app.example.com/login" "python-requests/2.32.3"
203.0.113.11 - - [27/Feb/2026:10:37:47 -0800] "GET /css/app.css HTTP/1.1" 200 2623 "-" "Mozilla/5.0 (Windows NT 10.0; Win64; x64; rv:136.0) Gecko/20100101 Firefox/136.0"
192.0.2.200 - - [27/Feb/2026:10:37:47 -0800] "POST /login HTTP/1.1" 401 168 "https://app.example.com/login" "python-requests/2.32.3"
192.0.2.200 - - [27/Feb/2026:10:37:48 -0800] "POST /api/auth HTTP/1.1" 401 322 "https://app.example.com/login" "python-requests/2.32.3"
192.0.2.200 - - [27/Feb/2026:10:37:49 -0800] "POST /api/auth HTTP/1.1" 401 311 "https://app.example.com/login" "python-requests/2.32.3"
192.0.2.200 - - [27/Feb/2026:10:37:50 -0800] "POST /api/auth HTTP/1.1" 401 306 "https://app.example.com/login" "python-requests/2.32.3"
192.0.2.200 - - [27/Feb/2026:10:37:51 -0800] "POST /login HTTP/1.1" 401 254 "https://app.example.com/login" "python-requests/2.32.3"
192.0.2.200 - - [27/Feb/2026:10:37:52 -0800] "POST /api/auth HTTP/1.1" 401 283 "https://app.example.com/login" "python-requests/2.32.3"
192.0.2.200 - - [27/Feb/2026:10:37:53 -0800] "POST /login HTTP/1.1" 401 260 "https://app.example.com/login" "python-requests/2.32.3"
192.0.2.200 - - [27/Feb/2026:10:37:54 -0800] "POST /login HTTP/1.1" 401 314 "https://app.example.com/login" "python-requests/2.32.3"
198.18.0.22 - - [27/Feb/2026:10:37:55 -0800] "GET /docs HTTP/1.1" 200 1992 "https://app.example.com/" "Mozilla/5.0 (Windows NT 10.0; Win64; x64; rv:136.0) Gecko/20100101 Firefox/136.0"
192.0.2.200 - - [27/Feb/2026:10:37:55 -0800] "POST /api/auth HTTP/1.1" 401 220 "https://app.example.com/login" "python-requests/2.32.3"
192.0.2.200 - - [27/Feb/2026:10:37:56 -0800] "POST /login HTTP/1.1" 401 188 "https://app.example.com/login" "python-requests/2.32.3"
192.0.2.200 - - [27/Feb/2026:10:37:57 -0800] "POST /login HTTP/1.1" 401 347 "https://app.example.com/login" "python-requests/2.32.3"
192.0.2.200 - - [27/Feb/2026:10:37:58 -0800] "POST /api/auth HTTP/1.1" 401 276 "https://app.example.com/login" "python-requests/2.32.3"
192.0.2.200 - - [27/Feb/2026:10:37:59 -0800] "POST /login HTTP/1.1" 401 264 "https://app.example.com/login" "python-requests/2.32.3"
192.0.2.200 - - [27/Feb/2026:10:38:00 -0800] "POST /login HTTP/1.1" 401 339 "https://app.example.com/login" "python-requests/2.32.3"
192.0.2.200 - - [27/Feb/2026:10:38:01 -0800] "POST /api/auth HTTP/1.1" 401 207 "https://app.example.com/login" "python-requests/2.32.3"
192.0.2.200 - - [27/Feb/2026:10:38:02 -0800] "POST /api/auth HTTP/1.1" 401 181 "https://app.example.com/login" "python-requests/2.32.3"
192.0.2.200 - - [27/Feb/2026:10:38:03 -0800] "POST /api/auth HTTP/1.1" 401 209 "https://app.example.com/login" "python-requests/2.32.3"
192.0.2.200 - - [27/Feb/2026:10:38:04 -0800] "POST /login HTTP/1.1" 401 295 "https://app.example.com/login" "python-requests/2.32.3"
192.0.2.200 - - [27/Feb/2026:10:38:05 -0800] "POST /login HTTP/1.1" 401 294 "https://app.example.com/login" "python-requests/2.32.3"
192.0.2.15 - - [27/Feb/2026:10:38:06 -0800] "GET / HTTP/1.1" 200 4013 "https://app.example.com/home" "Mozilla/5.0 (iPhone; CPU iPhone OS 18_2 like Mac OS X) AppleWebKit/605.1.15 (KHTML, like Gecko) Version/18.0 Mobile/15E148 Safari/604.1"
192.0.2.200 - - [27/Feb/2026:10:38:06 -0800] "POST /api/auth HTTP/1.1" 403 346 "https://app.example.com/login" "python-requests/2.32.3"
192.0.2.200 - - [27/Feb/2026:10:38:07 -0800] "POST /login HTTP/1.1" 429 270 "https://app.example.com/login" "python-requests/2.32.3"
192.0.2.200 - - [27/Feb/2026:10:38:08 -0800] "POST /api/auth HTTP/1.1" 403 268 "https://app.example.com/login" "python-requests/2.32.3"
192.0.2.200 - - [27/Feb/2026:10:38:09 -0800] "POST /api/auth HTTP/1.1" 403 196 "https://app.example.com/login" "python-requests/2.32.3"
192.0.2.200 - - [27/Feb/2026:10:38:10 -0800] "POST /api/auth HTTP/1.1" 401 301 "https://app.example.com/login" "python-requests/2.32.3"
192.0.2.200 - - [27/Feb/2026:10:38:11 -0800] "POST /api/auth HTTP/1.1" 401 191 "https://app.example.com/login" "python-requests/2.32.3"
192.0.2.15 - - [27/Feb/2026:10:38:24 -0800] "GET /search?q=agentic+soc HTTP/1.1" 204 1105 "https://app.example.com/dashboard" "Mozilla/5.0 (Macintosh; Intel Mac OS X 10_15_7) AppleWebKit/605.1.15 (KHTML, like Gecko) Version/18.0 Safari/605.1.15"
203.0.113.57 - - [27/Feb/2026:10:38:35 -0800] "GET /favicon.ico HTTP/1.1" 304 1414 "https://intranet.example.local/" "Mozilla/5.0 (Windows NT 10.0; Win64; x64; rv:136.0) Gecko/20100101 Firefox/136.0"
203.0.113.56 - - [27/Feb/2026:10:38:35 -0800] "GET /status HTTP/1.1" 404 3255 "https://www.google.com/" "Mozilla/5.0 (X11; Linux x86_64) AppleWebKit/537.36 (KHTML, like Gecko) Chrome/144.0.0.0 Safari/537.36"
198.51.100.19 - - [27/Feb/2026:10:39:05 -0800] "POST /home HTTP/1.1" 200 546 "https://www.google.com/" "Mozilla/5.0 (Macintosh; Intel Mac OS X 10_15_7) AppleWebKit/605.1.15 (KHTML, like Gecko) Version/18.0 Safari/605.1.15"
198.51.100.21 - - [27/Feb/2026:10:39:16 -0800] "GET /products HTTP/1.1" 200 669 "-" "Mozilla/5.0 (Macintosh; Intel Mac OS X 10_15_7) AppleWebKit/605.1.15 (KHTML, like Gecko) Version/18.0 Safari/605.1.15"
